Archive member included to satisfy reference by file (symbol)

/opt/st/stm32cubeide_1.18.1/plugins/com.st.stm32cube.ide.mcu.externaltools.gnu-tools-for-stm32.13.3.rel1.linux64_1.0.0.202410170706/tools/bin/../lib/gcc/arm-none-eabi/13.3.1/../../../../arm-none-eabi/lib/thumb/v8-m.main+fp/hard/libc_nano.a(libc_a-exit.o)
                              /opt/st/stm32cubeide_1.18.1/plugins/com.st.stm32cube.ide.mcu.externaltools.gnu-tools-for-stm32.13.3.rel1.linux64_1.0.0.202410170706/tools/bin/../lib/gcc/arm-none-eabi/13.3.1/../../../../arm-none-eabi/lib/thumb/v8-m.main+fp/hard/crt0.o (exit)
/opt/st/stm32cubeide_1.18.1/plugins/com.st.stm32cube.ide.mcu.externaltools.gnu-tools-for-stm32.13.3.rel1.linux64_1.0.0.202410170706/tools/bin/../lib/gcc/arm-none-eabi/13.3.1/../../../../arm-none-eabi/lib/thumb/v8-m.main+fp/hard/libc_nano.a(libc_a-findfp.o)
                              /opt/st/stm32cubeide_1.18.1/plugins/com.st.stm32cube.ide.mcu.externaltools.gnu-tools-for-stm32.13.3.rel1.linux64_1.0.0.202410170706/tools/bin/../lib/gcc/arm-none-eabi/13.3.1/../../../../arm-none-eabi/lib/thumb/v8-m.main+fp/hard/libc_nano.a(libc_a-exit.o) (__stdio_exit_handler)
/opt/st/stm32cubeide_1.18.1/plugins/com.st.stm32cube.ide.mcu.externaltools.gnu-tools-for-stm32.13.3.rel1.linux64_1.0.0.202410170706/tools/bin/../lib/gcc/arm-none-eabi/13.3.1/../../../../arm-none-eabi/lib/thumb/v8-m.main+fp/hard/libc_nano.a(libc_a-fwalk.o)
                              /opt/st/stm32cubeide_1.18.1/plugins/com.st.stm32cube.ide.mcu.externaltools.gnu-tools-for-stm32.13.3.rel1.linux64_1.0.0.202410170706/tools/bin/../lib/gcc/arm-none-eabi/13.3.1/../../../../arm-none-eabi/lib/thumb/v8-m.main+fp/hard/libc_nano.a(libc_a-findfp.o) (_fwalk_sglue)
/opt/st/stm32cubeide_1.18.1/plugins/com.st.stm32cube.ide.mcu.externaltools.gnu-tools-for-stm32.13.3.rel1.linux64_1.0.0.202410170706/tools/bin/../lib/gcc/arm-none-eabi/13.3.1/../../../../arm-none-eabi/lib/thumb/v8-m.main+fp/hard/libc_nano.a(libc_a-stdio.o)
                              /opt/st/stm32cubeide_1.18.1/plugins/com.st.stm32cube.ide.mcu.externaltools.gnu-tools-for-stm32.13.3.rel1.linux64_1.0.0.202410170706/tools/bin/../lib/gcc/arm-none-eabi/13.3.1/../../../../arm-none-eabi/lib/thumb/v8-m.main+fp/hard/libc_nano.a(libc_a-findfp.o) (__sread)
/opt/st/stm32cubeide_1.18.1/plugins/com.st.stm32cube.ide.mcu.externaltools.gnu-tools-for-stm32.13.3.rel1.linux64_1.0.0.202410170706/tools/bin/../lib/gcc/arm-none-eabi/13.3.1/../../../../arm-none-eabi/lib/thumb/v8-m.main+fp/hard/libc_nano.a(libc_a-memset.o)
                              /opt/st/stm32cubeide_1.18.1/plugins/com.st.stm32cube.ide.mcu.externaltools.gnu-tools-for-stm32.13.3.rel1.linux64_1.0.0.202410170706/tools/bin/../lib/gcc/arm-none-eabi/13.3.1/../../../../arm-none-eabi/lib/thumb/v8-m.main+fp/hard/crt0.o (memset)
/opt/st/stm32cubeide_1.18.1/plugins/com.st.stm32cube.ide.mcu.externaltools.gnu-tools-for-stm32.13.3.rel1.linux64_1.0.0.202410170706/tools/bin/../lib/gcc/arm-none-eabi/13.3.1/../../../../arm-none-eabi/lib/thumb/v8-m.main+fp/hard/libc_nano.a(libc_a-closer.o)
                              /opt/st/stm32cubeide_1.18.1/plugins/com.st.stm32cube.ide.mcu.externaltools.gnu-tools-for-stm32.13.3.rel1.linux64_1.0.0.202410170706/tools/bin/../lib/gcc/arm-none-eabi/13.3.1/../../../../arm-none-eabi/lib/thumb/v8-m.main+fp/hard/libc_nano.a(libc_a-stdio.o) (_close_r)
/opt/st/stm32cubeide_1.18.1/plugins/com.st.stm32cube.ide.mcu.externaltools.gnu-tools-for-stm32.13.3.rel1.linux64_1.0.0.202410170706/tools/bin/../lib/gcc/arm-none-eabi/13.3.1/../../../../arm-none-eabi/lib/thumb/v8-m.main+fp/hard/libc_nano.a(libc_a-reent.o)
                              /opt/st/stm32cubeide_1.18.1/plugins/com.st.stm32cube.ide.mcu.externaltools.gnu-tools-for-stm32.13.3.rel1.linux64_1.0.0.202410170706/tools/bin/../lib/gcc/arm-none-eabi/13.3.1/../../../../arm-none-eabi/lib/thumb/v8-m.main+fp/hard/libc_nano.a(libc_a-closer.o) (errno)
/opt/st/stm32cubeide_1.18.1/plugins/com.st.stm32cube.ide.mcu.externaltools.gnu-tools-for-stm32.13.3.rel1.linux64_1.0.0.202410170706/tools/bin/../lib/gcc/arm-none-eabi/13.3.1/../../../../arm-none-eabi/lib/thumb/v8-m.main+fp/hard/libc_nano.a(libc_a-impure.o)
                              /opt/st/stm32cubeide_1.18.1/plugins/com.st.stm32cube.ide.mcu.externaltools.gnu-tools-for-stm32.13.3.rel1.linux64_1.0.0.202410170706/tools/bin/../lib/gcc/arm-none-eabi/13.3.1/../../../../arm-none-eabi/lib/thumb/v8-m.main+fp/hard/libc_nano.a(libc_a-reent.o) (_impure_ptr)
/opt/st/stm32cubeide_1.18.1/plugins/com.st.stm32cube.ide.mcu.externaltools.gnu-tools-for-stm32.13.3.rel1.linux64_1.0.0.202410170706/tools/bin/../lib/gcc/arm-none-eabi/13.3.1/../../../../arm-none-eabi/lib/thumb/v8-m.main+fp/hard/libc_nano.a(libc_a-lseekr.o)
[...]
Memory Configuration

Name             Origin             Length             Attributes
RAM              0x20000000         0x000a0000         xrw
FLASH            0x08000000         0x00100000         xr
*default*        0x00000000         0xffffffff

Linker script and memory map

LOAD /opt/st/stm32cubeide_1.18.1/plugins/com.st.stm32cube.ide.mcu.externaltools.gnu-tools-for-stm32.13.3.rel1.linux64_1.0.0.202410170706/tools/bin/../lib/gcc/arm-none-eabi/13.3.1/thumb/v8-m.main+fp/hard/crti.o
LOAD /opt/st/stm32cubeide_1.18.1/plugins/com.st.stm32cube.ide.mcu.externaltools.gnu-tools-for-stm32.13.3.rel1.linux64_1.0.0.202410170706/tools/bin/../lib/gcc/arm-none-eabi/13.3.1/thumb/v8-m.main+fp/hard/crtbegin.o
LOAD /opt/st/stm32cubeide_1.18.1/plugins/com.st.stm32cube.ide.mcu.externaltools.gnu-tools-for-stm32.13.3.rel1.linux64_1.0.0.202410170706/tools/bin/../lib/gcc/arm-none-eabi/13.3.1/../../../../arm-none-eabi/lib/thumb/v8-m.main+fp/hard/crt0.o
LOAD ./Core/Src/adc.o
LOAD ./Core/Src/dac.o
LOAD ./Core/Src/fdcan.o
LOAD ./Core/Src/gpdma.o
LOAD ./Core/Src/gpio.o
LOAD ./Core/Src/icache.o
LOAD ./Core/Src/main.o
LOAD ./Core/Src/spi.o
LOAD ./Core/Src/stm32h5xx_hal_msp.o
LOAD ./Core/Src/stm32h5xx_it.o
LOAD ./Core/Src/syscalls.o
LOAD ./Core/Src/sysmem.o
LOAD ./Core/Src/system_stm32h5xx.o
LOAD ./Core/Src/tim.o
LOAD ./Core/Startup/startup_stm32h563zgtx.o
LOAD ./Drivers/STM32H5xx_HAL_Driver/Src/stm32h5xx_hal.o
LOAD ./Drivers/STM32H5xx_HAL_Driver/Src/stm32h5xx_hal_adc.o
LOAD ./Drivers/STM32H5xx_HAL_Driver/Src/stm32h5xx_hal_adc_ex.o
LOAD ./Drivers/STM32H5xx_HAL_Driver/Src/stm32h5xx_hal_cortex.o
LOAD ./Drivers/STM32H5xx_HAL_Driver/Src/stm32h5xx_hal_dac.o
LOAD ./Drivers/STM32H5xx_HAL_Driver/Src/stm32h5xx_hal_dac_ex.o
LOAD ./Drivers/STM32H5xx_HAL_Driver/Src/stm32h5xx_hal_dma.o
LOAD ./Drivers/STM32H5xx_HAL_Driver/Src/stm32h5xx_hal_dma_ex.o
LOAD ./Drivers/STM32H5xx_HAL_Driver/Src/stm32h5xx_hal_exti.o
LOAD ./Drivers/STM32H5xx_HAL_Driver/Src/stm32h5xx_hal_fdcan.o
LOAD ./Drivers/STM32H5xx_HAL_Driver/Src/stm32h5xx_hal_flash.o
LOAD ./Drivers/STM32H5xx_HAL_Driver/Src/stm32h5xx_hal_flash_ex.o
LOAD ./Drivers/STM32H5xx_HAL_Driver/Src/stm32h5xx_hal_gpio.o
LOAD ./Drivers/STM32H5xx_HAL_Driver/Src/stm32h5xx_hal_icache.o
LOAD ./Drivers/STM32H5xx_HAL_Driver/Src/stm32h5xx_hal_pwr.o
LOAD ./Drivers/STM32H5xx_HAL_Driver/Src/stm32h5xx_hal_pwr_ex.o
LOAD ./Drivers/STM32H5xx_HAL_Driver/Src/stm32h5xx_hal_rcc.o
LOAD ./Drivers/STM32H5xx_HAL_Driver/Src/stm32h5xx_hal_rcc_ex.o
LOAD ./Drivers/STM32H5xx_HAL_Driver/Src/stm32h5xx_hal_spi.o
LOAD ./Drivers/STM32H5xx_HAL_Driver/Src/stm32h5xx_hal_spi_ex.o
LOAD ./Drivers/STM32H5xx_HAL_Driver/Src/stm32h5xx_hal_tim.o
LOAD ./Drivers/STM32H5xx_HAL_Driver/Src/stm32h5xx_hal_tim_ex.o
START GROUP
LOAD /opt/st/stm32cubeide_1.18.1/plugins/com.st.stm32cube.ide.mcu.externaltools.gnu-tools-for-stm32.13.3.rel1.linux64_1.0.0.202410170706/tools/bin/../lib/gcc/arm-none-eabi/13.3.1/../../../../arm-none-eabi/lib/thumb/v8-m.main+fp/hard/libc_nano.a
LOAD /opt/st/stm32cubeide_1.18.1/plugins/com.st.stm32cube.ide.mcu.externaltools.gnu-tools-for-stm32.13.3.rel1.linux64_1.0.0.202410170706/tools/bin/../lib/gcc/arm-none-eabi/13.3.1/../../../../arm-none-eabi/lib/thumb/v8-m.main+fp/hard/libm.a
END GROUP
START GROUP
LOAD /opt/st/stm32cubeide_1.18.1/plugins/com.st.stm32cube.ide.mcu.externaltools.gnu-tools-for-stm32.13.3.rel1.linux64_1.0.0.202410170706/tools/bin/../lib/gcc/arm-none-eabi/13.3.1/thumb/v8-m.main+fp/hard/libgcc.a
LOAD /opt/st/stm32cubeide_1.18.1/plugins/com.st.stm32cube.ide.mcu.externaltools.gnu-tools-for-stm32.13.3.rel1.linux64_1.0.0.202410170706/tools/bin/../lib/gcc/arm-none-eabi/13.3.1/../../../../arm-none-eabi/lib/thumb/v8-m.main+fp/hard/libc_nano.a
END GROUP
START GROUP
LOAD /opt/st/stm32cubeide_1.18.1/plugins/com.st.stm32cube.ide.mcu.externaltools.gnu-tools-for-stm32.13.3.rel1.linux64_1.0.0.202410170706/tools/bin/../lib/gcc/arm-none-eabi/13.3.1/thumb/v8-m.main+fp/hard/libgcc.a
LOAD /opt/st/stm32cubeide_1.18.1/plugins/com.st.stm32cube.ide.mcu.externaltools.gnu-tools-for-stm32.13.3.rel1.linux64_1.0.0.202410170706/tools/bin/../lib/gcc/arm-none-eabi/13.3.1/../../../../arm-none-eabi/lib/thumb/v8-m.main+fp/hard/libc_nano.a
LOAD /opt/st/stm32cubeide_1.18.1/plugins/com.st.stm32cube.ide.mcu.externaltools.gnu-tools-for-stm32.13.3.rel1.linux64_1.0.0.202410170706/tools/bin/../lib/gcc/arm-none-eabi/13.3.1/../../../../arm-none-eabi/lib/thumb/v8-m.main+fp/hard/libnosys.a
END GROUP
START GROUP
LOAD /opt/st/stm32cubeide_1.18.1/plugins/com.st.stm32cube.ide.mcu.externaltools.gnu-tools-for-stm32.13.3.rel1.linux64_1.0.0.202410170706/tools/bin/../lib/gcc/arm-none-eabi/13.3.1/thumb/v8-m.main+fp/hard/libgcc.a
LOAD /opt/st/stm32cubeide_1.18.1/plugins/com.st.stm32cube.ide.mcu.externaltools.gnu-tools-for-stm32.13.3.rel1.linux64_1.0.0.202410170706/tools/bin/../lib/gcc/arm-none-eabi/13.3.1/../../../../arm-none-eabi/lib/thumb/v8-m.main+fp/hard/libc_nano.a
LOAD /opt/st/stm32cubeide_1.18.1/plugins/com.st.stm32cube.ide.mcu.externaltools.gnu-tools-for-stm32.13.3.rel1.linux64_1.0.0.202410170706/tools/bin/../lib/gcc/arm-none-eabi/13.3.1/../../../../arm-none-eabi/lib/thumb/v8-m.main+fp/hard/libnosys.a
END GROUP
LOAD /opt/st/stm32cubeide_1.18.1/plugins/com.st.stm32cube.ide.mcu.externaltools.gnu-tools-for-stm32.13.3.rel1.linux64_1.0.0.202410170706/tools/bin/../lib/gcc/arm-none-eabi/13.3.1/thumb/v8-m.main+fp/hard/crtend.o
LOAD /opt/st/stm32cubeide_1.18.1/plugins/com.st.stm32cube.ide.mcu.externaltools.gnu-tools-for-stm32.13.3.rel1.linux64_1.0.0.202410170706/tools/bin/../lib/gcc/arm-none-eabi/13.3.1/thumb/v8-m.main+fp/hard/crtn.o
                0x200a0000                        _estack = (ORIGIN (RAM) + LENGTH (RAM))
                0x00000200                        _Min_Heap_Size = 0x200
                0x00000400                        _Min_Stack_Size = 0x400

.isr_vector     0x08000000      0x24c
                0x08000000                        . = ALIGN (0x4)
 *(.isr_vector)
 .isr_vector    0x08000000      0x24c ./Core/Startup/startup_stm32h563zgtx.o
                0x08000000                g_pfnVectors
                0x0800024c                        . = ALIGN (0x4)

.text           0x0800024c     0xb0f8
                0x0800024c                        . = ALIGN (0x4)
 *(.text)
 .text          0x0800024c       0x40 /opt/st/stm32cubeide_1.18.1/plugins/com.st.stm32cube.ide.mcu.externaltools.gnu-tools-for-stm32.13.3.rel1.linux64_1.0.0.202410170706/tools/bin/../lib/gcc/arm-none-eabi/13.3.1/thumb/v8-m.main+fp/hard/crtbegin.o
 *(.text*)
 .text.MX_ADC1_Init
                0x0800028c      0x178 ./Core/Src/adc.o
                0x0800028c                MX_ADC1_Init
 .text.MX_ADC2_Init
                0x08000404      0x1b8 ./Core/Src/adc.o
                0x08000404                MX_ADC2_Init
 .text.HAL_ADC_MspInit
                0x080005bc      0x4d8 ./Core/Src/adc.o
                0x080005bc                HAL_ADC_MspInit
 .text.MX_DAC1_Init
                0x08000a94       0x84 ./Core/Src/dac.o
                0x08000a94                MX_DAC1_Init
 .text.HAL_DAC_MspInit
                0x08000b18       0x8c ./Core/Src/dac.o
                0x08000b18                HAL_DAC_MspInit
 .text.MX_FDCAN1_Init
                0x08000ba4       0x8c ./Core/Src/fdcan.o
                0x08000ba4                MX_FDCAN1_Init
 .text.HAL_FDCAN_MspInit
                0x08000c30      0x18c ./Core/Src/fdcan.o
                0x08000c30                HAL_FDCAN_MspInit
 .text.MX_GPDMA1_Init
                0x08000dbc       0x50 ./Core/Src/gpdma.o
                0x08000dbc                MX_GPDMA1_Init
 .text.MX_GPIO_Init
                0x08000e0c      0x284 ./Core/Src/gpio.o
                0x08000e0c                MX_GPIO_Init
 .text.MX_ICACHE_Init
                0x08001090       0x26 ./Core/Src/icache.o
                0x08001090                MX_ICACHE_Init
 .text.main     0x080010b6       0x5c ./Core/Src/main.o
                0x080010b6                main
 *fill*         0x08001112        0x2 
 .text.SystemClock_Config
                0x08001114      0x10c ./Core/Src/main.o
                0x08001114                SystemClock_Config
 .text.MPU_Config
                0x08001220       0x6c ./Core/Src/main.o
 .text.Error_Handler
                0x0800128c        0xc ./Core/Src/main.o
                0x0800128c                Error_Handler
 .text.MX_SPI2_Init
                0x08001298       0xb0 ./Core/Src/spi.o
                0x08001298                MX_SPI2_Init
 .text.MX_SPI4_Init
                0x08001348       0xac ./Core/Src/spi.o
                0x08001348                MX_SPI4_Init
 .text.HAL_SPI_MspInit
                0x080013f4      0x1f8 ./Core/Src/spi.o
                0x080013f4                HAL_SPI_MspInit
 .text.HAL_MspInit
                0x080015ec       0x30 ./Core/Src/stm32h5xx_hal_msp.o
                0x080015ec                HAL_MspInit
 .text.NMI_Handler
                0x0800161c        0x8 ./Core/Src/stm32h5xx_it.o
                0x0800161c                NMI_Handler
 .text.HardFault_Handler
                0x08001624        0x8 ./Core/Src/stm32h5xx_it.o
                0x08001624                HardFault_Handler
 .text.MemManage_Handler
                0x0800162c        0x8 ./Core/Src/stm32h5xx_it.o
                0x0800162c                MemManage_Handler
 .text.BusFault_Handler
                0x08001634        0x8 ./Core/Src/stm32h5xx_it.o
                0x08001634                BusFault_Handler
 .text.UsageFault_Handler
                0x0800163c        0x8 ./Core/Src/stm32h5xx_it.o
                0x0800163c                UsageFault_Handler
 .text.SVC_Handler
                0x08001644        0xe ./Core/Src/stm32h5xx_it.o
                0x08001644                SVC_Handler
 .text.DebugMon_Handler
                0x08001652        0xe ./Core/Src/stm32h5xx_it.o
                0x08001652                DebugMon_Handler
 .text.PendSV_Handler
                0x08001660        0xe ./Core/Src/stm32h5xx_it.o
                0x08001660                PendSV_Handler
 .text.SysTick_Handler
                0x0800166e        0xc ./Core/Src/stm32h5xx_it.o
                0x0800166e                SysTick_Handler
 *fill*         0x0800167a        0x2 
 .text.GPDMA1_Channel0_IRQHandler
                0x0800167c       0x14 ./Core/Src/stm32h5xx_it.o
                0x0800167c                GPDMA1_Channel0_IRQHandler
 .text.GPDMA1_Channel1_IRQHandler
                0x08001690       0x14 ./Core/Src/stm32h5xx_it.o
                0x08001690                GPDMA1_Channel1_IRQHandler
 .text.FDCAN1_IT0_IRQHandler
                0x080016a4       0x14 ./Core/Src/stm32h5xx_it.o
                0x080016a4                FDCAN1_IT0_IRQHandler
 .text.TIM1_UP_IRQHandler
                0x080016b8       0x14 ./Core/Src/stm32h5xx_it.o
                0x080016b8                TIM1_UP_IRQHandler
 .text.TIM17_IRQHandler
                0x080016cc       0x14 ./Core/Src/stm32h5xx_it.o
                0x080016cc                TIM17_IRQHandler
 .text.SystemInit
                0x080016e0       0xf8 ./Core/Src/system_stm32h5xx.o
                0x080016e0                SystemInit
 .text.MX_TIM1_Init
                0x080017d8      0x1a4 ./Core/Src/tim.o
                0x080017d8                MX_TIM1_Init
 .text.MX_TIM3_Init
                0x0800197c      0x130 ./Core/Src/tim.o
                0x0800197c                MX_TIM3_Init
 .text.MX_TIM4_Init
                0x08001aac      0x12c ./Core/Src/tim.o
                0x08001aac                MX_TIM4_Init
 .text.MX_TIM8_Init
                0x08001bd8      0x1d0 ./Core/Src/tim.o
                0x08001bd8                MX_TIM8_Init
 .text.MX_TIM13_Init
                0x08001da8       0x48 ./Core/Src/tim.o
                0x08001da8                MX_TIM13_Init
 .text.MX_TIM14_Init
                0x08001df0       0x48 ./Core/Src/tim.o
                0x08001df0                MX_TIM14_Init
 .text.MX_TIM15_Init
                0x08001e38       0xb0 ./Core/Src/tim.o
                0x08001e38                MX_TIM15_Init
 .text.MX_TIM16_Init
                0x08001ee8       0xf4 ./Core/Src/tim.o
                0x08001ee8                MX_TIM16_Init
 .text.MX_TIM17_Init
                0x08001fdc       0x4c ./Core/Src/tim.o
                0x08001fdc                MX_TIM17_Init
 .text.HAL_TIM_Base_MspInit
                0x08002028      0x1a4 ./Core/Src/tim.o
                0x08002028                HAL_TIM_Base_MspInit
 .text.HAL_TIM_IC_MspInit
                0x080021cc       0x94 ./Core/Src/tim.o
                0x080021cc                HAL_TIM_IC_MspInit
 .text.HAL_TIM_MspPostInit
                0x08002260      0x1c0 ./Core/Src/tim.o
                0x08002260                HAL_TIM_MspPostInit
 .text.Reset_Handler
                0x08002420       0x50 ./Core/Startup/startup_stm32h563zgtx.o
                0x08002420                Reset_Handler
 .text.Default_Handler
                0x08002470        0x2 ./Core/Startup/startup_stm32h563zgtx.o
                0x08002470                EXTI2_IRQHandler
                0x08002470                TIM8_TRG_COM_IRQHandler
                0x08002470                TIM8_CC_IRQHandler
                0x08002470                EXTI5_IRQHandler
                0x08002470                I3C1_ER_IRQHandler
                0x08002470                UART8_IRQHandler
                0x08002470                SPI4_IRQHandler
                0x08002470                GPDMA2_Channel1_IRQHandler
                0x08002470                FLASH_S_IRQHandler
                0x08002470                EXTI13_IRQHandler
                0x08002470                TIM1_CC_IRQHandler
                0x08002470                GPDMA2_Channel3_IRQHandler
                0x08002470                TAMP_IRQHandler
                0x08002470                TIM6_IRQHandler
                0x08002470                EXTI12_IRQHandler
                0x08002470                CORDIC_IRQHandler
                0x08002470                USB_DRD_FS_IRQHandler
                0x08002470                EXTI3_IRQHandler
                0x08002470                LPTIM4_IRQHandler
                0x08002470                GPDMA1_Channel5_IRQHandler
                0x08002470                EXTI8_IRQHandler
                0x08002470                GPDMA2_Channel5_IRQHandler
                0x08002470                LPTIM2_IRQHandler
                0x08002470                I2C3_ER_IRQHandler
                0x08002470                GPDMA2_Channel2_IRQHandler
                0x08002470                USART10_IRQHandler
                0x08002470                LPTIM3_IRQHandler
                0x08002470                EXTI0_IRQHandler
                0x08002470                I2C2_EV_IRQHandler
                0x08002470                FPU_IRQHandler
                0x08002470                GPDMA1_Channel3_IRQHandler
                0x08002470                GPDMA1_Channel7_IRQHandler
                0x08002470                FDCAN1_IT1_IRQHandler
                0x08002470                RAMCFG_IRQHandler
                0x08002470                DCACHE1_IRQHandler
                0x08002470                SPI1_IRQHandler
                0x08002470                OCTOSPI1_IRQHandler
                0x08002470                GPDMA1_Channel2_IRQHandler
                0x08002470                TIM8_UP_IRQHandler
                0x08002470                RCC_S_IRQHandler
                0x08002470                SAI2_IRQHandler
                0x08002470                ADC1_IRQHandler
                0x08002470                USART6_IRQHandler
                0x08002470                EXTI15_IRQHandler
                0x08002470                USART3_IRQHandler
                0x08002470                RTC_IRQHandler
                0x08002470                EXTI9_IRQHandler
                0x08002470                LPTIM5_IRQHandler
                0x08002470                UART5_IRQHandler
                0x08002470                TIM4_IRQHandler
                0x08002470                I2C1_EV_IRQHandler
                0x08002470                TIM16_IRQHandler
                0x08002470                UART4_IRQHandler
                0x08002470                SecureFault_Handler
                0x08002470                TIM3_IRQHandler
                0x08002470                RCC_IRQHandler
                0x08002470                UART9_IRQHandler
                0x08002470                TIM1_TRG_COM_IRQHandler
                0x08002470                Default_Handler
                0x08002470                FMAC_IRQHandler
                0x08002470                CEC_IRQHandler
                0x08002470                USART11_IRQHandler
                0x08002470                TIM14_IRQHandler
                0x08002470                TIM13_IRQHandler
                0x08002470                GPDMA2_Channel4_IRQHandler
                0x08002470                SPI5_IRQHandler
                0x08002470                TIM12_IRQHandler
                0x08002470                TIM7_IRQHandler
                0x08002470                SDMMC1_IRQHandler
                0x08002470                TIM5_IRQHandler
                0x08002470                UCPD1_IRQHandler
                0x08002470                I3C1_EV_IRQHandler
                0x08002470                TIM15_IRQHandler
                0x08002470                PVD_AVD_IRQHandler
                0x08002470                I2C3_EV_IRQHandler
                0x08002470                ETH_WKUP_IRQHandler
                0x08002470                ADC2_IRQHandler
                0x08002470                SPI2_IRQHandler
                0x08002470                EXTI14_IRQHandler
                0x08002470                EXTI11_IRQHandler
                0x08002470                CRS_IRQHandler
                0x08002470                EXTI4_IRQHandler
                0x08002470                GPDMA2_Channel0_IRQHandler
                0x08002470                RTC_S_IRQHandler
                0x08002470                RNG_IRQHandler
                0x08002470                FDCAN2_IT1_IRQHandler
                0x08002470                ETH_IRQHandler
                0x08002470                GPDMA2_Channel6_IRQHandler
                0x08002470                UART12_IRQHandler
                0x08002470                WWDG_IRQHandler
                0x08002470                SPI6_IRQHandler
                0x08002470                I2C4_EV_IRQHandler
                0x08002470                FDCAN2_IT0_IRQHandler
                0x08002470                IWDG_IRQHandler
                0x08002470                LPUART1_IRQHandler
                0x08002470                TIM2_IRQHandler
                0x08002470                GPDMA1_Channel4_IRQHandler
                0x08002470                EXTI7_IRQHandler
                0x08002470                TIM1_BRK_IRQHandler
                0x08002470                EXTI1_IRQHandler
                0x08002470                SDMMC2_IRQHandler
                0x08002470                LPTIM6_IRQHandler
                0x08002470                DAC1_IRQHandler
                0x08002470                DTS_IRQHandler
                0x08002470                UART7_IRQHandler
                0x08002470                GTZC_IRQHandler
                0x08002470                USART2_IRQHandler
                0x08002470                GPDMA1_Channel6_IRQHandler
                0x08002470                GPDMA2_Channel7_IRQHandler
                0x08002470                I2C2_ER_IRQHandler
                0x08002470                TIM8_BRK_IRQHandler
                0x08002470                FLASH_IRQHandler
                0x08002470                USART1_IRQHandler
                0x08002470                EXTI10_IRQHandler
                0x08002470                SPI3_IRQHandler
                0x08002470                I2C1_ER_IRQHandler
                0x08002470                FMC_IRQHandler
                0x08002470                EXTI6_IRQHandler
                0x08002470                LPTIM1_IRQHandler
                0x08002470                DCMI_PSSI_IRQHandler
                0x08002470                I2C4_ER_IRQHandler
                0x08002470                ICACHE_IRQHandler
                0x08002470                SAI1_IRQHandler
                0x08002470                HASH_IRQHandler
 *fill*         0x08002472        0x2 
 .text.HAL_Init
                0x08002474       0x50 ./Drivers/STM32H5xx_HAL_Driver/Src/stm32h5xx_hal.o
                0x08002474                HAL_Init
 .text.HAL_InitTick
                0x080024c4       0xec ./Drivers/STM32H5xx_HAL_Driver/Src/stm32h5xx_hal.o
                0x080024c4                HAL_InitTick
 .text.HAL_IncTick
                0x080025b0       0x28 ./Drivers/STM32H5xx_HAL_Driver/Src/stm32h5xx_hal.o
                0x080025b0                HAL_IncTick
 .text.HAL_GetTick
                0x080025d8       0x18 ./Drivers/STM32H5xx_HAL_Driver/Src/stm32h5xx_hal.o
                0x080025d8                HAL_GetTick
 .text.LL_ADC_SetCommonClock
                0x080025f0       0x26 ./Drivers/STM32H5xx_HAL_Driver/Src/stm32h5xx_hal_adc.o
 .text.LL_ADC_SetCommonPathInternalCh
                0x08002616       0x26 ./Drivers/STM32H5xx_HAL_Driver/Src/stm32h5xx_hal_adc.o
 .text.LL_ADC_GetCommonPathInternalCh
                0x0800263c       0x1c ./Drivers/STM32H5xx_HAL_Driver/Src/stm32h5xx_hal_adc.o
 .text.LL_ADC_EnableChannelVDDcore
                0x08002658       0x24 ./Drivers/STM32H5xx_HAL_Driver/Src/stm32h5xx_hal_adc.o
 .text.LL_ADC_EnableChannel0_GPIO
                0x0800267c       0x28 ./Drivers/STM32H5xx_HAL_Driver/Src/stm32h5xx_hal_adc.o
 .text.LL_ADC_SetOffset
                0x080026a4       0x48 ./Drivers/STM32H5xx_HAL_Driver/Src/stm32h5xx_hal_adc.o
 .text.LL_ADC_GetOffsetChannel
                0x080026ec       0x2c ./Drivers/STM32H5xx_HAL_Driver/Src/stm32h5xx_hal_adc.o
 .text.LL_ADC_SetOffsetState
                0x08002718       0x36 ./Drivers/STM32H5xx_HAL_Driver/Src/stm32h5xx_hal_adc.o
 .text.LL_ADC_SetOffsetSign
                0x0800274e       0x36 ./Drivers/STM32H5xx_HAL_Driver/Src/stm32h5xx_hal_adc.o
 .text.LL_ADC_SetOffsetSaturation
                0x08002784       0x36 ./Drivers/STM32H5xx_HAL_Driver/Src/stm32h5xx_hal_adc.o
 .text.LL_ADC_SetSamplingTimeCommonConfig
                0x080027ba       0x26 ./Drivers/STM32H5xx_HAL_Driver/Src/stm32h5xx_hal_adc.o
 .text.LL_ADC_REG_SetSequencerRanks
                0x080027e0       0x58 ./Drivers/STM32H5xx_HAL_Driver/Src/stm32h5xx_hal_adc.o
 .text.LL_ADC_SetChannelSamplingTime
                0x08002838       0x56 ./Drivers/STM32H5xx_HAL_Driver/Src/stm32h5xx_hal_adc.o
 *fill*         0x0800288e        0x2 
 .text.LL_ADC_SetChannelSingleDiff
                0x08002890       0x48 ./Drivers/STM32H5xx_HAL_Driver/Src/stm32h5xx_hal_adc.o
 .text.LL_ADC_DisableDeepPowerDown
                0x080028d8       0x24 ./Drivers/STM32H5xx_HAL_Driver/Src/stm32h5xx_hal_adc.o
 .text.LL_ADC_IsDeepPowerDownEnabled
                0x080028fc       0x28 ./Drivers/STM32H5xx_HAL_Driver/Src/stm32h5xx_hal_adc.o
 .text.LL_ADC_EnableInternalRegulator
                0x08002924       0x28 ./Drivers/STM32H5xx_HAL_Driver/Src/stm32h5xx_hal_adc.o
 .text.LL_ADC_IsInternalRegulatorEnabled
                0x0800294c       0x28 ./Drivers/STM32H5xx_HAL_Driver/Src/stm32h5xx_hal_adc.o
 .text.LL_ADC_IsEnabled
                0x08002974       0x26 ./Drivers/STM32H5xx_HAL_Driver/Src/stm32h5xx_hal_adc.o
 .text.LL_ADC_REG_IsConversionOngoing
                0x0800299a       0x26 ./Drivers/STM32H5xx_HAL_Driver/Src/stm32h5xx_hal_adc.o
 .text.LL_ADC_INJ_IsConversionOngoing
                0x080029c0       0x26 ./Drivers/STM32H5xx_HAL_Driver/Src/stm32h5xx_hal_adc.o
 *fill*         0x080029e6        0x2 
 .text.HAL_ADC_Init
                0x080029e8      0x2a8 ./Drivers/STM32H5xx_HAL_Driver/Src/stm32h5xx_hal_adc.o
                0x080029e8                HAL_ADC_Init
 .text.HAL_ADC_ConfigChannel
                0x08002c90      0x820 ./Drivers/STM32H5xx_HAL_Driver/Src/stm32h5xx_hal_adc.o
                0x08002c90                HAL_ADC_ConfigChannel
 .text.__NVIC_SetPriorityGrouping
                0x080034b0       0x48 ./Drivers/STM32H5xx_HAL_Driver/Src/stm32h5xx_hal_cortex.o
 .text.__NVIC_GetPriorityGrouping
                0x080034f8       0x1c ./Drivers/STM32H5xx_HAL_Driver/Src/stm32h5xx_hal_cortex.o
 .text.__NVIC_EnableIRQ
                0x08003514       0x3c ./Drivers/STM32H5xx_HAL_Driver/Src/stm32h5xx_hal_cortex.o
 .text.__NVIC_SetPriority
                0x08003550       0x54 ./Drivers/STM32H5xx_HAL_Driver/Src/stm32h5xx_hal_cortex.o
 .text.NVIC_EncodePriority
                0x080035a4       0x66 ./Drivers/STM32H5xx_HAL_Driver/Src/stm32h5xx_hal_cortex.o
 .text.HAL_NVIC_SetPriorityGrouping
                0x0800360a       0x16 ./Drivers/STM32H5xx_HAL_Driver/Src/stm32h5xx_hal_cortex.o
                0x0800360a                HAL_NVIC_SetPriorityGrouping
 .text.HAL_NVIC_SetPriority
                0x08003620       0x34 ./Drivers/STM32H5xx_HAL_Driver/Src/stm32h5xx_hal_cortex.o
                0x08003620                HAL_NVIC_SetPriority
 .text.HAL_NVIC_EnableIRQ
                0x08003654       0x1c ./Drivers/STM32H5xx_HAL_Driver/Src/stm32h5xx_hal_cortex.o
                0x08003654                HAL_NVIC_EnableIRQ
 .text.HAL_SYSTICK_Config
                0x08003670       0x44 ./Drivers/STM32H5xx_HAL_Driver/Src/stm32h5xx_hal_cortex.o
                0x08003670                HAL_SYSTICK_Config
 .text.HAL_SYSTICK_CLKSourceConfig
                0x080036b4       0xb0 ./Drivers/STM32H5xx_HAL_Driver/Src/stm32h5xx_hal_cortex.o
                0x080036b4                HAL_SYSTICK_CLKSourceConfig
 .text.HAL_SYSTICK_GetCLKSourceConfig
                0x08003764       0x6c ./Drivers/STM32H5xx_HAL_Driver/Src/stm32h5xx_hal_cortex.o
                0x08003764                HAL_SYSTICK_GetCLKSourceConfig
 .text.HAL_MPU_Enable
                0x080037d0       0x44 ./Drivers/STM32H5xx_HAL_Driver/Src/stm32h5xx_hal_cortex.o
                0x080037d0                HAL_MPU_Enable
 .text.HAL_MPU_Disable
                0x08003814       0x40 ./Drivers/STM32H5xx_HAL_Driver/Src/stm32h5xx_hal_cortex.o
                0x08003814                HAL_MPU_Disable
 .text.HAL_MPU_ConfigRegion
                0x08003854       0x1c ./Drivers/STM32H5xx_HAL_Driver/Src/stm32h5xx_hal_cortex.o
                0x08003854                HAL_MPU_ConfigRegion
 .text.HAL_MPU_ConfigMemoryAttributes
                0x08003870       0x1c ./Drivers/STM32H5xx_HAL_Driver/Src/stm32h5xx_hal_cortex.o
                0x08003870                HAL_MPU_ConfigMemoryAttributes
 .text.MPU_ConfigRegion
                0x0800388c       0x6e ./Drivers/STM32H5xx_HAL_Driver/Src/stm32h5xx_hal_cortex.o
 .text.MPU_ConfigMemoryAttributes
                0x080038fa       0x6c ./Drivers/STM32H5xx_HAL_Driver/Src/stm32h5xx_hal_cortex.o
 .text.HAL_DAC_Init
                0x08003966       0x44 ./Drivers/STM32H5xx_HAL_Driver/Src/stm32h5xx_hal_dac.o
                0x08003966                HAL_DAC_Init
 *fill*         0x080039aa        0x2 
 .text.HAL_DAC_ConfigChannel
                0x080039ac      0x32c ./Drivers/STM32H5xx_HAL_Driver/Src/stm32h5xx_hal_dac.o
                0x080039ac                HAL_DAC_ConfigChannel
 .text.HAL_DMA_Init
                0x08003cd8      0x284 ./Drivers/STM32H5xx_HAL_Driver/Src/stm32h5xx_hal_dma.o
                0x08003cd8                HAL_DMA_Init
 .text.HAL_DMA_IRQHandler
                0x08003f5c      0x2c2 ./Drivers/STM32H5xx_HAL_Driver/Src/stm32h5xx_hal_dma.o
                0x08003f5c                HAL_DMA_IRQHandler
 .text.HAL_DMA_ConfigChannelAttributes
                0x0800421e       0x78 ./Drivers/STM32H5xx_HAL_Driver/Src/stm32h5xx_hal_dma.o
                0x0800421e                HAL_DMA_ConfigChannelAttributes
 *fill*         0x08004296        0x2 
 .text.DMA_Init
                0x08004298      0x508 ./Drivers/STM32H5xx_HAL_Driver/Src/stm32h5xx_hal_dma.o
 .text.HAL_DMAEx_List_Init
                0x080047a0      0x258 ./Drivers/STM32H5xx_HAL_Driver/Src/stm32h5xx_hal_dma_ex.o
                0x080047a0                HAL_DMAEx_List_Init
 .text.HAL_DMAEx_List_BuildNode
                0x080049f8       0x2c ./Drivers/STM32H5xx_HAL_Driver/Src/stm32h5xx_hal_dma_ex.o
                0x080049f8                HAL_DMAEx_List_BuildNode
 .text.HAL_DMAEx_List_InsertNode
                0x08004a24      0x192 ./Drivers/STM32H5xx_HAL_Driver/Src/stm32h5xx_hal_dma_ex.o
                0x08004a24                HAL_DMAEx_List_InsertNode
 .text.HAL_DMAEx_List_SetCircularMode
                0x08004bb6       0xc0 ./Drivers/STM32H5xx_HAL_Driver/Src/stm32h5xx_hal_dma_ex.o
                0x08004bb6                HAL_DMAEx_List_SetCircularMode
 *fill*         0x08004c76        0x2 
 .text.HAL_DMAEx_List_LinkQ
                0x08004c78      0x138 ./Drivers/STM32H5xx_HAL_Driver/Src/stm32h5xx_hal_dma_ex.o
                0x08004c78                HAL_DMAEx_List_LinkQ
 .text.DMA_List_Init
                0x08004db0      0x2b0 ./Drivers/STM32H5xx_HAL_Driver/Src/stm32h5xx_hal_dma_ex.o
 .text.DMA_List_BuildNode
                0x08005060      0x2c0 ./Drivers/STM32H5xx_HAL_Driver/Src/stm32h5xx_hal_dma_ex.o
 .text.DMA_List_CheckNodesBaseAddresses
                0x08005320       0x60 ./Drivers/STM32H5xx_HAL_Driver/Src/stm32h5xx_hal_dma_ex.o
 .text.DMA_List_CheckNodesTypes
                0x08005380       0x78 ./Drivers/STM32H5xx_HAL_Driver/Src/stm32h5xx_hal_dma_ex.o
 .text.DMA_List_GetCLLRNodeInfo
                0x080053f8       0x60 ./Drivers/STM32H5xx_HAL_Driver/Src/stm32h5xx_hal_dma_ex.o
 .text.DMA_List_FindNode
                0x08005458      0x13e ./Drivers/STM32H5xx_HAL_Driver/Src/stm32h5xx_hal_dma_ex.o
 *fill*         0x08005596        0x2 
 .text.HAL_FDCAN_Init
                0x08005598      0x2b4 ./Drivers/STM32H5xx_HAL_Driver/Src/stm32h5xx_hal_fdcan.o
                0x08005598                HAL_FDCAN_Init
 .text.HAL_FDCAN_IRQHandler
                0x0800584c      0x266 ./Drivers/STM32H5xx_HAL_Driver/Src/stm32h5xx_hal_fdcan.o
                0x0800584c                HAL_FDCAN_IRQHandler
 .text.HAL_FDCAN_TxEventFifoCallback
                0x08005ab2       0x16 ./Drivers/STM32H5xx_HAL_Driver/Src/stm32h5xx_hal_fdcan.o
                0x08005ab2                HAL_FDCAN_TxEventFifoCallback
 .text.HAL_FDCAN_RxFifo0Callback
                0x08005ac8       0x16 ./Drivers/STM32H5xx_HAL_Driver/Src/stm32h5xx_hal_fdcan.o
                0x08005ac8                HAL_FDCAN_RxFifo0Callback
 .text.HAL_FDCAN_RxFifo1Callback
                0x08005ade       0x16 ./Drivers/STM32H5xx_HAL_Driver/Src/stm32h5xx_hal_fdcan.o
                0x08005ade                HAL_FDCAN_RxFifo1Callback
 .text.HAL_FDCAN_TxFifoEmptyCallback
                0x08005af4       0x14 ./Drivers/STM32H5xx_HAL_Driver/Src/stm32h5xx_hal_fdcan.o
                0x08005af4                HAL_FDCAN_TxFifoEmptyCallback
 .text.HAL_FDCAN_TxBufferCompleteCallback
                0x08005b08       0x16 ./Drivers/STM32H5xx_HAL_Driver/Src/stm32h5xx_hal_fdcan.o
                0x08005b08                HAL_FDCAN_TxBufferCompleteCallback
 .text.HAL_FDCAN_TxBufferAbortCallback
                0x08005b1e       0x16 ./Drivers/STM32H5xx_HAL_Driver/Src/stm32h5xx_hal_fdcan.o
                0x08005b1e                HAL_FDCAN_TxBufferAbortCallback
 .text.HAL_FDCAN_TimestampWraparoundCallback
                0x08005b34       0x14 ./Drivers/STM32H5xx_HAL_Driver/Src/stm32h5xx_hal_fdcan.o
                0x08005b34                HAL_FDCAN_TimestampWraparoundCallback
 .text.HAL_FDCAN_TimeoutOccurredCallback
                0x08005b48       0x14 ./Drivers/STM32H5xx_HAL_Driver/Src/stm32h5xx_hal_fdcan.o
                0x08005b48                HAL_FDCAN_TimeoutOccurredCallback
 .text.HAL_FDCAN_HighPriorityMessageCallback
                0x08005b5c       0x14 ./Drivers/STM32H5xx_HAL_Driver/Src/stm32h5xx_hal_fdcan.o
                0x08005b5c                HAL_FDCAN_HighPriorityMessageCallback
 .text.HAL_FDCAN_ErrorCallback
                0x08005b70       0x14 ./Drivers/STM32H5xx_HAL_Driver/Src/stm32h5xx_hal_fdcan.o
                0x08005b70                HAL_FDCAN_ErrorCallback
 .text.HAL_FDCAN_ErrorStatusCallback
                0x08005b84       0x16 ./Drivers/STM32H5xx_HAL_Driver/Src/stm32h5xx_hal_fdcan.o
                0x08005b84                HAL_FDCAN_ErrorStatusCallback
 *fill*         0x08005b9a        0x2 
 .text.FDCAN_CalcultateRamBlockAddresses
                0x08005b9c       0xc4 ./Drivers/STM32H5xx_HAL_Driver/Src/stm32h5xx_hal_fdcan.o
 .text.HAL_GPIO_Init
                0x08005c60      0x2bc ./Drivers/STM32H5xx_HAL_Driver/Src/stm32h5xx_hal_gpio.o
                0x08005c60                HAL_GPIO_Init
 .text.HAL_GPIO_WritePin
                0x08005f1c       0x30 ./Drivers/STM32H5xx_HAL_Driver/Src/stm32h5xx_hal_gpio.o
                0x08005f1c                HAL_GPIO_WritePin
 .text.HAL_ICACHE_ConfigAssociativityMode
                0x08005f4c       0x40 ./Drivers/STM32H5xx_HAL_Driver/Src/stm32h5xx_hal_icache.o
                0x08005f4c                HAL_ICACHE_ConfigAssociativityMode
 .text.HAL_ICACHE_Enable
                0x08005f8c       0x20 ./Drivers/STM32H5xx_HAL_Driver/Src/stm32h5xx_hal_icache.o
                0x08005f8c                HAL_ICACHE_Enable
 .text.HAL_PWREx_DisableUCPDDeadBattery
                0x08005fac       0x20 ./Drivers/STM32H5xx_HAL_Driver/Src/stm32h5xx_hal_pwr_ex.o
                0x08005fac                HAL_PWREx_DisableUCPDDeadBattery
 .text.HAL_RCC_OscConfig
                0x08005fcc      0x870 ./Drivers/STM32H5xx_HAL_Driver/Src/stm32h5xx_hal_rcc.o
                0x08005fcc                HAL_RCC_OscConfig
 .text.HAL_RCC_ClockConfig
                0x0800683c      0x370 ./Drivers/STM32H5xx_HAL_Driver/Src/stm32h5xx_hal_rcc.o
                0x0800683c                HAL_RCC_ClockConfig
 .text.HAL_RCC_GetSysClockFreq
                0x08006bac      0x258 ./Drivers/STM32H5xx_HAL_Driver/Src/stm32h5xx_hal_rcc.o
                0x08006bac                HAL_RCC_GetSysClockFreq
 .text.HAL_RCC_GetHCLKFreq
                0x08006e04       0x38 ./Drivers/STM32H5xx_HAL_Driver/Src/stm32h5xx_hal_rcc.o
                0x08006e04                HAL_RCC_GetHCLKFreq
 .text.HAL_RCCEx_PeriphCLKConfig
                0x08006e3c     0x1f14 ./Drivers/STM32H5xx_HAL_Driver/Src/stm32h5xx_hal_rcc_ex.o
                0x08006e3c                HAL_RCCEx_PeriphCLKConfig
 .text.RCCEx_PLL2_Config
                0x08008d50      0x130 ./Drivers/STM32H5xx_HAL_Driver/Src/stm32h5xx_hal_rcc_ex.o
 .text.RCCEx_PLL3_Config
                0x08008e80      0x130 ./Drivers/STM32H5xx_HAL_Driver/Src/stm32h5xx_hal_rcc_ex.o
 .text.HAL_SPI_Init
                0x08008fb0      0x2e0 ./Drivers/STM32H5xx_HAL_Driver/Src/stm32h5xx_hal_spi.o
                0x08008fb0                HAL_SPI_Init
 .text.SPI_GetPacketSize
                0x08009290       0x36 ./Drivers/STM32H5xx_HAL_Driver/Src/stm32h5xx_hal_spi.o
 .text.HAL_TIM_Base_Init
                0x080092c6       0xae ./Drivers/STM32H5xx_HAL_Driver/Src/stm32h5xx_hal_tim.o
                0x080092c6                HAL_TIM_Base_Init
 .text.HAL_TIM_OC_Init
                0x08009374       0xae ./Drivers/STM32H5xx_HAL_Driver/Src/stm32h5xx_hal_tim.o
                0x08009374                HAL_TIM_OC_Init
 .text.HAL_TIM_OC_MspInit
                0x08009422       0x14 ./Drivers/STM32H5xx_HAL_Driver/Src/stm32h5xx_hal_tim.o
                0x08009422                HAL_TIM_OC_MspInit
 .text.HAL_TIM_PWM_Init
                0x08009436       0xae ./Drivers/STM32H5xx_HAL_Driver/Src/stm32h5xx_hal_tim.o
                0x08009436                HAL_TIM_PWM_Init
 .text.HAL_TIM_PWM_MspInit
                0x080094e4       0x14 ./Drivers/STM32H5xx_HAL_Driver/Src/stm32h5xx_hal_tim.o
                0x080094e4                HAL_TIM_PWM_MspInit
 .text.HAL_TIM_IC_Init
                0x080094f8       0xae ./Drivers/STM32H5xx_HAL_Driver/Src/stm32h5xx_hal_tim.o
                0x080094f8                HAL_TIM_IC_Init
 .text.HAL_TIM_IRQHandler
                0x080095a6      0x29e ./Drivers/STM32H5xx_HAL_Driver/Src/stm32h5xx_hal_tim.o
                0x080095a6                HAL_TIM_IRQHandler
 .text.HAL_TIM_OC_ConfigChannel
                0x08009844       0xf4 ./Drivers/STM32H5xx_HAL_Driver/Src/stm32h5xx_hal_tim.o
                0x08009844                HAL_TIM_OC_ConfigChannel
 .text.HAL_TIM_IC_ConfigChannel
                0x08009938      0x138 ./Drivers/STM32H5xx_HAL_Driver/Src/stm32h5xx_hal_tim.o
                0x08009938                HAL_TIM_IC_ConfigChannel
 .text.HAL_TIM_PWM_ConfigChannel
                0x08009a70      0x228 ./Drivers/STM32H5xx_HAL_Driver/Src/stm32h5xx_hal_tim.o
                0x08009a70                HAL_TIM_PWM_ConfigChannel
 .text.HAL_TIM_ConfigClockSource
                0x08009c98      0x23c ./Drivers/STM32H5xx_HAL_Driver/Src/stm32h5xx_hal_tim.o
                0x08009c98                HAL_TIM_ConfigClockSource
 .text.HAL_TIM_SlaveConfigSynchro
                0x08009ed4       0x84 ./Drivers/STM32H5xx_HAL_Driver/Src/stm32h5xx_hal_tim.o
                0x08009ed4                HAL_TIM_SlaveConfigSynchro
 .text.HAL_TIM_PeriodElapsedCallback
                0x08009f58       0x14 ./Drivers/STM32H5xx_HAL_Driver/Src/stm32h5xx_hal_tim.o
                0x08009f58                HAL_TIM_PeriodElapsedCallback
 .text.HAL_TIM_OC_DelayElapsedCallback
                0x08009f6c       0x14 ./Drivers/STM32H5xx_HAL_Driver/Src/stm32h5xx_hal_tim.o
                0x08009f6c                HAL_TIM_OC_DelayElapsedCallback
 .text.HAL_TIM_IC_CaptureCallback
                0x08009f80       0x14 ./Drivers/STM32H5xx_HAL_Driver/Src/stm32h5xx_hal_tim.o
                0x08009f80                HAL_TIM_IC_CaptureCallback
 .text.HAL_TIM_PWM_PulseFinishedCallback
                0x08009f94       0x14 ./Drivers/STM32H5xx_HAL_Driver/Src/stm32h5xx_hal_tim.o
                0x08009f94                HAL_TIM_PWM_PulseFinishedCallback
 .text.HAL_TIM_TriggerCallback
                0x08009fa8       0x14 ./Drivers/STM32H5xx_HAL_Driver/Src/stm32h5xx_hal_tim.o
                0x08009fa8                HAL_TIM_TriggerCallback
 .text.TIM_Base_SetConfig
                0x08009fbc      0x254 ./Drivers/STM32H5xx_HAL_Driver/Src/stm32h5xx_hal_tim.o
                0x08009fbc                TIM_Base_SetConfig
 .text.TIM_OC1_SetConfig
                0x0800a210      0x184 ./Drivers/STM32H5xx_HAL_Driver/Src/stm32h5xx_hal_tim.o
 .text.TIM_OC2_SetConfig
                0x0800a394      0x160 ./Drivers/STM32H5xx_HAL_Driver/Src/stm32h5xx_hal_tim.o
                0x0800a394                TIM_OC2_SetConfig
 .text.TIM_OC3_SetConfig
                0x0800a4f4      0x15c ./Drivers/STM32H5xx_HAL_Driver/Src/stm32h5xx_hal_tim.o
 .text.TIM_OC4_SetConfig
                0x0800a650      0x160 ./Drivers/STM32H5xx_HAL_Driver/Src/stm32h5xx_hal_tim.o
 .text.TIM_OC5_SetConfig
                0x0800a7b0      0x104 ./Drivers/STM32H5xx_HAL_Driver/Src/stm32h5xx_hal_tim.o
 .text.TIM_OC6_SetConfig
                0x0800a8b4      0x108 ./Drivers/STM32H5xx_HAL_Driver/Src/stm32h5xx_hal_tim.o
 .text.TIM_SlaveTimer_SetConfig
                0x0800a9bc      0x1d0 ./Drivers/STM32H5xx_HAL_Driver/Src/stm32h5xx_hal_tim.o
 .text.TIM_TI1_SetConfig
                0x0800ab8c      0x144 ./Drivers/STM32H5xx_HAL_Driver/Src/stm32h5xx_hal_tim.o
                0x0800ab8c                TIM_TI1_SetConfig
 .text.TIM_TI1_ConfigInputStage
                0x0800acd0       0x5e ./Drivers/STM32H5xx_HAL_Driver/Src/stm32h5xx_hal_tim.o
 .text.TIM_TI2_SetConfig
                0x0800ad2e       0x7a ./Drivers/STM32H5xx_HAL_Driver/Src/stm32h5xx_hal_tim.o
 .text.TIM_TI2_ConfigInputStage
                0x0800ada8       0x60 ./Drivers/STM32H5xx_HAL_Driver/Src/stm32h5xx_hal_tim.o
 .text.TIM_TI3_SetConfig
                0x0800ae08       0x78 ./Drivers/STM32H5xx_HAL_Driver/Src/stm32h5xx_hal_tim.o
 .text.TIM_TI4_SetConfig
                0x0800ae80       0x7a ./Drivers/STM32H5xx_HAL_Driver/Src/stm32h5xx_hal_tim.o
 .text.TIM_ITRx_SetConfig
                0x0800aefa       0x3a ./Drivers/STM32H5xx_HAL_Driver/Src/stm32h5xx_hal_tim.o
 .text.TIM_ETR_SetConfig
                0x0800af34       0x40 ./Drivers/STM32H5xx_HAL_Driver/Src/stm32h5xx_hal_tim.o
                0x0800af34                TIM_ETR_SetConfig
 .text.HAL_TIMEx_MasterConfigSynchronization
                0x0800af74      0x1a0 ./Drivers/STM32H5xx_HAL_Driver/Src/stm32h5xx_hal_tim_ex.o
                0x0800af74                HAL_TIMEx_MasterConfigSynchronization
 .text.HAL_TIMEx_ConfigBreakDeadTime
                0x0800b114      0x134 ./Drivers/STM32H5xx_HAL_Driver/Src/stm32h5xx_hal_tim_ex.o
                0x0800b114                HAL_TIMEx_ConfigBreakDeadTime
 .text.HAL_TIMEx_CommutCallback
                0x0800b248       0x14 ./Drivers/STM32H5xx_HAL_Driver/Src/stm32h5xx_hal_tim_ex.o
                0x0800b248                HAL_TIMEx_CommutCallback
 .text.HAL_TIMEx_BreakCallback
                0x0800b25c       0x14 ./Drivers/STM32H5xx_HAL_Driver/Src/stm32h5xx_hal_tim_ex.o
                0x0800b25c                HAL_TIMEx_BreakCallback
 .text.HAL_TIMEx_Break2Callback
                0x0800b270       0x14 ./Drivers/STM32H5xx_HAL_Driver/Src/stm32h5xx_hal_tim_ex.o
                0x0800b270                HAL_TIMEx_Break2Callback
 .text.HAL_TIMEx_EncoderIndexCallback
                0x0800b284       0x14 ./Drivers/STM32H5xx_HAL_Driver/Src/stm32h5xx_hal_tim_ex.o
                0x0800b284                HAL_TIMEx_EncoderIndexCallback
 .text.HAL_TIMEx_DirectionChangeCallback
                0x0800b298       0x14 ./Drivers/STM32H5xx_HAL_Driver/Src/stm32h5xx_hal_tim_ex.o
                0x0800b298                HAL_TIMEx_DirectionChangeCallback
 .text.HAL_TIMEx_IndexErrorCallback
                0x0800b2ac       0x14 ./Drivers/STM32H5xx_HAL_Driver/Src/stm32h5xx_hal_tim_ex.o
                0x0800b2ac                HAL_TIMEx_IndexErrorCallback
 .text.HAL_TIMEx_TransitionErrorCallback
                0x0800b2c0       0x14 ./Drivers/STM32H5xx_HAL_Driver/Src/stm32h5xx_hal_tim_ex.o
                0x0800b2c0                HAL_TIMEx_TransitionErrorCallback
 .text.memset   0x0800b2d4       0x10 /opt/st/stm32cubeide_1.18.1/plugins/com.st.stm32cube.ide.mcu.externaltools.gnu-tools-for-stm32.13.3.rel1.linux64_1.0.0.202410170706/tools/bin/../lib/gcc/arm-none-eabi/13.3.1/../../../../arm-none-eabi/lib/thumb/v8-m.main+fp/hard/libc_nano.a(libc_a-memset.o)
                0x0800b2d4                memset
 .text.__libc_init_array
                0x0800b2e4       0x48 /opt/st/stm32cubeide_1.18.1/plugins/com.st.stm32cube.ide.mcu.externaltools.gnu-tools-for-stm32.13.3.rel1.linux64_1.0.0.202410170706/tools/bin/../lib/gcc/arm-none-eabi/13.3.1/../../../../arm-none-eabi/lib/thumb/v8-m.main+fp/hard/libc_nano.a(libc_a-init.o)
                0x0800b2e4                __libc_init_array
 *(.glue_7)
 .glue_7        0x0800b32c        0x0 linker stubs
 *(.glue_7t)
 .glue_7t       0x0800b32c        0x0 linker stubs
 *(.eh_frame)
 .eh_frame      0x0800b32c        0x0 /opt/st/stm32cubeide_1.18.1/plugins/com.st.stm32cube.ide.mcu.externaltools.gnu-tools-for-stm32.13.3.rel1.linux64_1.0.0.202410170706/tools/bin/../lib/gcc/arm-none-eabi/13.3.1/thumb/v8-m.main+fp/hard/crtbegin.o
 *(.init)
 .init          0x0800b32c        0x4 /opt/st/stm32cubeide_1.18.1/plugins/com.st.stm32cube.ide.mcu.externaltools.gnu-tools-for-stm32.13.3.rel1.linux64_1.0.0.202410170706/tools/bin/../lib/gcc/arm-none-eabi/13.3.1/thumb/v8-m.main+fp/hard/crti.o
                0x0800b32c                _init
 .init          0x0800b330        0x8 /opt/st/stm32cubeide_1.18.1/plugins/com.st.stm32cube.ide.mcu.externaltools.gnu-tools-for-stm32.13.3.rel1.linux64_1.0.0.202410170706/tools/bin/../lib/gcc/arm-none-eabi/13.3.1/thumb/v8-m.main+fp/hard/crtn.o
 *(.fini)
 .fini          0x0800b338        0x4 /opt/st/stm32cubeide_1.18.1/plugins/com.st.stm32cube.ide.mcu.externaltools.gnu-tools-for-stm32.13.3.rel1.linux64_1.0.0.202410170706/tools/bin/../lib/gcc/arm-none-eabi/13.3.1/thumb/v8-m.main+fp/hard/crti.o
                0x0800b338                _fini
 .fini          0x0800b33c        0x8 /opt/st/stm32cubeide_1.18.1/plugins/com.st.stm32cube.ide.mcu.externaltools.gnu-tools-for-stm32.13.3.rel1.linux64_1.0.0.202410170706/tools/bin/../lib/gcc/arm-none-eabi/13.3.1/thumb/v8-m.main+fp/hard/crtn.o
                0x0800b344                        . = ALIGN (0x4)
                0x0800b344                        _etext = .

.vfp11_veneer   0x0800b344        0x0
 .vfp11_veneer  0x0800b344        0x0 linker stubs

.v4_bx          0x0800b344        0x0
 .v4_bx         0x0800b344        0x0 linker stubs

.iplt           0x0800b344        0x0
 .iplt          0x0800b344        0x0 /opt/st/stm32cubeide_1.18.1/plugins/com.st.stm32cube.ide.mcu.externaltools.gnu-tools-for-stm32.13.3.rel1.linux64_1.0.0.202410170706/tools/bin/../lib/gcc/arm-none-eabi/13.3.1/thumb/v8-m.main+fp/hard/crtbegin.o

.rodata         0x0800b344       0x10
                0x0800b344                        . = ALIGN (0x4)
 *(.rodata)
 *(.rodata*)
 .rodata.AHBPrescTable
                0x0800b344       0x10 ./Core/Src/system_stm32h5xx.o
                0x0800b344                AHBPrescTable
                0x0800b354                        . = ALIGN (0x4)

.ARM.extab      0x0800b354        0x0
                0x0800b354                        . = ALIGN (0x4)
 *(.ARM.extab* .gnu.linkonce.armextab.*)
                0x0800b354                        . = ALIGN (0x4)

.ARM            0x0800b354        0x0
                0x0800b354                        . = ALIGN (0x4)
                0x0800b354                        __exidx_start = .
 *(.ARM.exidx*)
                0x0800b354                        __exidx_end = .
                0x0800b354                        . = ALIGN (0x4)

.preinit_array  0x0800b354        0x0
                0x0800b354                        . = ALIGN (0x4)
                0x0800b354                        PROVIDE (__preinit_array_start = .)
 *(.preinit_array*)
                0x0800b354                        PROVIDE (__preinit_array_end = .)
                0x0800b354                        . = ALIGN (0x4)

.init_array     0x0800b354        0x4
                0x0800b354                        . = ALIGN (0x4)
                0x0800b354                        PROVIDE (__init_array_start = .)
 *(SORT_BY_NAME(.init_array.*))
 *(.init_array*)
 .init_array    0x0800b354        0x4 /opt/st/stm32cubeide_1.18.1/plugins/com.st.stm32cube.ide.mcu.externaltools.gnu-tools-for-stm32.13.3.rel1.linux64_1.0.0.202410170706/tools/bin/../lib/gcc/arm-none-eabi/13.3.1/thumb/v8-m.main+fp/hard/crtbegin.o
                0x0800b358                        PROVIDE (__init_array_end = .)
                0x0800b358                        . = ALIGN (0x4)

.fini_array     0x0800b358        0x4
                0x0800b358                        . = ALIGN (0x4)
                [!provide]                        PROVIDE (__fini_array_start = .)
 *(SORT_BY_NAME(.fini_array.*))
 *(.fini_array*)
 .fini_array    0x0800b358        0x4 /opt/st/stm32cubeide_1.18.1/plugins/com.st.stm32cube.ide.mcu.externaltools.gnu-tools-for-stm32.13.3.rel1.linux64_1.0.0.202410170706/tools/bin/../lib/gcc/arm-none-eabi/13.3.1/thumb/v8-m.main+fp/hard/crtbegin.o
                [!provide]                        PROVIDE (__fini_array_end = .)
                0x0800b35c                        . = ALIGN (0x4)
                0x0800b35c                        _sidata = LOADADDR (.data)

.rel.dyn        0x0800b35c        0x0
 .rel.iplt      0x0800b35c        0x0 /opt/st/stm32cubeide_1.18.1/plugins/com.st.stm32cube.ide.mcu.externaltools.gnu-tools-for-stm32.13.3.rel1.linux64_1.0.0.202410170706/tools/bin/../lib/gcc/arm-none-eabi/13.3.1/thumb/v8-m.main+fp/hard/crtbegin.o

.data           0x20000000        0xc load address 0x0800b35c
                0x20000000                        . = ALIGN (0x4)
                0x20000000                        _sdata = .
 *(.data)
 *(.data*)
 .data.SystemCoreClock
                0x20000000        0x4 ./Core/Src/system_stm32h5xx.o
                0x20000000                SystemCoreClock
 .data.uwTickPrio
                0x20000004        0x4 ./Drivers/STM32H5xx_HAL_Driver/Src/stm32h5xx_hal.o
                0x20000004                uwTickPrio
 .data.uwTickFreq
                0x20000008        0x1 ./Drivers/STM32H5xx_HAL_Driver/Src/stm32h5xx_hal.o
                0x20000008                uwTickFreq
 *(.RamFunc)
 *(.RamFunc*)
                0x2000000c                        . = ALIGN (0x4)
 *fill*         0x20000009        0x3 
                0x2000000c                        _edata = .

.igot.plt       0x2000000c        0x0 load address 0x0800b368
 .igot.plt      0x2000000c        0x0 /opt/st/stm32cubeide_1.18.1/plugins/com.st.stm32cube.ide.mcu.externaltools.gnu-tools-for-stm32.13.3.rel1.linux64_1.0.0.202410170706/tools/bin/../lib/gcc/arm-none-eabi/13.3.1/thumb/v8-m.main+fp/hard/crtbegin.o
                0x2000000c                        . = ALIGN (0x4)

.bss            0x2000000c      0x664 load address 0x0800b368
                0x2000000c                        _sbss = .
                0x2000000c                        __bss_start__ = _sbss
 *(.bss)
 .bss           0x2000000c       0x1c /opt/st/stm32cubeide_1.18.1/plugins/com.st.stm32cube.ide.mcu.externaltools.gnu-tools-for-stm32.13.3.rel1.linux64_1.0.0.202410170706/tools/bin/../lib/gcc/arm-none-eabi/13.3.1/thumb/v8-m.main+fp/hard/crtbegin.o
 *(.bss*)
 .bss.hadc1     0x20000028       0x68 ./Core/Src/adc.o
                0x20000028                hadc1
 .bss.hadc2     0x20000090       0x68 ./Core/Src/adc.o
                0x20000090                hadc2
 .bss.Node_GPDMA1_Channel0
                0x200000f8       0x24 ./Core/Src/adc.o
                0x200000f8                Node_GPDMA1_Channel0
 .bss.List_GPDMA1_Channel0
                0x2000011c       0x18 ./Core/Src/adc.o
                0x2000011c                List_GPDMA1_Channel0
 .bss.handle_GPDMA1_Channel0
                0x20000134       0x78 ./Core/Src/adc.o
                0x20000134                handle_GPDMA1_Channel0
 .bss.handle_GPDMA1_Channel1
                0x200001ac       0x78 ./Core/Src/adc.o
                0x200001ac                handle_GPDMA1_Channel1
 .bss.HAL_RCC_ADC_CLK_ENABLED
                0x20000224        0x4 ./Core/Src/adc.o
 .bss.hdac1     0x20000228       0x14 ./Core/Src/dac.o
                0x20000228                hdac1
 .bss.hfdcan1   0x2000023c       0x64 ./Core/Src/fdcan.o
                0x2000023c                hfdcan1
 .bss.hspi2     0x200002a0       0x90 ./Core/Src/spi.o
                0x200002a0                hspi2
 .bss.hspi4     0x20000330       0x90 ./Core/Src/spi.o
                0x20000330                hspi4
 .bss.htim1     0x200003c0       0x4c ./Core/Src/tim.o
                0x200003c0                htim1
 .bss.htim3     0x2000040c       0x4c ./Core/Src/tim.o
                0x2000040c                htim3
 .bss.htim4     0x20000458       0x4c ./Core/Src/tim.o
                0x20000458                htim4
 .bss.htim8     0x200004a4       0x4c ./Core/Src/tim.o
                0x200004a4                htim8
 .bss.htim13    0x200004f0       0x4c ./Core/Src/tim.o
                0x200004f0                htim13
 .bss.htim14    0x2000053c       0x4c ./Core/Src/tim.o
                0x2000053c                htim14
 .bss.htim15    0x20000588       0x4c ./Core/Src/tim.o
                0x20000588                htim15
 .bss.htim16    0x200005d4       0x4c ./Core/Src/tim.o
                0x200005d4                htim16
 .bss.htim17    0x20000620       0x4c ./Core/Src/tim.o
                0x20000620                htim17
 .bss.uwTick    0x2000066c        0x4 ./Drivers/STM32H5xx_HAL_Driver/Src/stm32h5xx_hal.o
                0x2000066c                uwTick
 *(COMMON)
                0x20000670                        . = ALIGN (0x4)
                0x20000670                        _ebss = .
                0x20000670                        __bss_end__ = _ebss

._user_heap_stack
                0x20000670      0x600 load address 0x0800b368
                0x20000670                        . = ALIGN (0x8)
                [!provide]                        PROVIDE (end = .)
                0x20000670                        PROVIDE (_end = .)
                0x20000870                        . = (. + _Min_Heap_Size)
 *fill*         0x20000670      0x200 
                0x20000c70                        . = (. + _Min_Stack_Size)
 *fill*         0x20000870      0x400 
                0x20000c70                        . = ALIGN (0x8)

/DISCARD/
 libc.a(*)
 libm.a(*)
 libgcc.a(*)

.ARM.attributes
                0x00000000       0x36
 *(.ARM.attributes)
 .ARM.attributes
                0x00000000       0x26 /opt/st/stm32cubeide_1.18.1/plugins/com.st.stm32cube.ide.mcu.externaltools.gnu-tools-for-stm32.13.3.rel1.linux64_1.0.0.202410170706/tools/bin/../lib/gcc/arm-none-eabi/13.3.1/thumb/v8-m.main+fp/hard/crti.o
 .ARM.attributes
                0x00000026       0x38 /opt/st/stm32cubeide_1.18.1/plugins/com.st.stm32cube.ide.mcu.externaltools.gnu-tools-for-stm32.13.3.rel1.linux64_1.0.0.202410170706/tools/bin/../lib/gcc/arm-none-eabi/13.3.1/thumb/v8-m.main+fp/hard/crtbegin.o
 .ARM.attributes
                0x0000005e       0x3a ./Core/Src/adc.o
 .ARM.attributes
                0x00000098       0x3a ./Core/Src/dac.o
 .ARM.attributes
                0x000000d2       0x3a ./Core/Src/fdcan.o
 .ARM.attributes
                0x0000010c       0x3a ./Core/Src/gpdma.o
 .ARM.attributes
                0x00000146       0x3a ./Core/Src/gpio.o
 .ARM.attributes
                0x00000180       0x3a ./Core/Src/icache.o
 .ARM.attributes
                0x000001ba       0x3a ./Core/Src/main.o
 .ARM.attributes
                0x000001f4       0x3a ./Core/Src/spi.o
 .ARM.attributes
                0x0000022e       0x3a ./Core/Src/stm32h5xx_hal_msp.o
 .ARM.attributes
                0x00000268       0x3a ./Core/Src/stm32h5xx_it.o
 .ARM.attributes
                0x000002a2       0x3a ./Core/Src/system_stm32h5xx.o
 .ARM.attributes
                0x000002dc       0x3a ./Core/Src/tim.o
 .ARM.attributes
                0x00000316       0x24 ./Core/Startup/startup_stm32h563zgtx.o
 .ARM.attributes
                0x0000033a       0x3a ./Drivers/STM32H5xx_HAL_Driver/Src/stm32h5xx_hal.o
 .ARM.attributes
                0x00000374       0x3a ./Drivers/STM32H5xx_HAL_Driver/Src/stm32h5xx_hal_adc.o
 .ARM.attributes
                0x000003ae       0x3a ./Drivers/STM32H5xx_HAL_Driver/Src/stm32h5xx_hal_cortex.o
 .ARM.attributes
                0x000003e8       0x3a ./Drivers/STM32H5xx_HAL_Driver/Src/stm32h5xx_hal_dac.o
 .ARM.attributes
                0x00000422       0x3a ./Drivers/STM32H5xx_HAL_Driver/Src/stm32h5xx_hal_dma.o
 .ARM.attributes
                0x0000045c       0x3a ./Drivers/STM32H5xx_HAL_Driver/Src/stm32h5xx_hal_dma_ex.o
 .ARM.attributes
                0x00000496       0x3a ./Drivers/STM32H5xx_HAL_Driver/Src/stm32h5xx_hal_fdcan.o
 .ARM.attributes
                0x000004d0       0x3a ./Drivers/STM32H5xx_HAL_Driver/Src/stm32h5xx_hal_gpio.o
 .ARM.attributes
                0x0000050a       0x3a ./Drivers/STM32H5xx_HAL_Driver/Src/stm32h5xx_hal_icache.o
 .ARM.attributes
                0x00000544       0x3a ./Drivers/STM32H5xx_HAL_Driver/Src/stm32h5xx_hal_pwr_ex.o
 .ARM.attributes
                0x0000057e       0x3a ./Drivers/STM32H5xx_HAL_Driver/Src/stm32h5xx_hal_rcc.o
 .ARM.attributes
                0x000005b8       0x3a ./Drivers/STM32H5xx_HAL_Driver/Src/stm32h5xx_hal_rcc_ex.o
 .ARM.attributes
                0x000005f2       0x3a ./Drivers/STM32H5xx_HAL_Driver/Src/stm32h5xx_hal_spi.o
 .ARM.attributes
                0x0000062c       0x3a ./Drivers/STM32H5xx_HAL_Driver/Src/stm32h5xx_hal_tim.o
 .ARM.attributes
                0x00000666       0x3a ./Drivers/STM32H5xx_HAL_Driver/Src/stm32h5xx_hal_tim_ex.o
 .ARM.attributes
                0x000006a0       0x38 /opt/st/stm32cubeide_1.18.1/plugins/com.st.stm32cube.ide.mcu.externaltools.gnu-tools-for-stm32.13.3.rel1.linux64_1.0.0.202410170706/tools/bin/../lib/gcc/arm-none-eabi/13.3.1/../../../../arm-none-eabi/lib/thumb/v8-m.main+fp/hard/libc_nano.a(libc_a-memset.o)
 .ARM.attributes
                0x000006d8       0x38 /opt/st/stm32cubeide_1.18.1/plugins/com.st.stm32cube.ide.mcu.externaltools.gnu-tools-for-stm32.13.3.rel1.linux64_1.0.0.202410170706/tools/bin/../lib/gcc/arm-none-eabi/13.3.1/../../../../arm-none-eabi/lib/thumb/v8-m.main+fp/hard/libc_nano.a(libc_a-init.o)
 .ARM.attributes
                0x00000710       0x26 /opt/st/stm32cubeide_1.18.1/plugins/com.st.stm32cube.ide.mcu.externaltools.gnu-tools-for-stm32.13.3.rel1.linux64_1.0.0.202410170706/tools/bin/../lib/gcc/arm-none-eabi/13.3.1/thumb/v8-m.main+fp/hard/crtn.o
OUTPUT(varg-stm32h5-bootloader.elf elf32-littlearm)
LOAD linker stubs
LOAD /opt/st/stm32cubeide_1.18.1/plugins/com.st.stm32cube.ide.mcu.externaltools.gnu-tools-for-stm32.13.3.rel1.linux64_1.0.0.202410170706/tools/bin/../lib/gcc/arm-none-eabi/13.3.1/../../../../arm-none-eabi/lib/thumb/v8-m.main+fp/hard/libc.a
LOAD /opt/st/stm32cubeide_1.18.1/plugins/com.st.stm32cube.ide.mcu.externaltools.gnu-tools-for-stm32.13.3.rel1.linux64_1.0.0.202410170706/tools/bin/../lib/gcc/arm-none-eabi/13.3.1/../../../../arm-none-eabi/lib/thumb/v8-m.main+fp/hard/libm.a
LOAD /opt/st/stm32cubeide_1.18.1/plugins/com.st.stm32cube.ide.mcu.externaltools.gnu-tools-for-stm32.13.3.rel1.linux64_1.0.0.202410170706/tools/bin/../lib/gcc/arm-none-eabi/13.3.1/thumb/v8-m.main+fp/hard/libgcc.a

.debug_info     0x00000000    0x1d845
 .debug_info    0x00000000     0x17a6 ./Core/Src/adc.o
 .debug_info    0x000017a6      0xd63 ./Core/Src/dac.o
 .debug_info    0x00002509     0x1380 ./Core/Src/fdcan.o
 .debug_info    0x00003889      0x78d ./Core/Src/gpdma.o
 .debug_info    0x00004016      0x65c ./Core/Src/gpio.o
 .debug_info    0x00004672      0x114 ./Core/Src/icache.o
 .debug_info    0x00004786      0xd82 ./Core/Src/main.o
 .debug_info    0x00005508     0x1331 ./Core/Src/spi.o
 .debug_info    0x00006839      0x43a ./Core/Src/stm32h5xx_hal_msp.o
 .debug_info    0x00006c73      0xeaf ./Core/Src/stm32h5xx_it.o
 .debug_info    0x00007b22      0xd8e ./Core/Src/system_stm32h5xx.o
 .debug_info    0x000088b0     0x1ab1 ./Core/Src/tim.o
 .debug_info    0x0000a361       0x30 ./Core/Startup/startup_stm32h563zgtx.o
 .debug_info    0x0000a391     0x139f ./Drivers/STM32H5xx_HAL_Driver/Src/stm32h5xx_hal.o
 .debug_info    0x0000b730     0x237e ./Drivers/STM32H5xx_HAL_Driver/Src/stm32h5xx_hal_adc.o
 .debug_info    0x0000daae     0x1658 ./Drivers/STM32H5xx_HAL_Driver/Src/stm32h5xx_hal_cortex.o
 .debug_info    0x0000f106      0xf50 ./Drivers/STM32H5xx_HAL_Driver/Src/stm32h5xx_hal_dac.o
 .debug_info    0x00010056      0xadc ./Drivers/STM32H5xx_HAL_Driver/Src/stm32h5xx_hal_dma.o
 .debug_info    0x00010b32     0x1902 ./Drivers/STM32H5xx_HAL_Driver/Src/stm32h5xx_hal_dma_ex.o
 .debug_info    0x00012434     0x1920 ./Drivers/STM32H5xx_HAL_Driver/Src/stm32h5xx_hal_fdcan.o
 .debug_info    0x00013d54      0x6b6 ./Drivers/STM32H5xx_HAL_Driver/Src/stm32h5xx_hal_gpio.o
 .debug_info    0x0001440a      0x4d6 ./Drivers/STM32H5xx_HAL_Driver/Src/stm32h5xx_hal_icache.o
 .debug_info    0x000148e0      0x928 ./Drivers/STM32H5xx_HAL_Driver/Src/stm32h5xx_hal_pwr_ex.o
 .debug_info    0x00015208     0x109f ./Drivers/STM32H5xx_HAL_Driver/Src/stm32h5xx_hal_rcc.o
 .debug_info    0x000162a7     0x12d7 ./Drivers/STM32H5xx_HAL_Driver/Src/stm32h5xx_hal_rcc_ex.o
 .debug_info    0x0001757e     0x15c9 ./Drivers/STM32H5xx_HAL_Driver/Src/stm32h5xx_hal_spi.o
 .debug_info    0x00018b47     0x2e54 ./Drivers/STM32H5xx_HAL_Driver/Src/stm32h5xx_hal_tim.o
 .debug_info    0x0001b99b     0x1eaa ./Drivers/STM32H5xx_HAL_Driver/Src/stm32h5xx_hal_tim_ex.o

.debug_abbrev   0x00000000     0x395d
 .debug_abbrev  0x00000000      0x278 ./Core/Src/adc.o
 .debug_abbrev  0x00000278      0x21c ./Core/Src/dac.o
 .debug_abbrev  0x00000494      0x207 ./Core/Src/fdcan.o
 .debug_abbrev  0x0000069b      0x121 ./Core/Src/gpdma.o
 .debug_abbrev  0x000007bc      0x179 ./Core/Src/gpio.o
 .debug_abbrev  0x00000935       0xb6 ./Core/Src/icache.o
 .debug_abbrev  0x000009eb      0x227 ./Core/Src/main.o
 .debug_abbrev  0x00000c12      0x22c ./Core/Src/spi.o
 .debug_abbrev  0x00000e3e       0xa8 ./Core/Src/stm32h5xx_hal_msp.o
 .debug_abbrev  0x00000ee6      0x1e5 ./Core/Src/stm32h5xx_it.o
 .debug_abbrev  0x000010cb      0x13a ./Core/Src/system_stm32h5xx.o
 .debug_abbrev  0x00001205      0x294 ./Core/Src/tim.o
 .debug_abbrev  0x00001499       0x24 ./Core/Startup/startup_stm32h563zgtx.o
 .debug_abbrev  0x000014bd      0x2af ./Drivers/STM32H5xx_HAL_Driver/Src/stm32h5xx_hal.o
 .debug_abbrev  0x0000176c      0x2b9 ./Drivers/STM32H5xx_HAL_Driver/Src/stm32h5xx_hal_adc.o
 .debug_abbrev  0x00001a25      0x311 ./Drivers/STM32H5xx_HAL_Driver/Src/stm32h5xx_hal_cortex.o
 .debug_abbrev  0x00001d36      0x234 ./Drivers/STM32H5xx_HAL_Driver/Src/stm32h5xx_hal_dac.o
 .debug_abbrev  0x00001f6a      0x1ff ./Drivers/STM32H5xx_HAL_Driver/Src/stm32h5xx_hal_dma.o
 .debug_abbrev  0x00002169      0x21d ./Drivers/STM32H5xx_HAL_Driver/Src/stm32h5xx_hal_dma_ex.o
 .debug_abbrev  0x00002386      0x20b ./Drivers/STM32H5xx_HAL_Driver/Src/stm32h5xx_hal_fdcan.o
 .debug_abbrev  0x00002591      0x1db ./Drivers/STM32H5xx_HAL_Driver/Src/stm32h5xx_hal_gpio.o
 .debug_abbrev  0x0000276c      0x228 ./Drivers/STM32H5xx_HAL_Driver/Src/stm32h5xx_hal_icache.o
 .debug_abbrev  0x00002994      0x299 ./Drivers/STM32H5xx_HAL_Driver/Src/stm32h5xx_hal_pwr_ex.o
 .debug_abbrev  0x00002c2d      0x290 ./Drivers/STM32H5xx_HAL_Driver/Src/stm32h5xx_hal_rcc.o
 .debug_abbrev  0x00002ebd      0x269 ./Drivers/STM32H5xx_HAL_Driver/Src/stm32h5xx_hal_rcc_ex.o
 .debug_abbrev  0x00003126      0x2b3 ./Drivers/STM32H5xx_HAL_Driver/Src/stm32h5xx_hal_spi.o
 .debug_abbrev  0x000033d9      0x2bd ./Drivers/STM32H5xx_HAL_Driver/Src/stm32h5xx_hal_tim.o
 .debug_abbrev  0x00003696      0x2c7 ./Drivers/STM32H5xx_HAL_Driver/Src/stm32h5xx_hal_tim_ex.o

.debug_aranges  0x00000000     0x1968
 .debug_aranges
                0x00000000       0x38 ./Core/Src/adc.o
 .debug_aranges
                0x00000038       0x30 ./Core/Src/dac.o
 .debug_aranges
                0x00000068       0x30 ./Core/Src/fdcan.o
 .debug_aranges
                0x00000098       0x20 ./Core/Src/gpdma.o
 .debug_aranges
                0x000000b8       0x20 ./Core/Src/gpio.o
 .debug_aranges
                0x000000d8       0x20 ./Core/Src/icache.o
 .debug_aranges
                0x000000f8       0x38 ./Core/Src/main.o
 .debug_aranges
                0x00000130       0x38 ./Core/Src/spi.o
 .debug_aranges
                0x00000168       0x20 ./Core/Src/stm32h5xx_hal_msp.o
 .debug_aranges
                0x00000188       0x88 ./Core/Src/stm32h5xx_it.o
 .debug_aranges
                0x00000210       0x28 ./Core/Src/system_stm32h5xx.o
 .debug_aranges
                0x00000238       0x88 ./Core/Src/tim.o
 .debug_aranges
                0x000002c0       0x28 ./Core/Startup/startup_stm32h563zgtx.o
 .debug_aranges
                0x000002e8      0x200 ./Drivers/STM32H5xx_HAL_Driver/Src/stm32h5xx_hal.o
 .debug_aranges
                0x000004e8      0x258 ./Drivers/STM32H5xx_HAL_Driver/Src/stm32h5xx_hal_adc.o
 .debug_aranges
                0x00000740      0x140 ./Drivers/STM32H5xx_HAL_Driver/Src/stm32h5xx_hal_cortex.o
 .debug_aranges
                0x00000880       0xc0 ./Drivers/STM32H5xx_HAL_Driver/Src/stm32h5xx_hal_dac.o
 .debug_aranges
                0x00000940       0xa0 ./Drivers/STM32H5xx_HAL_Driver/Src/stm32h5xx_hal_dma.o
 .debug_aranges
                0x000009e0      0x1a0 ./Drivers/STM32H5xx_HAL_Driver/Src/stm32h5xx_hal_dma_ex.o
 .debug_aranges
                0x00000b80      0x208 ./Drivers/STM32H5xx_HAL_Driver/Src/stm32h5xx_hal_fdcan.o
 .debug_aranges
                0x00000d88       0x78 ./Drivers/STM32H5xx_HAL_Driver/Src/stm32h5xx_hal_gpio.o
 .debug_aranges
                0x00000e00       0xa8 ./Drivers/STM32H5xx_HAL_Driver/Src/stm32h5xx_hal_icache.o
 .debug_aranges
                0x00000ea8      0x148 ./Drivers/STM32H5xx_HAL_Driver/Src/stm32h5xx_hal_pwr_ex.o
 .debug_aranges
                0x00000ff0       0xa0 ./Drivers/STM32H5xx_HAL_Driver/Src/stm32h5xx_hal_rcc.o
 .debug_aranges
                0x00001090      0x108 ./Drivers/STM32H5xx_HAL_Driver/Src/stm32h5xx_hal_rcc_ex.o
 .debug_aranges
                0x00001198      0x1a8 ./Drivers/STM32H5xx_HAL_Driver/Src/stm32h5xx_hal_spi.o
 .debug_aranges
                0x00001340      0x3e8 ./Drivers/STM32H5xx_HAL_Driver/Src/stm32h5xx_hal_tim.o
 .debug_aranges
                0x00001728      0x240 ./Drivers/STM32H5xx_HAL_Driver/Src/stm32h5xx_hal_tim_ex.o

.debug_rnglists
                0x00000000     0x1378
 .debug_rnglists
                0x00000000       0x29 ./Core/Src/adc.o
 .debug_rnglists
                0x00000029       0x21 ./Core/Src/dac.o
 .debug_rnglists
                0x0000004a       0x21 ./Core/Src/fdcan.o
 .debug_rnglists
                0x0000006b       0x13 ./Core/Src/gpdma.o
 .debug_rnglists
                0x0000007e       0x14 ./Core/Src/gpio.o
 .debug_rnglists
                0x00000092       0x13 ./Core/Src/icache.o
 .debug_rnglists
                0x000000a5       0x26 ./Core/Src/main.o
 .debug_rnglists
                0x000000cb       0x28 ./Core/Src/spi.o
 .debug_rnglists
                0x000000f3       0x13 ./Core/Src/stm32h5xx_hal_msp.o
 .debug_rnglists
                0x00000106       0x61 ./Core/Src/stm32h5xx_it.o
 .debug_rnglists
                0x00000167       0x1b ./Core/Src/system_stm32h5xx.o
 .debug_rnglists
                0x00000182       0x6b ./Core/Src/tim.o
 .debug_rnglists
                0x000001ed       0x19 ./Core/Startup/startup_stm32h563zgtx.o
 .debug_rnglists
                0x00000206      0x17d ./Drivers/STM32H5xx_HAL_Driver/Src/stm32h5xx_hal.o
 .debug_rnglists
                0x00000383      0x1cc ./Drivers/STM32H5xx_HAL_Driver/Src/stm32h5xx_hal_adc.o
 .debug_rnglists
                0x0000054f       0xec ./Drivers/STM32H5xx_HAL_Driver/Src/stm32h5xx_hal_cortex.o
 .debug_rnglists
                0x0000063b       0x90 ./Drivers/STM32H5xx_HAL_Driver/Src/stm32h5xx_hal_dac.o
 .debug_rnglists
                0x000006cb       0x7e ./Drivers/STM32H5xx_HAL_Driver/Src/stm32h5xx_hal_dma.o
 .debug_rnglists
                0x00000749      0x155 ./Drivers/STM32H5xx_HAL_Driver/Src/stm32h5xx_hal_dma_ex.o
 .debug_rnglists
                0x0000089e      0x18d ./Drivers/STM32H5xx_HAL_Driver/Src/stm32h5xx_hal_fdcan.o
 .debug_rnglists
                0x00000a2b       0x57 ./Drivers/STM32H5xx_HAL_Driver/Src/stm32h5xx_hal_gpio.o
 .debug_rnglists
                0x00000a82       0x7a ./Drivers/STM32H5xx_HAL_Driver/Src/stm32h5xx_hal_icache.o
 .debug_rnglists
                0x00000afc       0xf3 ./Drivers/STM32H5xx_HAL_Driver/Src/stm32h5xx_hal_pwr_ex.o
 .debug_rnglists
                0x00000bef       0x79 ./Drivers/STM32H5xx_HAL_Driver/Src/stm32h5xx_hal_rcc.o
 .debug_rnglists
                0x00000c68       0xcf ./Drivers/STM32H5xx_HAL_Driver/Src/stm32h5xx_hal_rcc_ex.o
 .debug_rnglists
                0x00000d37      0x148 ./Drivers/STM32H5xx_HAL_Driver/Src/stm32h5xx_hal_spi.o
 .debug_rnglists
                0x00000e7f      0x32e ./Drivers/STM32H5xx_HAL_Driver/Src/stm32h5xx_hal_tim.o
 .debug_rnglists
                0x000011ad      0x1cb ./Drivers/STM32H5xx_HAL_Driver/Src/stm32h5xx_hal_tim_ex.o

.debug_macro    0x00000000    0x36229
 .debug_macro   0x00000000      0x2d2 ./Core/Src/adc.o
 .debug_macro   0x000002d2      0xade ./Core/Src/adc.o
 .debug_macro   0x00000db0      0x1fe ./Core/Src/adc.o
 .debug_macro   0x00000fae       0x22 ./Core/Src/adc.o
 .debug_macro   0x00000fd0       0x5b ./Core/Src/adc.o
 .debug_macro   0x0000102b       0x2a ./Core/Src/adc.o
 .debug_macro   0x00001055       0x94 ./Core/Src/adc.o
 .debug_macro   0x000010e9       0x43 ./Core/Src/adc.o
 .debug_macro   0x0000112c       0x34 ./Core/Src/adc.o
 .debug_macro   0x00001160      0x190 ./Core/Src/adc.o
 .debug_macro   0x000012f0       0x57 ./Core/Src/adc.o
 .debug_macro   0x00001347      0x370 ./Core/Src/adc.o
 .debug_macro   0x000016b7       0x16 ./Core/Src/adc.o
 .debug_macro   0x000016cd       0x4a ./Core/Src/adc.o
 .debug_macro   0x00001717       0x34 ./Core/Src/adc.o
 .debug_macro   0x0000174b       0x10 ./Core/Src/adc.o
 .debug_macro   0x0000175b       0x58 ./Core/Src/adc.o
 .debug_macro   0x000017b3       0x8e ./Core/Src/adc.o
 .debug_macro   0x00001841       0x1c ./Core/Src/adc.o
 .debug_macro   0x0000185d      0x185 ./Core/Src/adc.o
 .debug_macro   0x000019e2      0x19b ./Core/Src/adc.o
 .debug_macro   0x00001b7d       0x28 ./Core/Src/adc.o
 .debug_macro   0x00001ba5       0x49 ./Core/Src/adc.o
 .debug_macro   0x00001bee      0x103 ./Core/Src/adc.o
 .debug_macro   0x00001cf1       0x6a ./Core/Src/adc.o
 .debug_macro   0x00001d5b      0x1df ./Core/Src/adc.o
 .debug_macro   0x00001f3a       0x1c ./Core/Src/adc.o
 .debug_macro   0x00001f56       0x29 ./Core/Src/adc.o
 .debug_macro   0x00001f7f       0xfb ./Core/Src/adc.o
 .debug_macro   0x0000207a     0x1685 ./Core/Src/adc.o
 .debug_macro   0x000036ff       0x5e ./Core/Src/adc.o
 .debug_macro   0x0000375d    0x2124a ./Core/Src/adc.o
 .debug_macro   0x000249a7       0x6d ./Core/Src/adc.o
 .debug_macro   0x00024a14     0x388a ./Core/Src/adc.o
 .debug_macro   0x0002829e       0x63 ./Core/Src/adc.o
 .debug_macro   0x00028301     0x1f0d ./Core/Src/adc.o
 .debug_macro   0x0002a20e      0xe96 ./Core/Src/adc.o
 .debug_macro   0x0002b0a4      0x166 ./Core/Src/adc.o
 .debug_macro   0x0002b20a      0x300 ./Core/Src/adc.o
 .debug_macro   0x0002b50a       0xca ./Core/Src/adc.o
 .debug_macro   0x0002b5d4      0x917 ./Core/Src/adc.o
 .debug_macro   0x0002beeb      0x478 ./Core/Src/adc.o
 .debug_macro   0x0002c363       0xd6 ./Core/Src/adc.o
 .debug_macro   0x0002c439      0x1cd ./Core/Src/adc.o
 .debug_macro   0x0002c606      0xf82 ./Core/Src/adc.o
 .debug_macro   0x0002d588      0x671 ./Core/Src/adc.o
 .debug_macro   0x0002dbf9      0x30c ./Core/Src/adc.o
 .debug_macro   0x0002df05      0x1ae ./Core/Src/adc.o
 .debug_macro   0x0002e0b3       0xde ./Core/Src/adc.o
 .debug_macro   0x0002e191      0x55b ./Core/Src/adc.o
 .debug_macro   0x0002e6ec      0x638 ./Core/Src/adc.o
 .debug_macro   0x0002ed24       0x7b ./Core/Src/adc.o
 .debug_macro   0x0002ed9f      0x313 ./Core/Src/adc.o
 .debug_macro   0x0002f0b2      0x1bb ./Core/Src/adc.o
 .debug_macro   0x0002f26d      0x5cf ./Core/Src/adc.o
 .debug_macro   0x0002f83c       0xeb ./Core/Src/adc.o
 .debug_macro   0x0002f927      0xbe8 ./Core/Src/adc.o
 .debug_macro   0x0003050f      0x3f4 ./Core/Src/adc.o
 .debug_macro   0x00030903      0x2a7 ./Core/Src/adc.o
 .debug_macro   0x00030baa      0x6bd ./Core/Src/adc.o
 .debug_macro   0x00031267      0x4ee ./Core/Src/adc.o
 .debug_macro   0x00031755      0x2d2 ./Core/Src/dac.o
 .debug_macro   0x00031a27      0x2d2 ./Core/Src/fdcan.o
 .debug_macro   0x00031cf9      0x2d2 ./Core/Src/gpdma.o
 .debug_macro   0x00031fcb      0x2d2 ./Core/Src/gpio.o
 .debug_macro   0x0003229d      0x2d2 ./Core/Src/icache.o
 .debug_macro   0x0003256f      0x31c ./Core/Src/main.o
 .debug_macro   0x0003288b      0x2d2 ./Core/Src/spi.o
 .debug_macro   0x00032b5d      0x2c8 ./Core/Src/stm32h5xx_hal_msp.o
 .debug_macro   0x00032e25      0x2d2 ./Core/Src/stm32h5xx_it.o
 .debug_macro   0x000330f7      0x2c5 ./Core/Src/system_stm32h5xx.o
 .debug_macro   0x000333bc      0x2d2 ./Core/Src/tim.o
 .debug_macro   0x0003368e      0x2f4 ./Drivers/STM32H5xx_HAL_Driver/Src/stm32h5xx_hal.o
 .debug_macro   0x00033982      0x2db ./Drivers/STM32H5xx_HAL_Driver/Src/stm32h5xx_hal_adc.o
 .debug_macro   0x00033c5d      0x2be ./Drivers/STM32H5xx_HAL_Driver/Src/stm32h5xx_hal_cortex.o
 .debug_macro   0x00033f1b      0x2d4 ./Drivers/STM32H5xx_HAL_Driver/Src/stm32h5xx_hal_dac.o
 .debug_macro   0x000341ef      0x2bf ./Drivers/STM32H5xx_HAL_Driver/Src/stm32h5xx_hal_dma.o
 .debug_macro   0x000344ae      0x2bf ./Drivers/STM32H5xx_HAL_Driver/Src/stm32h5xx_hal_dma_ex.o
 .debug_macro   0x0003476d      0x3d0 ./Drivers/STM32H5xx_HAL_Driver/Src/stm32h5xx_hal_fdcan.o
 .debug_macro   0x00034b3d      0x2f4 ./Drivers/STM32H5xx_HAL_Driver/Src/stm32h5xx_hal_gpio.o
 .debug_macro   0x00034e31      0x2f0 ./Drivers/STM32H5xx_HAL_Driver/Src/stm32h5xx_hal_icache.o
 .debug_macro   0x00035121      0x2e8 ./Drivers/STM32H5xx_HAL_Driver/Src/stm32h5xx_hal_pwr_ex.o
 .debug_macro   0x00035409      0x300 ./Drivers/STM32H5xx_HAL_Driver/Src/stm32h5xx_hal_rcc.o
 .debug_macro   0x00035709      0x2d0 ./Drivers/STM32H5xx_HAL_Driver/Src/stm32h5xx_hal_rcc_ex.o
 .debug_macro   0x000359d9      0x2c6 ./Drivers/STM32H5xx_HAL_Driver/Src/stm32h5xx_hal_spi.o
 .debug_macro   0x00035c9f      0x2c6 ./Drivers/STM32H5xx_HAL_Driver/Src/stm32h5xx_hal_tim.o
 .debug_macro   0x00035f65      0x2c4 ./Drivers/STM32H5xx_HAL_Driver/Src/stm32h5xx_hal_tim_ex.o

.debug_line     0x00000000    0x20f8f
 .debug_line    0x00000000      0xbd6 ./Core/Src/adc.o
 .debug_line    0x00000bd6      0x8db ./Core/Src/dac.o
 .debug_line    0x000014b1      0x90f ./Core/Src/fdcan.o
 .debug_line    0x00001dc0      0x85e ./Core/Src/gpdma.o
 .debug_line    0x0000261e      0x8da ./Core/Src/gpio.o
 .debug_line    0x00002ef8      0x871 ./Core/Src/icache.o
 .debug_line    0x00003769      0x997 ./Core/Src/main.o
 .debug_line    0x00004100      0x9b4 ./Core/Src/spi.o
 .debug_line    0x00004ab4      0x85a ./Core/Src/stm32h5xx_hal_msp.o
 .debug_line    0x0000530e      0x97f ./Core/Src/stm32h5xx_it.o
 .debug_line    0x00005c8d      0x9dc ./Core/Src/system_stm32h5xx.o
 .debug_line    0x00006669      0xf1a ./Core/Src/tim.o
 .debug_line    0x00007583       0x7b ./Core/Startup/startup_stm32h563zgtx.o
 .debug_line    0x000075fe      0xf7c ./Drivers/STM32H5xx_HAL_Driver/Src/stm32h5xx_hal.o
 .debug_line    0x0000857a     0x218a ./Drivers/STM32H5xx_HAL_Driver/Src/stm32h5xx_hal_adc.o
 .debug_line    0x0000a704      0xeab ./Drivers/STM32H5xx_HAL_Driver/Src/stm32h5xx_hal_cortex.o
 .debug_line    0x0000b5af      0xf2d ./Drivers/STM32H5xx_HAL_Driver/Src/stm32h5xx_hal_dac.o
 .debug_line    0x0000c4dc     0x1302 ./Drivers/STM32H5xx_HAL_Driver/Src/stm32h5xx_hal_dma.o
 .debug_line    0x0000d7de     0x27ae ./Drivers/STM32H5xx_HAL_Driver/Src/stm32h5xx_hal_dma_ex.o
 .debug_line    0x0000ff8c     0x19d9 ./Drivers/STM32H5xx_HAL_Driver/Src/stm32h5xx_hal_fdcan.o
 .debug_line    0x00011965      0xc65 ./Drivers/STM32H5xx_HAL_Driver/Src/stm32h5xx_hal_gpio.o
 .debug_line    0x000125ca      0xb4e ./Drivers/STM32H5xx_HAL_Driver/Src/stm32h5xx_hal_icache.o
 .debug_line    0x00013118      0xd86 ./Drivers/STM32H5xx_HAL_Driver/Src/stm32h5xx_hal_pwr_ex.o
 .debug_line    0x00013e9e     0x13f4 ./Drivers/STM32H5xx_HAL_Driver/Src/stm32h5xx_hal_rcc.o
 .debug_line    0x00015292     0x2e80 ./Drivers/STM32H5xx_HAL_Driver/Src/stm32h5xx_hal_rcc_ex.o
 .debug_line    0x00018112     0x2619 ./Drivers/STM32H5xx_HAL_Driver/Src/stm32h5xx_hal_spi.o
 .debug_line    0x0001a72b     0x4656 ./Drivers/STM32H5xx_HAL_Driver/Src/stm32h5xx_hal_tim.o
 .debug_line    0x0001ed81     0x220e ./Drivers/STM32H5xx_HAL_Driver/Src/stm32h5xx_hal_tim_ex.o

.debug_str      0x00000000   0x15b51d
 .debug_str     0x00000000   0x15b51d ./Core/Src/adc.o
                             0x152e8c (size before relaxing)
 .debug_str     0x0015b51d   0x15269e ./Core/Src/dac.o
 .debug_str     0x0015b51d   0x153007 ./Core/Src/fdcan.o
 .debug_str     0x0015b51d   0x1526ae ./Core/Src/gpdma.o
 .debug_str     0x0015b51d   0x152035 ./Core/Src/gpio.o
 .debug_str     0x0015b51d   0x151db2 ./Core/Src/icache.o
 .debug_str     0x0015b51d   0x1526de ./Core/Src/main.o
 .debug_str     0x0015b51d   0x152bda ./Core/Src/spi.o
 .debug_str     0x0015b51d   0x152485 ./Core/Src/stm32h5xx_hal_msp.o
 .debug_str     0x0015b51d   0x152897 ./Core/Src/stm32h5xx_it.o
 .debug_str     0x0015b51d   0x1523a4 ./Core/Src/system_stm32h5xx.o
 .debug_str     0x0015b51d   0x153368 ./Core/Src/tim.o
 .debug_str     0x0015b51d       0x93 ./Core/Startup/startup_stm32h563zgtx.o
 .debug_str     0x0015b51d   0x1531f0 ./Drivers/STM32H5xx_HAL_Driver/Src/stm32h5xx_hal.o
 .debug_str     0x0015b51d   0x1531da ./Drivers/STM32H5xx_HAL_Driver/Src/stm32h5xx_hal_adc.o
 .debug_str     0x0015b51d   0x152d7f ./Drivers/STM32H5xx_HAL_Driver/Src/stm32h5xx_hal_cortex.o
 .debug_str     0x0015b51d   0x152870 ./Drivers/STM32H5xx_HAL_Driver/Src/stm32h5xx_hal_dac.o
 .debug_str     0x0015b51d   0x152494 ./Drivers/STM32H5xx_HAL_Driver/Src/stm32h5xx_hal_dma.o
 .debug_str     0x0015b51d   0x152b00 ./Drivers/STM32H5xx_HAL_Driver/Src/stm32h5xx_hal_dma_ex.o
 .debug_str     0x0015b51d   0x153504 ./Drivers/STM32H5xx_HAL_Driver/Src/stm32h5xx_hal_fdcan.o
 .debug_str     0x0015b51d   0x152109 ./Drivers/STM32H5xx_HAL_Driver/Src/stm32h5xx_hal_gpio.o
 .debug_str     0x0015b51d   0x152432 ./Drivers/STM32H5xx_HAL_Driver/Src/stm32h5xx_hal_icache.o
 .debug_str     0x0015b51d   0x1524ee ./Drivers/STM32H5xx_HAL_Driver/Src/stm32h5xx_hal_pwr_ex.o
 .debug_str     0x0015b51d   0x1528e9 ./Drivers/STM32H5xx_HAL_Driver/Src/stm32h5xx_hal_rcc.o
 .debug_str     0x0015b51d   0x152c33 ./Drivers/STM32H5xx_HAL_Driver/Src/stm32h5xx_hal_rcc_ex.o
 .debug_str     0x0015b51d   0x152a0f ./Drivers/STM32H5xx_HAL_Driver/Src/stm32h5xx_hal_spi.o
 .debug_str     0x0015b51d   0x153553 ./Drivers/STM32H5xx_HAL_Driver/Src/stm32h5xx_hal_tim.o
 .debug_str     0x0015b51d   0x15317d ./Drivers/STM32H5xx_HAL_Driver/Src/stm32h5xx_hal_tim_ex.o

.comment        0x00000000       0x43
 .comment       0x00000000       0x43 ./Core/Src/adc.o
                                 0x44 (size before relaxing)
 .comment       0x00000043       0x44 ./Core/Src/dac.o
 .comment       0x00000043       0x44 ./Core/Src/fdcan.o
 .comment       0x00000043       0x44 ./Core/Src/gpdma.o
 .comment       0x00000043       0x44 ./Core/Src/gpio.o
 .comment       0x00000043       0x44 ./Core/Src/icache.o
 .comment       0x00000043       0x44 ./Core/Src/main.o
 .comment       0x00000043       0x44 ./Core/Src/spi.o
 .comment       0x00000043       0x44 ./Core/Src/stm32h5xx_hal_msp.o
 .comment       0x00000043       0x44 ./Core/Src/stm32h5xx_it.o
 .comment       0x00000043       0x44 ./Core/Src/system_stm32h5xx.o
 .comment       0x00000043       0x44 ./Core/Src/tim.o
 .comment       0x00000043       0x44 ./Drivers/STM32H5xx_HAL_Driver/Src/stm32h5xx_hal.o
 .comment       0x00000043       0x44 ./Drivers/STM32H5xx_HAL_Driver/Src/stm32h5xx_hal_adc.o
 .comment       0x00000043       0x44 ./Drivers/STM32H5xx_HAL_Driver/Src/stm32h5xx_hal_cortex.o
 .comment       0x00000043       0x44 ./Drivers/STM32H5xx_HAL_Driver/Src/stm32h5xx_hal_dac.o
 .comment       0x00000043       0x44 ./Drivers/STM32H5xx_HAL_Driver/Src/stm32h5xx_hal_dma.o
 .comment       0x00000043       0x44 ./Drivers/STM32H5xx_HAL_Driver/Src/stm32h5xx_hal_dma_ex.o
 .comment       0x00000043       0x44 ./Drivers/STM32H5xx_HAL_Driver/Src/stm32h5xx_hal_fdcan.o
 .comment       0x00000043       0x44 ./Drivers/STM32H5xx_HAL_Driver/Src/stm32h5xx_hal_gpio.o
 .comment       0x00000043       0x44 ./Drivers/STM32H5xx_HAL_Driver/Src/stm32h5xx_hal_icache.o
 .comment       0x00000043       0x44 ./Drivers/STM32H5xx_HAL_Driver/Src/stm32h5xx_hal_pwr_ex.o
 .comment       0x00000043       0x44 ./Drivers/STM32H5xx_HAL_Driver/Src/stm32h5xx_hal_rcc.o
 .comment       0x00000043       0x44 ./Drivers/STM32H5xx_HAL_Driver/Src/stm32h5xx_hal_rcc_ex.o
 .comment       0x00000043       0x44 ./Drivers/STM32H5xx_HAL_Driver/Src/stm32h5xx_hal_spi.o
 .comment       0x00000043       0x44 ./Drivers/STM32H5xx_HAL_Driver/Src/stm32h5xx_hal_tim.o
 .comment       0x00000043       0x44 ./Drivers/STM32H5xx_HAL_Driver/Src/stm32h5xx_hal_tim_ex.o

.debug_frame    0x00000000     0x6c18
 .debug_frame   0x00000000       0xa4 ./Core/Src/adc.o
 .debug_frame   0x000000a4       0x7c ./Core/Src/dac.o
 .debug_frame   0x00000120       0x78 ./Core/Src/fdcan.o
 .debug_frame   0x00000198       0x34 ./Core/Src/gpdma.o
 .debug_frame   0x000001cc       0x38 ./Core/Src/gpio.o
 .debug_frame   0x00000204       0x2c ./Core/Src/icache.o
 .debug_frame   0x00000230       0x8c ./Core/Src/main.o
 .debug_frame   0x000002bc       0x94 ./Core/Src/spi.o
 .debug_frame   0x00000350       0x2c ./Core/Src/stm32h5xx_hal_msp.o
 .debug_frame   0x0000037c      0x190 ./Core/Src/stm32h5xx_it.o
 .debug_frame   0x0000050c       0x60 ./Core/Src/system_stm32h5xx.o
 .debug_frame   0x0000056c      0x1f4 ./Core/Src/tim.o
 .debug_frame   0x00000760      0x828 ./Drivers/STM32H5xx_HAL_Driver/Src/stm32h5xx_hal.o
 .debug_frame   0x00000f88      0xb20 ./Drivers/STM32H5xx_HAL_Driver/Src/stm32h5xx_hal_adc.o
 .debug_frame   0x00001aa8      0x560 ./Drivers/STM32H5xx_HAL_Driver/Src/stm32h5xx_hal_cortex.o
 .debug_frame   0x00002008      0x33c ./Drivers/STM32H5xx_HAL_Driver/Src/stm32h5xx_hal_dac.o
 .debug_frame   0x00002344      0x2a0 ./Drivers/STM32H5xx_HAL_Driver/Src/stm32h5xx_hal_dma.o
 .debug_frame   0x000025e4      0x754 ./Drivers/STM32H5xx_HAL_Driver/Src/stm32h5xx_hal_dma_ex.o
 .debug_frame   0x00002d38      0x9b0 ./Drivers/STM32H5xx_HAL_Driver/Src/stm32h5xx_hal_fdcan.o
 .debug_frame   0x000036e8      0x1ec ./Drivers/STM32H5xx_HAL_Driver/Src/stm32h5xx_hal_gpio.o
 .debug_frame   0x000038d4      0x298 ./Drivers/STM32H5xx_HAL_Driver/Src/stm32h5xx_hal_icache.o
 .debug_frame   0x00003b6c      0x50c ./Drivers/STM32H5xx_HAL_Driver/Src/stm32h5xx_hal_pwr_ex.o
 .debug_frame   0x00004078      0x268 ./Drivers/STM32H5xx_HAL_Driver/Src/stm32h5xx_hal_rcc.o
 .debug_frame   0x000042e0      0x470 ./Drivers/STM32H5xx_HAL_Driver/Src/stm32h5xx_hal_rcc_ex.o
 .debug_frame   0x00004750      0x7ac ./Drivers/STM32H5xx_HAL_Driver/Src/stm32h5xx_hal_spi.o
 .debug_frame   0x00004efc     0x1260 ./Drivers/STM32H5xx_HAL_Driver/Src/stm32h5xx_hal_tim.o
 .debug_frame   0x0000615c      0xa70 ./Drivers/STM32H5xx_HAL_Driver/Src/stm32h5xx_hal_tim_ex.o
 .debug_frame   0x00006bcc       0x20 /opt/st/stm32cubeide_1.18.1/plugins/com.st.stm32cube.ide.mcu.externaltools.gnu-tools-for-stm32.13.3.rel1.linux64_1.0.0.202410170706/tools/bin/../lib/gcc/arm-none-eabi/13.3.1/../../../../arm-none-eabi/lib/thumb/v8-m.main+fp/hard/libc_nano.a(libc_a-memset.o)
 .debug_frame   0x00006bec       0x2c /opt/st/stm32cubeide_1.18.1/plugins/com.st.stm32cube.ide.mcu.externaltools.gnu-tools-for-stm32.13.3.rel1.linux64_1.0.0.202410170706/tools/bin/../lib/gcc/arm-none-eabi/13.3.1/../../../../arm-none-eabi/lib/thumb/v8-m.main+fp/hard/libc_nano.a(libc_a-init.o)

.debug_line_str
                0x00000000       0x77
 .debug_line_str
                0x00000000       0x77 ./Core/Startup/startup_stm32h563zgtx.o
