Archive member included to satisfy reference by file (symbol)

C:/ST/STM32CubeIDE_1.14.1/STM32CubeIDE/plugins/com.st.stm32cube.ide.mcu.externaltools.gnu-tools-for-stm32.13.3.rel1.win32_1.0.0.202411081344/tools/bin/../lib/gcc/arm-none-eabi/13.3.1/../../../../arm-none-eabi/lib/thumb/v8-m.main+fp/hard\libc_nano.a(libc_a-assert.o)
                              ./services/fw-utils/bootloader/bootloader.o (__assert_func)
C:/ST/STM32CubeIDE_1.14.1/STM32CubeIDE/plugins/com.st.stm32cube.ide.mcu.externaltools.gnu-tools-for-stm32.13.3.rel1.win32_1.0.0.202411081344/tools/bin/../lib/gcc/arm-none-eabi/13.3.1/../../../../arm-none-eabi/lib/thumb/v8-m.main+fp/hard\libc_nano.a(libc_a-exit.o)
                              C:/ST/STM32CubeIDE_1.14.1/STM32CubeIDE/plugins/com.st.stm32cube.ide.mcu.externaltools.gnu-tools-for-stm32.13.3.rel1.win32_1.0.0.202411081344/tools/bin/../lib/gcc/arm-none-eabi/13.3.1/../../../../arm-none-eabi/lib/thumb/v8-m.main+fp/hard/crt0.o (exit)
C:/ST/STM32CubeIDE_1.14.1/STM32CubeIDE/plugins/com.st.stm32cube.ide.mcu.externaltools.gnu-tools-for-stm32.13.3.rel1.win32_1.0.0.202411081344/tools/bin/../lib/gcc/arm-none-eabi/13.3.1/../../../../arm-none-eabi/lib/thumb/v8-m.main+fp/hard\libc_nano.a(libc_a-findfp.o)
                              C:/ST/STM32CubeIDE_1.14.1/STM32CubeIDE/plugins/com.st.stm32cube.ide.mcu.externaltools.gnu-tools-for-stm32.13.3.rel1.win32_1.0.0.202411081344/tools/bin/../lib/gcc/arm-none-eabi/13.3.1/../../../../arm-none-eabi/lib/thumb/v8-m.main+fp/hard\libc_nano.a(libc_a-exit.o) (__stdio_exit_handler)
C:/ST/STM32CubeIDE_1.14.1/STM32CubeIDE/plugins/com.st.stm32cube.ide.mcu.externaltools.gnu-tools-for-stm32.13.3.rel1.win32_1.0.0.202411081344/tools/bin/../lib/gcc/arm-none-eabi/13.3.1/../../../../arm-none-eabi/lib/thumb/v8-m.main+fp/hard\libc_nano.a(libc_a-fprintf.o)
                              C:/ST/STM32CubeIDE_1.14.1/STM32CubeIDE/plugins/com.st.stm32cube.ide.mcu.externaltools.gnu-tools-for-stm32.13.3.rel1.win32_1.0.0.202411081344/tools/bin/../lib/gcc/arm-none-eabi/13.3.1/../../../../arm-none-eabi/lib/thumb/v8-m.main+fp/hard\libc_nano.a(libc_a-assert.o) (fiprintf)
C:/ST/STM32CubeIDE_1.14.1/STM32CubeIDE/plugins/com.st.stm32cube.ide.mcu.externaltools.gnu-tools-for-stm32.13.3.rel1.win32_1.0.0.202411081344/tools/bin/../lib/gcc/arm-none-eabi/13.3.1/../../../../arm-none-eabi/lib/thumb/v8-m.main+fp/hard\libc_nano.a(libc_a-fwalk.o)
                              C:/ST/STM32CubeIDE_1.14.1/STM32CubeIDE/plugins/com.st.stm32cube.ide.mcu.externaltools.gnu-tools-for-stm32.13.3.rel1.win32_1.0.0.202411081344/tools/bin/../lib/gcc/arm-none-eabi/13.3.1/../../../../arm-none-eabi/lib/thumb/v8-m.main+fp/hard\libc_nano.a(libc_a-findfp.o) (_fwalk_sglue)
C:/ST/STM32CubeIDE_1.14.1/STM32CubeIDE/plugins/com.st.stm32cube.ide.mcu.externaltools.gnu-tools-for-stm32.13.3.rel1.win32_1.0.0.202411081344/tools/bin/../lib/gcc/arm-none-eabi/13.3.1/../../../../arm-none-eabi/lib/thumb/v8-m.main+fp/hard\libc_nano.a(libc_a-stdio.o)
                              C:/ST/STM32CubeIDE_1.14.1/STM32CubeIDE/plugins/com.st.stm32cube.ide.mcu.externaltools.gnu-tools-for-stm32.13.3.rel1.win32_1.0.0.202411081344/tools/bin/../lib/gcc/arm-none-eabi/13.3.1/../../../../arm-none-eabi/lib/thumb/v8-m.main+fp/hard\libc_nano.a(libc_a-findfp.o) (__sread)
C:/ST/STM32CubeIDE_1.14.1/STM32CubeIDE/plugins/com.st.stm32cube.ide.mcu.externaltools.gnu-tools-for-stm32.13.3.rel1.win32_1.0.0.202411081344/tools/bin/../lib/gcc/arm-none-eabi/13.3.1/../../../../arm-none-eabi/lib/thumb/v8-m.main+fp/hard\libc_nano.a(libc_a-memcmp.o)
                              ./services/fw-utils/bootloader/bootloader.o (memcmp)
C:/ST/STM32CubeIDE_1.14.1/STM32CubeIDE/plugins/com.st.stm32cube.ide.mcu.externaltools.gnu-tools-for-stm32.13.3.rel1.win32_1.0.0.202411081344/tools/bin/../lib/gcc/arm-none-eabi/13.3.1/../../../../arm-none-eabi/lib/thumb/v8-m.main+fp/hard\libc_nano.a(libc_a-memset.o)
                              C:/ST/STM32CubeIDE_1.14.1/STM32CubeIDE/plugins/com.st.stm32cube.ide.mcu.externaltools.gnu-tools-for-stm32.13.3.rel1.win32_1.0.0.202411081344/tools/bin/../lib/gcc/arm-none-eabi/13.3.1/../../../../arm-none-eabi/lib/thumb/v8-m.main+fp/hard/crt0.o (memset)
C:/ST/STM32CubeIDE_1.14.1/STM32CubeIDE/plugins/com.st.stm32cube.ide.mcu.externaltools.gnu-tools-for-stm32.13.3.rel1.win32_1.0.0.202411081344/tools/bin/../lib/gcc/arm-none-eabi/13.3.1/../../../../arm-none-eabi/lib/thumb/v8-m.main+fp/hard\libc_nano.a(libc_a-closer.o)
                              C:/ST/STM32CubeIDE_1.14.1/STM32CubeIDE/plugins/com.st.stm32cube.ide.mcu.externaltools.gnu-tools-for-stm32.13.3.rel1.win32_1.0.0.202411081344/tools/bin/../lib/gcc/arm-none-eabi/13.3.1/../../../../arm-none-eabi/lib/thumb/v8-m.main+fp/hard\libc_nano.a(libc_a-stdio.o) (_close_r)
[...]
Memory Configuration

Name             Origin             Length             Attributes
ISR_VECTOR       0x08000000         0x00000f00         xr
RAM              0x20000000         0x0009fe00         xrw
SHARED_RAM       0x2009fe00         0x00000200         xrw
FLASH            0x080e8000         0x00018000         xr
*default*        0x00000000         0xffffffff

Linker script and memory map

LOAD C:/ST/STM32CubeIDE_1.14.1/STM32CubeIDE/plugins/com.st.stm32cube.ide.mcu.externaltools.gnu-tools-for-stm32.13.3.rel1.win32_1.0.0.202411081344/tools/bin/../lib/gcc/arm-none-eabi/13.3.1/thumb/v8-m.main+fp/hard/crti.o
LOAD C:/ST/STM32CubeIDE_1.14.1/STM32CubeIDE/plugins/com.st.stm32cube.ide.mcu.externaltools.gnu-tools-for-stm32.13.3.rel1.win32_1.0.0.202411081344/tools/bin/../lib/gcc/arm-none-eabi/13.3.1/thumb/v8-m.main+fp/hard/crtbegin.o
LOAD C:/ST/STM32CubeIDE_1.14.1/STM32CubeIDE/plugins/com.st.stm32cube.ide.mcu.externaltools.gnu-tools-for-stm32.13.3.rel1.win32_1.0.0.202411081344/tools/bin/../lib/gcc/arm-none-eabi/13.3.1/../../../../arm-none-eabi/lib/thumb/v8-m.main+fp/hard/crt0.o
LOAD ./Core/Src/adc.o
LOAD ./Core/Src/crc.o
LOAD ./Core/Src/dac.o
LOAD ./Core/Src/fdcan.o
LOAD ./Core/Src/gpdma.o
LOAD ./Core/Src/gpio.o
LOAD ./Core/Src/icache.o
LOAD ./Core/Src/main.o
LOAD ./Core/Src/spi.o
LOAD ./Core/Src/stm32h5xx_hal_msp.o
LOAD ./Core/Src/stm32h5xx_it.o
LOAD ./Core/Src/syscalls.o
LOAD ./Core/Src/sysmem.o
LOAD ./Core/Src/system_stm32h5xx.o
LOAD ./Core/Src/tim.o
LOAD ./Core/Startup/startup_stm32h563zgtx.o
LOAD ./Drivers/STM32H5xx_HAL_Driver/Src/stm32h5xx_hal.o
LOAD ./Drivers/STM32H5xx_HAL_Driver/Src/stm32h5xx_hal_adc.o
LOAD ./Drivers/STM32H5xx_HAL_Driver/Src/stm32h5xx_hal_adc_ex.o
LOAD ./Drivers/STM32H5xx_HAL_Driver/Src/stm32h5xx_hal_cortex.o
LOAD ./Drivers/STM32H5xx_HAL_Driver/Src/stm32h5xx_hal_crc.o
LOAD ./Drivers/STM32H5xx_HAL_Driver/Src/stm32h5xx_hal_crc_ex.o
LOAD ./Drivers/STM32H5xx_HAL_Driver/Src/stm32h5xx_hal_dac.o
LOAD ./Drivers/STM32H5xx_HAL_Driver/Src/stm32h5xx_hal_dac_ex.o
LOAD ./Drivers/STM32H5xx_HAL_Driver/Src/stm32h5xx_hal_dma.o
LOAD ./Drivers/STM32H5xx_HAL_Driver/Src/stm32h5xx_hal_dma_ex.o
LOAD ./Drivers/STM32H5xx_HAL_Driver/Src/stm32h5xx_hal_exti.o
LOAD ./Drivers/STM32H5xx_HAL_Driver/Src/stm32h5xx_hal_fdcan.o
LOAD ./Drivers/STM32H5xx_HAL_Driver/Src/stm32h5xx_hal_flash.o
LOAD ./Drivers/STM32H5xx_HAL_Driver/Src/stm32h5xx_hal_flash_ex.o
LOAD ./Drivers/STM32H5xx_HAL_Driver/Src/stm32h5xx_hal_gpio.o
LOAD ./Drivers/STM32H5xx_HAL_Driver/Src/stm32h5xx_hal_icache.o
LOAD ./Drivers/STM32H5xx_HAL_Driver/Src/stm32h5xx_hal_pwr.o
LOAD ./Drivers/STM32H5xx_HAL_Driver/Src/stm32h5xx_hal_pwr_ex.o
LOAD ./Drivers/STM32H5xx_HAL_Driver/Src/stm32h5xx_hal_rcc.o
LOAD ./Drivers/STM32H5xx_HAL_Driver/Src/stm32h5xx_hal_rcc_ex.o
LOAD ./Drivers/STM32H5xx_HAL_Driver/Src/stm32h5xx_hal_spi.o
LOAD ./Drivers/STM32H5xx_HAL_Driver/Src/stm32h5xx_hal_spi_ex.o
LOAD ./Drivers/STM32H5xx_HAL_Driver/Src/stm32h5xx_hal_tim.o
LOAD ./Drivers/STM32H5xx_HAL_Driver/Src/stm32h5xx_hal_tim_ex.o
LOAD ./services/can/can_message_handler.o
LOAD ./services/fw-utils/bootloader/bootloader.o
LOAD ./services/fw-utils/bootloader/fw_verification/fw_verification.o
LOAD ./services/fw-utils/btea/btea.o
LOAD ./services/fw-utils/data_comm/data_comm_rx.o
LOAD ./services/fw-utils/data_comm/data_comm_tx.o
LOAD ./services/fw-utils/nand_flash/nand_flash.o
LOAD ./services/fw-utils/packet2/packet2.o
LOAD ./services/fw-utils/tinycrypt/lib/source/aes_decrypt.o
LOAD ./services/fw-utils/tinycrypt/lib/source/aes_encrypt.o
LOAD ./services/fw-utils/tinycrypt/lib/source/cbc_mode.o
LOAD ./services/fw-utils/tinycrypt/lib/source/ccm_mode.o
LOAD ./services/fw-utils/tinycrypt/lib/source/cmac_mode.o
LOAD ./services/fw-utils/tinycrypt/lib/source/ctr_mode.o
LOAD ./services/fw-utils/tinycrypt/lib/source/ctr_prng.o
LOAD ./services/fw-utils/tinycrypt/lib/source/ecc.o
LOAD ./services/fw-utils/tinycrypt/lib/source/ecc_dh.o
LOAD ./services/fw-utils/tinycrypt/lib/source/ecc_dsa.o
LOAD ./services/fw-utils/tinycrypt/lib/source/ecc_platform_specific.o
LOAD ./services/fw-utils/tinycrypt/lib/source/hmac.o
LOAD ./services/fw-utils/tinycrypt/lib/source/hmac_prng.o
LOAD ./services/fw-utils/tinycrypt/lib/source/sha256.o
LOAD ./services/fw-utils/tinycrypt/lib/source/utils.o
LOAD ./services/fw-utils/utils.o
LOAD ./services/memory/mem.o
LOAD ./sf_hal_stm32h5/bootloader_hal/sf_bootloader_hal.o
LOAD ./sf_hal_stm32h5/can_hal/sf_can_hal.o
LOAD ./sf_hal_stm32h5/crc_hal/sf_crc_hal.o
LOAD ./sf_hal_stm32h5/flash_hal/sf_flash_hal.o
LOAD ./sf_hal_stm32h5/gpio_hal/sf_gpio_hal.o
LOAD ./sf_hal_stm32h5/timer_hal/sf_timer_hal.o
START GROUP
LOAD C:/ST/STM32CubeIDE_1.14.1/STM32CubeIDE/plugins/com.st.stm32cube.ide.mcu.externaltools.gnu-tools-for-stm32.13.3.rel1.win32_1.0.0.202411081344/tools/bin/../lib/gcc/arm-none-eabi/13.3.1/../../../../arm-none-eabi/lib/thumb/v8-m.main+fp/hard\libc_nano.a
LOAD C:/ST/STM32CubeIDE_1.14.1/STM32CubeIDE/plugins/com.st.stm32cube.ide.mcu.externaltools.gnu-tools-for-stm32.13.3.rel1.win32_1.0.0.202411081344/tools/bin/../lib/gcc/arm-none-eabi/13.3.1/../../../../arm-none-eabi/lib/thumb/v8-m.main+fp/hard\libm.a
END GROUP
START GROUP
LOAD C:/ST/STM32CubeIDE_1.14.1/STM32CubeIDE/plugins/com.st.stm32cube.ide.mcu.externaltools.gnu-tools-for-stm32.13.3.rel1.win32_1.0.0.202411081344/tools/bin/../lib/gcc/arm-none-eabi/13.3.1/thumb/v8-m.main+fp/hard\libgcc.a
LOAD C:/ST/STM32CubeIDE_1.14.1/STM32CubeIDE/plugins/com.st.stm32cube.ide.mcu.externaltools.gnu-tools-for-stm32.13.3.rel1.win32_1.0.0.202411081344/tools/bin/../lib/gcc/arm-none-eabi/13.3.1/../../../../arm-none-eabi/lib/thumb/v8-m.main+fp/hard\libc_nano.a
END GROUP
START GROUP
LOAD C:/ST/STM32CubeIDE_1.14.1/STM32CubeIDE/plugins/com.st.stm32cube.ide.mcu.externaltools.gnu-tools-for-stm32.13.3.rel1.win32_1.0.0.202411081344/tools/bin/../lib/gcc/arm-none-eabi/13.3.1/thumb/v8-m.main+fp/hard\libgcc.a
LOAD C:/ST/STM32CubeIDE_1.14.1/STM32CubeIDE/plugins/com.st.stm32cube.ide.mcu.externaltools.gnu-tools-for-stm32.13.3.rel1.win32_1.0.0.202411081344/tools/bin/../lib/gcc/arm-none-eabi/13.3.1/../../../../arm-none-eabi/lib/thumb/v8-m.main+fp/hard\libc_nano.a
LOAD C:/ST/STM32CubeIDE_1.14.1/STM32CubeIDE/plugins/com.st.stm32cube.ide.mcu.externaltools.gnu-tools-for-stm32.13.3.rel1.win32_1.0.0.202411081344/tools/bin/../lib/gcc/arm-none-eabi/13.3.1/../../../../arm-none-eabi/lib/thumb/v8-m.main+fp/hard\libnosys.a
END GROUP
START GROUP
LOAD C:/ST/STM32CubeIDE_1.14.1/STM32CubeIDE/plugins/com.st.stm32cube.ide.mcu.externaltools.gnu-tools-for-stm32.13.3.rel1.win32_1.0.0.202411081344/tools/bin/../lib/gcc/arm-none-eabi/13.3.1/thumb/v8-m.main+fp/hard\libgcc.a
LOAD C:/ST/STM32CubeIDE_1.14.1/STM32CubeIDE/plugins/com.st.stm32cube.ide.mcu.externaltools.gnu-tools-for-stm32.13.3.rel1.win32_1.0.0.202411081344/tools/bin/../lib/gcc/arm-none-eabi/13.3.1/../../../../arm-none-eabi/lib/thumb/v8-m.main+fp/hard\libc_nano.a
LOAD C:/ST/STM32CubeIDE_1.14.1/STM32CubeIDE/plugins/com.st.stm32cube.ide.mcu.externaltools.gnu-tools-for-stm32.13.3.rel1.win32_1.0.0.202411081344/tools/bin/../lib/gcc/arm-none-eabi/13.3.1/../../../../arm-none-eabi/lib/thumb/v8-m.main+fp/hard\libnosys.a
END GROUP
LOAD C:/ST/STM32CubeIDE_1.14.1/STM32CubeIDE/plugins/com.st.stm32cube.ide.mcu.externaltools.gnu-tools-for-stm32.13.3.rel1.win32_1.0.0.202411081344/tools/bin/../lib/gcc/arm-none-eabi/13.3.1/thumb/v8-m.main+fp/hard/crtend.o
LOAD C:/ST/STM32CubeIDE_1.14.1/STM32CubeIDE/plugins/com.st.stm32cube.ide.mcu.externaltools.gnu-tools-for-stm32.13.3.rel1.win32_1.0.0.202411081344/tools/bin/../lib/gcc/arm-none-eabi/13.3.1/thumb/v8-m.main+fp/hard/crtn.o
                0x2009fe00                        _estack = (ORIGIN (RAM) + LENGTH (RAM))
                0x00000200                        _Min_Heap_Size = 0x200
                0x00000400                        _Min_Stack_Size = 0x400
                0x00002000                        SECTOR_SIZE = 0x2000
                0x00100000                        FLASH_MEM_SIZE = 0x100000
                0x00018000                        BOOTLOADER_SIZE = 0x18000
                0x08000000                        FLASH_BASE = 0x8000000
                0x080e8000                        BOOTLOADER_START_ADDR = (FLASH_BASE + (FLASH_MEM_SIZE - BOOTLOADER_SIZE))
                0x00002000                        FREE_SPACE_START = SECTOR_SIZE
                0x080e6000                        FREE_SPACE_SIZE = (BOOTLOADER_START_ADDR - FREE_SPACE_START)
                0x20000000                        RAM_BASE = 0x20000000
                0x000a0000                        RAM_TOTAL_SIZE = 0xa0000
                0x00000200                        SHARED_RAM_SIZE = 0x200
                0x0009fe00                        RAM_MAIN_SIZE = (RAM_TOTAL_SIZE - SHARED_RAM_SIZE)
                [!provide]                        PROVIDE (__free_space_start = FREE_SPACE_START)
                [!provide]                        PROVIDE (__free_space_size = FREE_SPACE_SIZE)
                [!provide]                        PROVIDE (__sector_size = SECTOR_SIZE)

.isr_vector     0x08000000      0x24c
                0x08000000                        . = ALIGN (0x4)
 *(.isr_vector)
 .isr_vector    0x08000000      0x24c ./Core/Startup/startup_stm32h563zgtx.o
                0x08000000                g_pfnVectors
                0x0800024c                        . = ALIGN (0x4)

.text           0x080e8000    0x12ccc
                0x080e8000                        . = ALIGN (0x4)
 *(.text)
 .text          0x080e8000       0x40 C:/ST/STM32CubeIDE_1.14.1/STM32CubeIDE/plugins/com.st.stm32cube.ide.mcu.externaltools.gnu-tools-for-stm32.13.3.rel1.win32_1.0.0.202411081344/tools/bin/../lib/gcc/arm-none-eabi/13.3.1/thumb/v8-m.main+fp/hard/crtbegin.o
 *(.text*)
 .text.MX_ADC1_Init
                0x080e8040      0x178 ./Core/Src/adc.o
                0x080e8040                MX_ADC1_Init
 .text.MX_ADC2_Init
                0x080e81b8      0x1b8 ./Core/Src/adc.o
                0x080e81b8                MX_ADC2_Init
 .text.HAL_ADC_MspInit
                0x080e8370      0x4d8 ./Core/Src/adc.o
                0x080e8370                HAL_ADC_MspInit
 .text.MX_CRC_Init
                0x080e8848       0x44 ./Core/Src/crc.o
                0x080e8848                MX_CRC_Init
 .text.HAL_CRC_MspInit
                0x080e888c       0x44 ./Core/Src/crc.o
                0x080e888c                HAL_CRC_MspInit
 .text.HAL_CRC_MspDeInit
                0x080e88d0       0x38 ./Core/Src/crc.o
                0x080e88d0                HAL_CRC_MspDeInit
 .text.MX_DAC1_Init
                0x080e8908       0x84 ./Core/Src/dac.o
                0x080e8908                MX_DAC1_Init
 .text.HAL_DAC_MspInit
                0x080e898c       0x8c ./Core/Src/dac.o
                0x080e898c                HAL_DAC_MspInit
 .text.MX_FDCAN1_Init
                0x080e8a18       0x8c ./Core/Src/fdcan.o
                0x080e8a18                MX_FDCAN1_Init
 .text.HAL_FDCAN_MspInit
                0x080e8aa4      0x18c ./Core/Src/fdcan.o
                0x080e8aa4                HAL_FDCAN_MspInit
 .text.MX_GPDMA1_Init
                0x080e8c30       0x50 ./Core/Src/gpdma.o
                0x080e8c30                MX_GPDMA1_Init
 .text.MX_GPIO_Init
                0x080e8c80      0x284 ./Core/Src/gpio.o
                0x080e8c80                MX_GPIO_Init
 .text.MX_ICACHE_Init
                0x080e8f04       0x26 ./Core/Src/icache.o
                0x080e8f04                MX_ICACHE_Init
 *fill*         0x080e8f2a        0x2 
 .text.main     0x080e8f2c      0x140 ./Core/Src/main.o
                0x080e8f2c                main
 .text.SystemClock_Config
                0x080e906c      0x10c ./Core/Src/main.o
                0x080e906c                SystemClock_Config
 .text.MPU_Config
                0x080e9178       0x6c ./Core/Src/main.o
 .text.Error_Handler
                0x080e91e4        0xc ./Core/Src/main.o
                0x080e91e4                Error_Handler
 .text.MX_SPI2_Init
                0x080e91f0       0xb0 ./Core/Src/spi.o
                0x080e91f0                MX_SPI2_Init
 .text.MX_SPI4_Init
                0x080e92a0       0xac ./Core/Src/spi.o
                0x080e92a0                MX_SPI4_Init
 .text.HAL_SPI_MspInit
                0x080e934c      0x1f8 ./Core/Src/spi.o
                0x080e934c                HAL_SPI_MspInit
 .text.HAL_MspInit
                0x080e9544       0x30 ./Core/Src/stm32h5xx_hal_msp.o
                0x080e9544                HAL_MspInit
 .text.NMI_Handler
                0x080e9574        0x8 ./Core/Src/stm32h5xx_it.o
                0x080e9574                NMI_Handler
 .text.HardFault_Handler
                0x080e957c        0x8 ./Core/Src/stm32h5xx_it.o
                0x080e957c                HardFault_Handler
 .text.MemManage_Handler
                0x080e9584        0x8 ./Core/Src/stm32h5xx_it.o
                0x080e9584                MemManage_Handler
 .text.BusFault_Handler
                0x080e958c        0x8 ./Core/Src/stm32h5xx_it.o
                0x080e958c                BusFault_Handler
 .text.UsageFault_Handler
                0x080e9594        0x8 ./Core/Src/stm32h5xx_it.o
                0x080e9594                UsageFault_Handler
 .text.SVC_Handler
                0x080e959c        0xe ./Core/Src/stm32h5xx_it.o
                0x080e959c                SVC_Handler
 .text.DebugMon_Handler
                0x080e95aa        0xe ./Core/Src/stm32h5xx_it.o
                0x080e95aa                DebugMon_Handler
 .text.PendSV_Handler
                0x080e95b8        0xe ./Core/Src/stm32h5xx_it.o
                0x080e95b8                PendSV_Handler
 .text.SysTick_Handler
                0x080e95c6        0xc ./Core/Src/stm32h5xx_it.o
                0x080e95c6                SysTick_Handler
 *fill*         0x080e95d2        0x2 
 .text.GPDMA1_Channel0_IRQHandler
                0x080e95d4       0x14 ./Core/Src/stm32h5xx_it.o
                0x080e95d4                GPDMA1_Channel0_IRQHandler
 .text.GPDMA1_Channel1_IRQHandler
                0x080e95e8       0x14 ./Core/Src/stm32h5xx_it.o
                0x080e95e8                GPDMA1_Channel1_IRQHandler
 .text.FDCAN1_IT0_IRQHandler
                0x080e95fc       0x14 ./Core/Src/stm32h5xx_it.o
                0x080e95fc                FDCAN1_IT0_IRQHandler
 .text.TIM1_UP_IRQHandler
                0x080e9610       0x14 ./Core/Src/stm32h5xx_it.o
                0x080e9610                TIM1_UP_IRQHandler
 .text.TIM17_IRQHandler
                0x080e9624       0x14 ./Core/Src/stm32h5xx_it.o
                0x080e9624                TIM17_IRQHandler
 .text._getpid  0x080e9638       0x10 ./Core/Src/syscalls.o
                0x080e9638                _getpid
 .text._kill    0x080e9648       0x20 ./Core/Src/syscalls.o
                0x080e9648                _kill
 .text._exit    0x080e9668       0x16 ./Core/Src/syscalls.o
                0x080e9668                _exit
 .text._read    0x080e967e       0x3a ./Core/Src/syscalls.o
                0x080e967e                _read
 .text._write   0x080e96b8       0x38 ./Core/Src/syscalls.o
                0x080e96b8                _write
 .text._close   0x080e96f0       0x18 ./Core/Src/syscalls.o
                0x080e96f0                _close
 .text._fstat   0x080e9708       0x20 ./Core/Src/syscalls.o
                0x080e9708                _fstat
 .text._isatty  0x080e9728       0x16 ./Core/Src/syscalls.o
                0x080e9728                _isatty
 .text._lseek   0x080e973e       0x1a ./Core/Src/syscalls.o
                0x080e973e                _lseek
 .text._sbrk    0x080e9758       0x6c ./Core/Src/sysmem.o
                0x080e9758                _sbrk
 .text.SystemInit
                0x080e97c4       0xf8 ./Core/Src/system_stm32h5xx.o
                0x080e97c4                SystemInit
 .text.MX_TIM1_Init
                0x080e98bc      0x1a4 ./Core/Src/tim.o
                0x080e98bc                MX_TIM1_Init
 .text.MX_TIM3_Init
                0x080e9a60      0x130 ./Core/Src/tim.o
                0x080e9a60                MX_TIM3_Init
 .text.MX_TIM4_Init
                0x080e9b90      0x12c ./Core/Src/tim.o
                0x080e9b90                MX_TIM4_Init
 .text.MX_TIM8_Init
                0x080e9cbc      0x1d0 ./Core/Src/tim.o
                0x080e9cbc                MX_TIM8_Init
 .text.MX_TIM13_Init
                0x080e9e8c       0x48 ./Core/Src/tim.o
                0x080e9e8c                MX_TIM13_Init
 .text.MX_TIM14_Init
                0x080e9ed4       0x48 ./Core/Src/tim.o
                0x080e9ed4                MX_TIM14_Init
 .text.MX_TIM15_Init
                0x080e9f1c       0xb0 ./Core/Src/tim.o
                0x080e9f1c                MX_TIM15_Init
 .text.MX_TIM16_Init
                0x080e9fcc       0xf4 ./Core/Src/tim.o
                0x080e9fcc                MX_TIM16_Init
 .text.MX_TIM17_Init
                0x080ea0c0       0x4c ./Core/Src/tim.o
                0x080ea0c0                MX_TIM17_Init
 .text.HAL_TIM_Base_MspInit
                0x080ea10c      0x1a4 ./Core/Src/tim.o
                0x080ea10c                HAL_TIM_Base_MspInit
 .text.HAL_TIM_IC_MspInit
                0x080ea2b0       0x94 ./Core/Src/tim.o
                0x080ea2b0                HAL_TIM_IC_MspInit
 .text.HAL_TIM_MspPostInit
                0x080ea344      0x1c0 ./Core/Src/tim.o
                0x080ea344                HAL_TIM_MspPostInit
 .text.Reset_Handler
                0x080ea504       0x50 ./Core/Startup/startup_stm32h563zgtx.o
                0x080ea504                Reset_Handler
 .text.Default_Handler
                0x080ea554        0x2 ./Core/Startup/startup_stm32h563zgtx.o
                0x080ea554                EXTI2_IRQHandler
                0x080ea554                TIM8_TRG_COM_IRQHandler
                0x080ea554                TIM8_CC_IRQHandler
                0x080ea554                EXTI5_IRQHandler
                0x080ea554                I3C1_ER_IRQHandler
                0x080ea554                UART8_IRQHandler
                0x080ea554                SPI4_IRQHandler
                0x080ea554                GPDMA2_Channel1_IRQHandler
                0x080ea554                FLASH_S_IRQHandler
                0x080ea554                EXTI13_IRQHandler
                0x080ea554                TIM1_CC_IRQHandler
                0x080ea554                GPDMA2_Channel3_IRQHandler
                0x080ea554                TAMP_IRQHandler
                0x080ea554                TIM6_IRQHandler
                0x080ea554                EXTI12_IRQHandler
                0x080ea554                CORDIC_IRQHandler
                0x080ea554                USB_DRD_FS_IRQHandler
                0x080ea554                EXTI3_IRQHandler
                0x080ea554                LPTIM4_IRQHandler
                0x080ea554                GPDMA1_Channel5_IRQHandler
                0x080ea554                EXTI8_IRQHandler
                0x080ea554                GPDMA2_Channel5_IRQHandler
                0x080ea554                LPTIM2_IRQHandler
                0x080ea554                I2C3_ER_IRQHandler
                0x080ea554                GPDMA2_Channel2_IRQHandler
                0x080ea554                USART10_IRQHandler
                0x080ea554                LPTIM3_IRQHandler
                0x080ea554                EXTI0_IRQHandler
                0x080ea554                I2C2_EV_IRQHandler
                0x080ea554                FPU_IRQHandler
                0x080ea554                GPDMA1_Channel3_IRQHandler
                0x080ea554                GPDMA1_Channel7_IRQHandler
                0x080ea554                FDCAN1_IT1_IRQHandler
                0x080ea554                RAMCFG_IRQHandler
                0x080ea554                DCACHE1_IRQHandler
                0x080ea554                SPI1_IRQHandler
                0x080ea554                OCTOSPI1_IRQHandler
                0x080ea554                GPDMA1_Channel2_IRQHandler
                0x080ea554                TIM8_UP_IRQHandler
                0x080ea554                RCC_S_IRQHandler
                0x080ea554                SAI2_IRQHandler
                0x080ea554                ADC1_IRQHandler
                0x080ea554                USART6_IRQHandler
                0x080ea554                EXTI15_IRQHandler
                0x080ea554                USART3_IRQHandler
                0x080ea554                RTC_IRQHandler
                0x080ea554                EXTI9_IRQHandler
                0x080ea554                LPTIM5_IRQHandler
                0x080ea554                UART5_IRQHandler
                0x080ea554                TIM4_IRQHandler
                0x080ea554                I2C1_EV_IRQHandler
                0x080ea554                TIM16_IRQHandler
                0x080ea554                UART4_IRQHandler
                0x080ea554                SecureFault_Handler
                0x080ea554                TIM3_IRQHandler
                0x080ea554                RCC_IRQHandler
                0x080ea554                UART9_IRQHandler
                0x080ea554                TIM1_TRG_COM_IRQHandler
                0x080ea554                Default_Handler
                0x080ea554                FMAC_IRQHandler
                0x080ea554                CEC_IRQHandler
                0x080ea554                USART11_IRQHandler
                0x080ea554                TIM14_IRQHandler
                0x080ea554                TIM13_IRQHandler
                0x080ea554                GPDMA2_Channel4_IRQHandler
                0x080ea554                SPI5_IRQHandler
                0x080ea554                TIM12_IRQHandler
                0x080ea554                TIM7_IRQHandler
                0x080ea554                SDMMC1_IRQHandler
                0x080ea554                TIM5_IRQHandler
                0x080ea554                UCPD1_IRQHandler
                0x080ea554                I3C1_EV_IRQHandler
                0x080ea554                TIM15_IRQHandler
                0x080ea554                PVD_AVD_IRQHandler
                0x080ea554                I2C3_EV_IRQHandler
                0x080ea554                ETH_WKUP_IRQHandler
                0x080ea554                ADC2_IRQHandler
                0x080ea554                SPI2_IRQHandler
                0x080ea554                EXTI14_IRQHandler
                0x080ea554                EXTI11_IRQHandler
                0x080ea554                CRS_IRQHandler
                0x080ea554                EXTI4_IRQHandler
                0x080ea554                GPDMA2_Channel0_IRQHandler
                0x080ea554                RTC_S_IRQHandler
                0x080ea554                RNG_IRQHandler
                0x080ea554                FDCAN2_IT1_IRQHandler
                0x080ea554                ETH_IRQHandler
                0x080ea554                GPDMA2_Channel6_IRQHandler
                0x080ea554                UART12_IRQHandler
                0x080ea554                WWDG_IRQHandler
                0x080ea554                SPI6_IRQHandler
                0x080ea554                I2C4_EV_IRQHandler
                0x080ea554                FDCAN2_IT0_IRQHandler
                0x080ea554                IWDG_IRQHandler
                0x080ea554                LPUART1_IRQHandler
                0x080ea554                TIM2_IRQHandler
                0x080ea554                GPDMA1_Channel4_IRQHandler
                0x080ea554                EXTI7_IRQHandler
                0x080ea554                TIM1_BRK_IRQHandler
                0x080ea554                EXTI1_IRQHandler
                0x080ea554                SDMMC2_IRQHandler
                0x080ea554                LPTIM6_IRQHandler
                0x080ea554                DAC1_IRQHandler
                0x080ea554                DTS_IRQHandler
                0x080ea554                UART7_IRQHandler
                0x080ea554                GTZC_IRQHandler
                0x080ea554                USART2_IRQHandler
                0x080ea554                GPDMA1_Channel6_IRQHandler
                0x080ea554                GPDMA2_Channel7_IRQHandler
                0x080ea554                I2C2_ER_IRQHandler
                0x080ea554                TIM8_BRK_IRQHandler
                0x080ea554                FLASH_IRQHandler
                0x080ea554                USART1_IRQHandler
                0x080ea554                EXTI10_IRQHandler
                0x080ea554                SPI3_IRQHandler
                0x080ea554                I2C1_ER_IRQHandler
                0x080ea554                FMC_IRQHandler
                0x080ea554                EXTI6_IRQHandler
                0x080ea554                LPTIM1_IRQHandler
                0x080ea554                DCMI_PSSI_IRQHandler
                0x080ea554                I2C4_ER_IRQHandler
                0x080ea554                ICACHE_IRQHandler
                0x080ea554                SAI1_IRQHandler
                0x080ea554                HASH_IRQHandler
 *fill*         0x080ea556        0x2 
 .text.HAL_Init
                0x080ea558       0x50 ./Drivers/STM32H5xx_HAL_Driver/Src/stm32h5xx_hal.o
                0x080ea558                HAL_Init
 .text.HAL_DeInit
                0x080ea5a8       0x88 ./Drivers/STM32H5xx_HAL_Driver/Src/stm32h5xx_hal.o
                0x080ea5a8                HAL_DeInit
 .text.HAL_MspDeInit
                0x080ea630        0xe ./Drivers/STM32H5xx_HAL_Driver/Src/stm32h5xx_hal.o
                0x080ea630                HAL_MspDeInit
 *fill*         0x080ea63e        0x2 
 .text.HAL_InitTick
                0x080ea640       0xec ./Drivers/STM32H5xx_HAL_Driver/Src/stm32h5xx_hal.o
                0x080ea640                HAL_InitTick
 .text.HAL_IncTick
                0x080ea72c       0x28 ./Drivers/STM32H5xx_HAL_Driver/Src/stm32h5xx_hal.o
                0x080ea72c                HAL_IncTick
 .text.HAL_GetTick
                0x080ea754       0x18 ./Drivers/STM32H5xx_HAL_Driver/Src/stm32h5xx_hal.o
                0x080ea754                HAL_GetTick
 .text.LL_ADC_SetCommonClock
                0x080ea76c       0x26 ./Drivers/STM32H5xx_HAL_Driver/Src/stm32h5xx_hal_adc.o
 .text.LL_ADC_SetCommonPathInternalCh
                0x080ea792       0x26 ./Drivers/STM32H5xx_HAL_Driver/Src/stm32h5xx_hal_adc.o
 .text.LL_ADC_GetCommonPathInternalCh
                0x080ea7b8       0x1c ./Drivers/STM32H5xx_HAL_Driver/Src/stm32h5xx_hal_adc.o
 .text.LL_ADC_EnableChannelVDDcore
                0x080ea7d4       0x24 ./Drivers/STM32H5xx_HAL_Driver/Src/stm32h5xx_hal_adc.o
 .text.LL_ADC_EnableChannel0_GPIO
                0x080ea7f8       0x28 ./Drivers/STM32H5xx_HAL_Driver/Src/stm32h5xx_hal_adc.o
 .text.LL_ADC_SetOffset
                0x080ea820       0x48 ./Drivers/STM32H5xx_HAL_Driver/Src/stm32h5xx_hal_adc.o
 .text.LL_ADC_GetOffsetChannel
                0x080ea868       0x2c ./Drivers/STM32H5xx_HAL_Driver/Src/stm32h5xx_hal_adc.o
 .text.LL_ADC_SetOffsetState
                0x080ea894       0x36 ./Drivers/STM32H5xx_HAL_Driver/Src/stm32h5xx_hal_adc.o
 .text.LL_ADC_SetOffsetSign
                0x080ea8ca       0x36 ./Drivers/STM32H5xx_HAL_Driver/Src/stm32h5xx_hal_adc.o
 .text.LL_ADC_SetOffsetSaturation
                0x080ea900       0x36 ./Drivers/STM32H5xx_HAL_Driver/Src/stm32h5xx_hal_adc.o
 .text.LL_ADC_SetSamplingTimeCommonConfig
                0x080ea936       0x26 ./Drivers/STM32H5xx_HAL_Driver/Src/stm32h5xx_hal_adc.o
 .text.LL_ADC_REG_SetSequencerRanks
                0x080ea95c       0x58 ./Drivers/STM32H5xx_HAL_Driver/Src/stm32h5xx_hal_adc.o
 .text.LL_ADC_SetChannelSamplingTime
                0x080ea9b4       0x56 ./Drivers/STM32H5xx_HAL_Driver/Src/stm32h5xx_hal_adc.o
 *fill*         0x080eaa0a        0x2 
 .text.LL_ADC_SetChannelSingleDiff
                0x080eaa0c       0x48 ./Drivers/STM32H5xx_HAL_Driver/Src/stm32h5xx_hal_adc.o
 .text.LL_ADC_DisableDeepPowerDown
                0x080eaa54       0x24 ./Drivers/STM32H5xx_HAL_Driver/Src/stm32h5xx_hal_adc.o
 .text.LL_ADC_IsDeepPowerDownEnabled
                0x080eaa78       0x28 ./Drivers/STM32H5xx_HAL_Driver/Src/stm32h5xx_hal_adc.o
 .text.LL_ADC_EnableInternalRegulator
                0x080eaaa0       0x28 ./Drivers/STM32H5xx_HAL_Driver/Src/stm32h5xx_hal_adc.o
 .text.LL_ADC_IsInternalRegulatorEnabled
                0x080eaac8       0x28 ./Drivers/STM32H5xx_HAL_Driver/Src/stm32h5xx_hal_adc.o
 .text.LL_ADC_IsEnabled
                0x080eaaf0       0x26 ./Drivers/STM32H5xx_HAL_Driver/Src/stm32h5xx_hal_adc.o
 .text.LL_ADC_REG_IsConversionOngoing
                0x080eab16       0x26 ./Drivers/STM32H5xx_HAL_Driver/Src/stm32h5xx_hal_adc.o
 .text.LL_ADC_INJ_IsConversionOngoing
                0x080eab3c       0x26 ./Drivers/STM32H5xx_HAL_Driver/Src/stm32h5xx_hal_adc.o
 *fill*         0x080eab62        0x2 
 .text.HAL_ADC_Init
                0x080eab64      0x2a8 ./Drivers/STM32H5xx_HAL_Driver/Src/stm32h5xx_hal_adc.o
                0x080eab64                HAL_ADC_Init
 .text.HAL_ADC_ConfigChannel
                0x080eae0c      0x820 ./Drivers/STM32H5xx_HAL_Driver/Src/stm32h5xx_hal_adc.o
                0x080eae0c                HAL_ADC_ConfigChannel
 .text.__NVIC_SetPriorityGrouping
                0x080eb62c       0x48 ./Drivers/STM32H5xx_HAL_Driver/Src/stm32h5xx_hal_cortex.o
 .text.__NVIC_GetPriorityGrouping
                0x080eb674       0x1c ./Drivers/STM32H5xx_HAL_Driver/Src/stm32h5xx_hal_cortex.o
 .text.__NVIC_EnableIRQ
                0x080eb690       0x3c ./Drivers/STM32H5xx_HAL_Driver/Src/stm32h5xx_hal_cortex.o
 .text.__NVIC_SetPriority
                0x080eb6cc       0x54 ./Drivers/STM32H5xx_HAL_Driver/Src/stm32h5xx_hal_cortex.o
 .text.NVIC_EncodePriority
                0x080eb720       0x66 ./Drivers/STM32H5xx_HAL_Driver/Src/stm32h5xx_hal_cortex.o
 .text.HAL_NVIC_SetPriorityGrouping
                0x080eb786       0x16 ./Drivers/STM32H5xx_HAL_Driver/Src/stm32h5xx_hal_cortex.o
                0x080eb786                HAL_NVIC_SetPriorityGrouping
 .text.HAL_NVIC_SetPriority
                0x080eb79c       0x34 ./Drivers/STM32H5xx_HAL_Driver/Src/stm32h5xx_hal_cortex.o
                0x080eb79c                HAL_NVIC_SetPriority
 .text.HAL_NVIC_EnableIRQ
                0x080eb7d0       0x1c ./Drivers/STM32H5xx_HAL_Driver/Src/stm32h5xx_hal_cortex.o
                0x080eb7d0                HAL_NVIC_EnableIRQ
 .text.HAL_SYSTICK_Config
                0x080eb7ec       0x44 ./Drivers/STM32H5xx_HAL_Driver/Src/stm32h5xx_hal_cortex.o
                0x080eb7ec                HAL_SYSTICK_Config
 .text.HAL_SYSTICK_CLKSourceConfig
                0x080eb830       0xb0 ./Drivers/STM32H5xx_HAL_Driver/Src/stm32h5xx_hal_cortex.o
                0x080eb830                HAL_SYSTICK_CLKSourceConfig
 .text.HAL_SYSTICK_GetCLKSourceConfig
                0x080eb8e0       0x6c ./Drivers/STM32H5xx_HAL_Driver/Src/stm32h5xx_hal_cortex.o
                0x080eb8e0                HAL_SYSTICK_GetCLKSourceConfig
 .text.HAL_MPU_Enable
                0x080eb94c       0x44 ./Drivers/STM32H5xx_HAL_Driver/Src/stm32h5xx_hal_cortex.o
                0x080eb94c                HAL_MPU_Enable
 .text.HAL_MPU_Disable
                0x080eb990       0x40 ./Drivers/STM32H5xx_HAL_Driver/Src/stm32h5xx_hal_cortex.o
                0x080eb990                HAL_MPU_Disable
 .text.HAL_MPU_ConfigRegion
                0x080eb9d0       0x1c ./Drivers/STM32H5xx_HAL_Driver/Src/stm32h5xx_hal_cortex.o
                0x080eb9d0                HAL_MPU_ConfigRegion
 .text.HAL_MPU_ConfigMemoryAttributes
                0x080eb9ec       0x1c ./Drivers/STM32H5xx_HAL_Driver/Src/stm32h5xx_hal_cortex.o
                0x080eb9ec                HAL_MPU_ConfigMemoryAttributes
 .text.MPU_ConfigRegion
                0x080eba08       0x6e ./Drivers/STM32H5xx_HAL_Driver/Src/stm32h5xx_hal_cortex.o
 .text.MPU_ConfigMemoryAttributes
                0x080eba76       0x6c ./Drivers/STM32H5xx_HAL_Driver/Src/stm32h5xx_hal_cortex.o
 *fill*         0x080ebae2        0x2 
 .text.HAL_CRC_Init
                0x080ebae4       0xc8 ./Drivers/STM32H5xx_HAL_Driver/Src/stm32h5xx_hal_crc.o
                0x080ebae4                HAL_CRC_Init
 .text.HAL_CRC_DeInit
                0x080ebbac       0x5a ./Drivers/STM32H5xx_HAL_Driver/Src/stm32h5xx_hal_crc.o
                0x080ebbac                HAL_CRC_DeInit
 .text.HAL_CRC_Calculate
                0x080ebc06       0x98 ./Drivers/STM32H5xx_HAL_Driver/Src/stm32h5xx_hal_crc.o
                0x080ebc06                HAL_CRC_Calculate
 .text.CRC_Handle_8
                0x080ebc9e      0x120 ./Drivers/STM32H5xx_HAL_Driver/Src/stm32h5xx_hal_crc.o
 .text.CRC_Handle_16
                0x080ebdbe       0x74 ./Drivers/STM32H5xx_HAL_Driver/Src/stm32h5xx_hal_crc.o
 *fill*         0x080ebe32        0x2 
 .text.HAL_CRCEx_Polynomial_Set
                0x080ebe34      0x11c ./Drivers/STM32H5xx_HAL_Driver/Src/stm32h5xx_hal_crc_ex.o
                0x080ebe34                HAL_CRCEx_Polynomial_Set
 .text.HAL_DAC_Init
                0x080ebf50       0x44 ./Drivers/STM32H5xx_HAL_Driver/Src/stm32h5xx_hal_dac.o
                0x080ebf50                HAL_DAC_Init
 .text.HAL_DAC_ConfigChannel
                0x080ebf94      0x32c ./Drivers/STM32H5xx_HAL_Driver/Src/stm32h5xx_hal_dac.o
                0x080ebf94                HAL_DAC_ConfigChannel
 .text.HAL_DMA_Init
                0x080ec2c0      0x284 ./Drivers/STM32H5xx_HAL_Driver/Src/stm32h5xx_hal_dma.o
                0x080ec2c0                HAL_DMA_Init
 .text.HAL_DMA_IRQHandler
                0x080ec544      0x2c2 ./Drivers/STM32H5xx_HAL_Driver/Src/stm32h5xx_hal_dma.o
                0x080ec544                HAL_DMA_IRQHandler
 .text.HAL_DMA_ConfigChannelAttributes
                0x080ec806       0x78 ./Drivers/STM32H5xx_HAL_Driver/Src/stm32h5xx_hal_dma.o
                0x080ec806                HAL_DMA_ConfigChannelAttributes
 *fill*         0x080ec87e        0x2 
 .text.DMA_Init
                0x080ec880      0x508 ./Drivers/STM32H5xx_HAL_Driver/Src/stm32h5xx_hal_dma.o
 .text.HAL_DMAEx_List_Init
                0x080ecd88      0x258 ./Drivers/STM32H5xx_HAL_Driver/Src/stm32h5xx_hal_dma_ex.o
                0x080ecd88                HAL_DMAEx_List_Init
 .text.HAL_DMAEx_List_BuildNode
                0x080ecfe0       0x2c ./Drivers/STM32H5xx_HAL_Driver/Src/stm32h5xx_hal_dma_ex.o
                0x080ecfe0                HAL_DMAEx_List_BuildNode
 .text.HAL_DMAEx_List_InsertNode
                0x080ed00c      0x192 ./Drivers/STM32H5xx_HAL_Driver/Src/stm32h5xx_hal_dma_ex.o
                0x080ed00c                HAL_DMAEx_List_InsertNode
 .text.HAL_DMAEx_List_SetCircularMode
                0x080ed19e       0xc0 ./Drivers/STM32H5xx_HAL_Driver/Src/stm32h5xx_hal_dma_ex.o
                0x080ed19e                HAL_DMAEx_List_SetCircularMode
 *fill*         0x080ed25e        0x2 
 .text.HAL_DMAEx_List_LinkQ
                0x080ed260      0x138 ./Drivers/STM32H5xx_HAL_Driver/Src/stm32h5xx_hal_dma_ex.o
                0x080ed260                HAL_DMAEx_List_LinkQ
 .text.DMA_List_Init
                0x080ed398      0x2b0 ./Drivers/STM32H5xx_HAL_Driver/Src/stm32h5xx_hal_dma_ex.o
 .text.DMA_List_BuildNode
                0x080ed648      0x2c0 ./Drivers/STM32H5xx_HAL_Driver/Src/stm32h5xx_hal_dma_ex.o
 .text.DMA_List_CheckNodesBaseAddresses
                0x080ed908       0x60 ./Drivers/STM32H5xx_HAL_Driver/Src/stm32h5xx_hal_dma_ex.o
 .text.DMA_List_CheckNodesTypes
                0x080ed968       0x78 ./Drivers/STM32H5xx_HAL_Driver/Src/stm32h5xx_hal_dma_ex.o
 .text.DMA_List_GetCLLRNodeInfo
                0x080ed9e0       0x60 ./Drivers/STM32H5xx_HAL_Driver/Src/stm32h5xx_hal_dma_ex.o
 .text.DMA_List_FindNode
                0x080eda40      0x13e ./Drivers/STM32H5xx_HAL_Driver/Src/stm32h5xx_hal_dma_ex.o
 *fill*         0x080edb7e        0x2 
 .text.HAL_FDCAN_Init
                0x080edb80      0x2b4 ./Drivers/STM32H5xx_HAL_Driver/Src/stm32h5xx_hal_fdcan.o
                0x080edb80                HAL_FDCAN_Init
 .text.HAL_FDCAN_ConfigFilter
                0x080ede34       0xb4 ./Drivers/STM32H5xx_HAL_Driver/Src/stm32h5xx_hal_fdcan.o
                0x080ede34                HAL_FDCAN_ConfigFilter
 .text.HAL_FDCAN_ConfigGlobalFilter
                0x080edee8       0x62 ./Drivers/STM32H5xx_HAL_Driver/Src/stm32h5xx_hal_fdcan.o
                0x080edee8                HAL_FDCAN_ConfigGlobalFilter
 .text.HAL_FDCAN_Start
                0x080edf4a       0x50 ./Drivers/STM32H5xx_HAL_Driver/Src/stm32h5xx_hal_fdcan.o
                0x080edf4a                HAL_FDCAN_Start
 .text.HAL_FDCAN_AddMessageToTxFifoQ
                0x080edf9a       0x88 ./Drivers/STM32H5xx_HAL_Driver/Src/stm32h5xx_hal_fdcan.o
                0x080edf9a                HAL_FDCAN_AddMessageToTxFifoQ
 *fill*         0x080ee022        0x2 
 .text.HAL_FDCAN_GetRxMessage
                0x080ee024      0x210 ./Drivers/STM32H5xx_HAL_Driver/Src/stm32h5xx_hal_fdcan.o
                0x080ee024                HAL_FDCAN_GetRxMessage
 .text.HAL_FDCAN_GetRxFifoFillLevel
                0x080ee234       0x3c ./Drivers/STM32H5xx_HAL_Driver/Src/stm32h5xx_hal_fdcan.o
                0x080ee234                HAL_FDCAN_GetRxFifoFillLevel
 .text.HAL_FDCAN_GetTxFifoFreeLevel
                0x080ee270       0x24 ./Drivers/STM32H5xx_HAL_Driver/Src/stm32h5xx_hal_fdcan.o
                0x080ee270                HAL_FDCAN_GetTxFifoFreeLevel
 .text.HAL_FDCAN_ActivateNotification
                0x080ee294      0x1cc ./Drivers/STM32H5xx_HAL_Driver/Src/stm32h5xx_hal_fdcan.o
                0x080ee294                HAL_FDCAN_ActivateNotification
 .text.HAL_FDCAN_IRQHandler
                0x080ee460      0x266 ./Drivers/STM32H5xx_HAL_Driver/Src/stm32h5xx_hal_fdcan.o
                0x080ee460                HAL_FDCAN_IRQHandler
 .text.HAL_FDCAN_TxEventFifoCallback
                0x080ee6c6       0x16 ./Drivers/STM32H5xx_HAL_Driver/Src/stm32h5xx_hal_fdcan.o
                0x080ee6c6                HAL_FDCAN_TxEventFifoCallback
 .text.HAL_FDCAN_RxFifo1Callback
                0x080ee6dc       0x16 ./Drivers/STM32H5xx_HAL_Driver/Src/stm32h5xx_hal_fdcan.o
                0x080ee6dc                HAL_FDCAN_RxFifo1Callback
 .text.HAL_FDCAN_TxFifoEmptyCallback
                0x080ee6f2       0x14 ./Drivers/STM32H5xx_HAL_Driver/Src/stm32h5xx_hal_fdcan.o
                0x080ee6f2                HAL_FDCAN_TxFifoEmptyCallback
 .text.HAL_FDCAN_TxBufferCompleteCallback
                0x080ee706       0x16 ./Drivers/STM32H5xx_HAL_Driver/Src/stm32h5xx_hal_fdcan.o
                0x080ee706                HAL_FDCAN_TxBufferCompleteCallback
 .text.HAL_FDCAN_TxBufferAbortCallback
                0x080ee71c       0x16 ./Drivers/STM32H5xx_HAL_Driver/Src/stm32h5xx_hal_fdcan.o
                0x080ee71c                HAL_FDCAN_TxBufferAbortCallback
 .text.HAL_FDCAN_TimestampWraparoundCallback
                0x080ee732       0x14 ./Drivers/STM32H5xx_HAL_Driver/Src/stm32h5xx_hal_fdcan.o
                0x080ee732                HAL_FDCAN_TimestampWraparoundCallback
 .text.HAL_FDCAN_TimeoutOccurredCallback
                0x080ee746       0x14 ./Drivers/STM32H5xx_HAL_Driver/Src/stm32h5xx_hal_fdcan.o
                0x080ee746                HAL_FDCAN_TimeoutOccurredCallback
 .text.HAL_FDCAN_HighPriorityMessageCallback
                0x080ee75a       0x14 ./Drivers/STM32H5xx_HAL_Driver/Src/stm32h5xx_hal_fdcan.o
                0x080ee75a                HAL_FDCAN_HighPriorityMessageCallback
 .text.HAL_FDCAN_ErrorCallback
                0x080ee76e       0x14 ./Drivers/STM32H5xx_HAL_Driver/Src/stm32h5xx_hal_fdcan.o
                0x080ee76e                HAL_FDCAN_ErrorCallback
 .text.HAL_FDCAN_ErrorStatusCallback
                0x080ee782       0x16 ./Drivers/STM32H5xx_HAL_Driver/Src/stm32h5xx_hal_fdcan.o
                0x080ee782                HAL_FDCAN_ErrorStatusCallback
 .text.FDCAN_CalcultateRamBlockAddresses
                0x080ee798       0xc4 ./Drivers/STM32H5xx_HAL_Driver/Src/stm32h5xx_hal_fdcan.o
 .text.FDCAN_CopyMessageToRAM
                0x080ee85c       0xf8 ./Drivers/STM32H5xx_HAL_Driver/Src/stm32h5xx_hal_fdcan.o
 .text.HAL_FLASH_Program
                0x080ee954       0xf0 ./Drivers/STM32H5xx_HAL_Driver/Src/stm32h5xx_hal_flash.o
                0x080ee954                HAL_FLASH_Program
 .text.HAL_FLASH_Unlock
                0x080eea44       0x4c ./Drivers/STM32H5xx_HAL_Driver/Src/stm32h5xx_hal_flash.o
                0x080eea44                HAL_FLASH_Unlock
 .text.HAL_FLASH_Lock
                0x080eea90       0x38 ./Drivers/STM32H5xx_HAL_Driver/Src/stm32h5xx_hal_flash.o
                0x080eea90                HAL_FLASH_Lock
 .text.FLASH_WaitForLastOperation
                0x080eeac8       0x9c ./Drivers/STM32H5xx_HAL_Driver/Src/stm32h5xx_hal_flash.o
                0x080eeac8                FLASH_WaitForLastOperation
 .text.FLASH_Program_QuadWord
                0x080eeb64       0x78 ./Drivers/STM32H5xx_HAL_Driver/Src/stm32h5xx_hal_flash.o
 .text.FLASH_Program_QuadWord_OBK
                0x080eebdc       0x98 ./Drivers/STM32H5xx_HAL_Driver/Src/stm32h5xx_hal_flash.o
 .text.FLASH_Program_HalfWord
                0x080eec74       0x34 ./Drivers/STM32H5xx_HAL_Driver/Src/stm32h5xx_hal_flash.o
 .text.FLASH_Program_Word
                0x080eeca8       0x34 ./Drivers/STM32H5xx_HAL_Driver/Src/stm32h5xx_hal_flash.o
 .text.HAL_FLASHEx_Erase
                0x080eecdc      0x100 ./Drivers/STM32H5xx_HAL_Driver/Src/stm32h5xx_hal_flash_ex.o
                0x080eecdc                HAL_FLASHEx_Erase
 .text.FLASH_MassErase
                0x080eeddc       0x70 ./Drivers/STM32H5xx_HAL_Driver/Src/stm32h5xx_hal_flash_ex.o
 .text.FLASH_Erase_Sector
                0x080eee4c       0x70 ./Drivers/STM32H5xx_HAL_Driver/Src/stm32h5xx_hal_flash_ex.o
                0x080eee4c                FLASH_Erase_Sector
 .text.FLASH_OBKErase
                0x080eeebc       0x28 ./Drivers/STM32H5xx_HAL_Driver/Src/stm32h5xx_hal_flash_ex.o
 .text.HAL_GPIO_Init
                0x080eeee4      0x2bc ./Drivers/STM32H5xx_HAL_Driver/Src/stm32h5xx_hal_gpio.o
                0x080eeee4                HAL_GPIO_Init
 .text.HAL_GPIO_ReadPin
                0x080ef1a0       0x30 ./Drivers/STM32H5xx_HAL_Driver/Src/stm32h5xx_hal_gpio.o
                0x080ef1a0                HAL_GPIO_ReadPin
 .text.HAL_GPIO_WritePin
                0x080ef1d0       0x30 ./Drivers/STM32H5xx_HAL_Driver/Src/stm32h5xx_hal_gpio.o
                0x080ef1d0                HAL_GPIO_WritePin
 .text.HAL_ICACHE_ConfigAssociativityMode
                0x080ef200       0x40 ./Drivers/STM32H5xx_HAL_Driver/Src/stm32h5xx_hal_icache.o
                0x080ef200                HAL_ICACHE_ConfigAssociativityMode
 .text.HAL_ICACHE_Enable
                0x080ef240       0x20 ./Drivers/STM32H5xx_HAL_Driver/Src/stm32h5xx_hal_icache.o
                0x080ef240                HAL_ICACHE_Enable
 .text.HAL_PWREx_DisableUCPDDeadBattery
                0x080ef260       0x20 ./Drivers/STM32H5xx_HAL_Driver/Src/stm32h5xx_hal_pwr_ex.o
                0x080ef260                HAL_PWREx_DisableUCPDDeadBattery
 .text.HAL_RCC_OscConfig
                0x080ef280      0x870 ./Drivers/STM32H5xx_HAL_Driver/Src/stm32h5xx_hal_rcc.o
                0x080ef280                HAL_RCC_OscConfig
 .text.HAL_RCC_ClockConfig
                0x080efaf0      0x370 ./Drivers/STM32H5xx_HAL_Driver/Src/stm32h5xx_hal_rcc.o
                0x080efaf0                HAL_RCC_ClockConfig
 .text.HAL_RCC_GetSysClockFreq
                0x080efe60      0x258 ./Drivers/STM32H5xx_HAL_Driver/Src/stm32h5xx_hal_rcc.o
                0x080efe60                HAL_RCC_GetSysClockFreq
 .text.HAL_RCC_GetHCLKFreq
                0x080f00b8       0x38 ./Drivers/STM32H5xx_HAL_Driver/Src/stm32h5xx_hal_rcc.o
                0x080f00b8                HAL_RCC_GetHCLKFreq
 .text.HAL_RCCEx_PeriphCLKConfig
                0x080f00f0     0x1f14 ./Drivers/STM32H5xx_HAL_Driver/Src/stm32h5xx_hal_rcc_ex.o
                0x080f00f0                HAL_RCCEx_PeriphCLKConfig
 .text.RCCEx_PLL2_Config
                0x080f2004      0x130 ./Drivers/STM32H5xx_HAL_Driver/Src/stm32h5xx_hal_rcc_ex.o
 .text.RCCEx_PLL3_Config
                0x080f2134      0x130 ./Drivers/STM32H5xx_HAL_Driver/Src/stm32h5xx_hal_rcc_ex.o
 .text.HAL_SPI_Init
                0x080f2264      0x2e0 ./Drivers/STM32H5xx_HAL_Driver/Src/stm32h5xx_hal_spi.o
                0x080f2264                HAL_SPI_Init
 .text.SPI_GetPacketSize
                0x080f2544       0x36 ./Drivers/STM32H5xx_HAL_Driver/Src/stm32h5xx_hal_spi.o
 .text.HAL_TIM_Base_Init
                0x080f257a       0xae ./Drivers/STM32H5xx_HAL_Driver/Src/stm32h5xx_hal_tim.o
                0x080f257a                HAL_TIM_Base_Init
 .text.HAL_TIM_OC_Init
                0x080f2628       0xae ./Drivers/STM32H5xx_HAL_Driver/Src/stm32h5xx_hal_tim.o
                0x080f2628                HAL_TIM_OC_Init
 .text.HAL_TIM_OC_MspInit
                0x080f26d6       0x14 ./Drivers/STM32H5xx_HAL_Driver/Src/stm32h5xx_hal_tim.o
                0x080f26d6                HAL_TIM_OC_MspInit
 .text.HAL_TIM_PWM_Init
                0x080f26ea       0xae ./Drivers/STM32H5xx_HAL_Driver/Src/stm32h5xx_hal_tim.o
                0x080f26ea                HAL_TIM_PWM_Init
 .text.HAL_TIM_PWM_MspInit
                0x080f2798       0x14 ./Drivers/STM32H5xx_HAL_Driver/Src/stm32h5xx_hal_tim.o
                0x080f2798                HAL_TIM_PWM_MspInit
 .text.HAL_TIM_IC_Init
                0x080f27ac       0xae ./Drivers/STM32H5xx_HAL_Driver/Src/stm32h5xx_hal_tim.o
                0x080f27ac                HAL_TIM_IC_Init
 .text.HAL_TIM_IRQHandler
                0x080f285a      0x29e ./Drivers/STM32H5xx_HAL_Driver/Src/stm32h5xx_hal_tim.o
                0x080f285a                HAL_TIM_IRQHandler
 .text.HAL_TIM_OC_ConfigChannel
                0x080f2af8       0xf4 ./Drivers/STM32H5xx_HAL_Driver/Src/stm32h5xx_hal_tim.o
                0x080f2af8                HAL_TIM_OC_ConfigChannel
 .text.HAL_TIM_IC_ConfigChannel
                0x080f2bec      0x138 ./Drivers/STM32H5xx_HAL_Driver/Src/stm32h5xx_hal_tim.o
                0x080f2bec                HAL_TIM_IC_ConfigChannel
 .text.HAL_TIM_PWM_ConfigChannel
                0x080f2d24      0x228 ./Drivers/STM32H5xx_HAL_Driver/Src/stm32h5xx_hal_tim.o
                0x080f2d24                HAL_TIM_PWM_ConfigChannel
 .text.HAL_TIM_ConfigClockSource
                0x080f2f4c      0x23c ./Drivers/STM32H5xx_HAL_Driver/Src/stm32h5xx_hal_tim.o
                0x080f2f4c                HAL_TIM_ConfigClockSource
 .text.HAL_TIM_SlaveConfigSynchro
                0x080f3188       0x84 ./Drivers/STM32H5xx_HAL_Driver/Src/stm32h5xx_hal_tim.o
                0x080f3188                HAL_TIM_SlaveConfigSynchro
 .text.HAL_TIM_PeriodElapsedCallback
                0x080f320c       0x14 ./Drivers/STM32H5xx_HAL_Driver/Src/stm32h5xx_hal_tim.o
                0x080f320c                HAL_TIM_PeriodElapsedCallback
 .text.HAL_TIM_OC_DelayElapsedCallback
                0x080f3220       0x14 ./Drivers/STM32H5xx_HAL_Driver/Src/stm32h5xx_hal_tim.o
                0x080f3220                HAL_TIM_OC_DelayElapsedCallback
 .text.HAL_TIM_IC_CaptureCallback
                0x080f3234       0x14 ./Drivers/STM32H5xx_HAL_Driver/Src/stm32h5xx_hal_tim.o
                0x080f3234                HAL_TIM_IC_CaptureCallback
 .text.HAL_TIM_PWM_PulseFinishedCallback
                0x080f3248       0x14 ./Drivers/STM32H5xx_HAL_Driver/Src/stm32h5xx_hal_tim.o
                0x080f3248                HAL_TIM_PWM_PulseFinishedCallback
 .text.HAL_TIM_TriggerCallback
                0x080f325c       0x14 ./Drivers/STM32H5xx_HAL_Driver/Src/stm32h5xx_hal_tim.o
                0x080f325c                HAL_TIM_TriggerCallback
 .text.TIM_Base_SetConfig
                0x080f3270      0x254 ./Drivers/STM32H5xx_HAL_Driver/Src/stm32h5xx_hal_tim.o
                0x080f3270                TIM_Base_SetConfig
 .text.TIM_OC1_SetConfig
                0x080f34c4      0x184 ./Drivers/STM32H5xx_HAL_Driver/Src/stm32h5xx_hal_tim.o
 .text.TIM_OC2_SetConfig
                0x080f3648      0x160 ./Drivers/STM32H5xx_HAL_Driver/Src/stm32h5xx_hal_tim.o
                0x080f3648                TIM_OC2_SetConfig
 .text.TIM_OC3_SetConfig
                0x080f37a8      0x15c ./Drivers/STM32H5xx_HAL_Driver/Src/stm32h5xx_hal_tim.o
 .text.TIM_OC4_SetConfig
                0x080f3904      0x160 ./Drivers/STM32H5xx_HAL_Driver/Src/stm32h5xx_hal_tim.o
 .text.TIM_OC5_SetConfig
                0x080f3a64      0x104 ./Drivers/STM32H5xx_HAL_Driver/Src/stm32h5xx_hal_tim.o
 .text.TIM_OC6_SetConfig
                0x080f3b68      0x108 ./Drivers/STM32H5xx_HAL_Driver/Src/stm32h5xx_hal_tim.o
 .text.TIM_SlaveTimer_SetConfig
                0x080f3c70      0x1d0 ./Drivers/STM32H5xx_HAL_Driver/Src/stm32h5xx_hal_tim.o
 .text.TIM_TI1_SetConfig
                0x080f3e40      0x144 ./Drivers/STM32H5xx_HAL_Driver/Src/stm32h5xx_hal_tim.o
                0x080f3e40                TIM_TI1_SetConfig
 .text.TIM_TI1_ConfigInputStage
                0x080f3f84       0x5e ./Drivers/STM32H5xx_HAL_Driver/Src/stm32h5xx_hal_tim.o
 .text.TIM_TI2_SetConfig
                0x080f3fe2       0x7a ./Drivers/STM32H5xx_HAL_Driver/Src/stm32h5xx_hal_tim.o
 .text.TIM_TI2_ConfigInputStage
                0x080f405c       0x60 ./Drivers/STM32H5xx_HAL_Driver/Src/stm32h5xx_hal_tim.o
 .text.TIM_TI3_SetConfig
                0x080f40bc       0x78 ./Drivers/STM32H5xx_HAL_Driver/Src/stm32h5xx_hal_tim.o
 .text.TIM_TI4_SetConfig
                0x080f4134       0x7a ./Drivers/STM32H5xx_HAL_Driver/Src/stm32h5xx_hal_tim.o
 .text.TIM_ITRx_SetConfig
                0x080f41ae       0x3a ./Drivers/STM32H5xx_HAL_Driver/Src/stm32h5xx_hal_tim.o
 .text.TIM_ETR_SetConfig
                0x080f41e8       0x40 ./Drivers/STM32H5xx_HAL_Driver/Src/stm32h5xx_hal_tim.o
                0x080f41e8                TIM_ETR_SetConfig
 .text.HAL_TIMEx_MasterConfigSynchronization
                0x080f4228      0x1a0 ./Drivers/STM32H5xx_HAL_Driver/Src/stm32h5xx_hal_tim_ex.o
                0x080f4228                HAL_TIMEx_MasterConfigSynchronization
 .text.HAL_TIMEx_ConfigBreakDeadTime
                0x080f43c8      0x134 ./Drivers/STM32H5xx_HAL_Driver/Src/stm32h5xx_hal_tim_ex.o
                0x080f43c8                HAL_TIMEx_ConfigBreakDeadTime
 .text.HAL_TIMEx_CommutCallback
                0x080f44fc       0x14 ./Drivers/STM32H5xx_HAL_Driver/Src/stm32h5xx_hal_tim_ex.o
                0x080f44fc                HAL_TIMEx_CommutCallback
 .text.HAL_TIMEx_BreakCallback
                0x080f4510       0x14 ./Drivers/STM32H5xx_HAL_Driver/Src/stm32h5xx_hal_tim_ex.o
                0x080f4510                HAL_TIMEx_BreakCallback
 .text.HAL_TIMEx_Break2Callback
                0x080f4524       0x14 ./Drivers/STM32H5xx_HAL_Driver/Src/stm32h5xx_hal_tim_ex.o
                0x080f4524                HAL_TIMEx_Break2Callback
 .text.HAL_TIMEx_EncoderIndexCallback
                0x080f4538       0x14 ./Drivers/STM32H5xx_HAL_Driver/Src/stm32h5xx_hal_tim_ex.o
                0x080f4538                HAL_TIMEx_EncoderIndexCallback
 .text.HAL_TIMEx_DirectionChangeCallback
                0x080f454c       0x14 ./Drivers/STM32H5xx_HAL_Driver/Src/stm32h5xx_hal_tim_ex.o
                0x080f454c                HAL_TIMEx_DirectionChangeCallback
 .text.HAL_TIMEx_IndexErrorCallback
                0x080f4560       0x14 ./Drivers/STM32H5xx_HAL_Driver/Src/stm32h5xx_hal_tim_ex.o
                0x080f4560                HAL_TIMEx_IndexErrorCallback
 .text.HAL_TIMEx_TransitionErrorCallback
                0x080f4574       0x14 ./Drivers/STM32H5xx_HAL_Driver/Src/stm32h5xx_hal_tim_ex.o
                0x080f4574                HAL_TIMEx_TransitionErrorCallback
 .text.can_message_handler_init
                0x080f4588       0x84 ./services/can/can_message_handler.o
                0x080f4588                can_message_handler_init
 .text.can_message_handler_process_frame
                0x080f460c      0x124 ./services/can/can_message_handler.o
                0x080f460c                can_message_handler_process_frame
 .text.can_message_handler_ECU_status_periodic
                0x080f4730       0xb8 ./services/can/can_message_handler.o
 .text.can_message_handler_task
                0x080f47e8       0x4c ./services/can/can_message_handler.o
                0x080f47e8                can_message_handler_task
 .text.decrypt_chunk
                0x080f4834       0x28 ./services/fw-utils/bootloader/bootloader.o
 .text.clear_info
                0x080f485c       0x60 ./services/fw-utils/bootloader/bootloader.o
 .text.data_comm_write_func
                0x080f48bc      0x294 ./services/fw-utils/bootloader/bootloader.o
 .text.data_comm_finish_callback
                0x080f4b50      0x1b0 ./services/fw-utils/bootloader/bootloader.o
 .text.bootloader_app_status
                0x080f4d00       0x5c ./services/fw-utils/bootloader/bootloader.o
                0x080f4d00                bootloader_app_status
 .text.bootloader_init
                0x080f4d5c      0x1f8 ./services/fw-utils/bootloader/bootloader.o
                0x080f4d5c                bootloader_init
 .text.bootloader_tick
                0x080f4f54      0x41c ./services/fw-utils/bootloader/bootloader.o
                0x080f4f54                bootloader_tick
 .text.bootloader_rx_message_received
                0x080f5370       0x34 ./services/fw-utils/bootloader/bootloader.o
                0x080f5370                bootloader_rx_message_received
 .text.bootloader_start_app
                0x080f53a4       0x24 ./services/fw-utils/bootloader/bootloader.o
                0x080f53a4                bootloader_start_app
 .text.bootloader_stay
                0x080f53c8       0x24 ./services/fw-utils/bootloader/bootloader.o
                0x080f53c8                bootloader_stay
 .text.bootloader_get_installed_fw_version
                0x080f53ec       0x18 ./services/fw-utils/bootloader/bootloader.o
                0x080f53ec                bootloader_get_installed_fw_version
 .text.fw_verification_process_header
                0x080f5404       0x76 ./services/fw-utils/bootloader/fw_verification/fw_verification.o
                0x080f5404                fw_verification_process_header
 .text.fw_verification_process_init
                0x080f547a       0x52 ./services/fw-utils/bootloader/fw_verification/fw_verification.o
                0x080f547a                fw_verification_process_init
 .text.fw_verification_process_binary
                0x080f54cc       0xa4 ./services/fw-utils/bootloader/fw_verification/fw_verification.o
                0x080f54cc                fw_verification_process_binary
 .text.btea     0x080f5570      0x250 ./services/fw-utils/btea/btea.o
                0x080f5570                btea
 .text.set_state
                0x080f57c0       0x50 ./services/fw-utils/data_comm/data_comm_rx.o
 .text.check_delay
                0x080f5810       0x34 ./services/fw-utils/data_comm/data_comm_rx.o
 .text.check_timeout
                0x080f5844       0x2c ./services/fw-utils/data_comm/data_comm_rx.o
 .text.check_count
                0x080f5870       0x3e ./services/fw-utils/data_comm/data_comm_rx.o
 .text.request_burst
                0x080f58ae       0x36 ./services/fw-utils/data_comm/data_comm_rx.o
 .text.retry_burst
                0x080f58e4       0x3c ./services/fw-utils/data_comm/data_comm_rx.o
 .text.retry_full
                0x080f5920       0x40 ./services/fw-utils/data_comm/data_comm_rx.o
 .text.data_comm_rx_is_running
                0x080f5960       0x2c ./services/fw-utils/data_comm/data_comm_rx.o
                0x080f5960                data_comm_rx_is_running
 .text.data_comm_rx_is_receiving
                0x080f598c       0x22 ./services/fw-utils/data_comm/data_comm_rx.o
                0x080f598c                data_comm_rx_is_receiving
 *fill*         0x080f59ae        0x2 
 .text.data_comm_rx_tick
                0x080f59b0      0x5c8 ./services/fw-utils/data_comm/data_comm_rx.o
                0x080f59b0                data_comm_rx_tick
 .text.data_comm_rx_process_message
                0x080f5f78      0x30c ./services/fw-utils/data_comm/data_comm_rx.o
                0x080f5f78                data_comm_rx_process_message
 .text.data_comm_rx_start
                0x080f6284       0x60 ./services/fw-utils/data_comm/data_comm_rx.o
                0x080f6284                data_comm_rx_start
 .text.dummy_comm_log_func
                0x080f62e4       0x1a ./services/fw-utils/data_comm/data_comm_rx.o
 *fill*         0x080f62fe        0x2 
 .text.data_comm_rx_init
                0x080f6300       0xf8 ./services/fw-utils/data_comm/data_comm_rx.o
                0x080f6300                data_comm_rx_init
 .text.get_page
                0x080f63f8       0x24 ./services/fw-utils/nand_flash/nand_flash.o
 .text.check_erase
                0x080f641c      0x24c ./services/fw-utils/nand_flash/nand_flash.o
 .text.nand_write_erase
                0x080f6668      0x2f6 ./services/fw-utils/nand_flash/nand_flash.o
                0x080f6668                nand_write_erase
 .text.uECC_vli_clear
                0x080f695e       0x42 ./services/fw-utils/tinycrypt/lib/source/ecc.o
                0x080f695e                uECC_vli_clear
 .text.uECC_vli_isZero
                0x080f69a0       0x54 ./services/fw-utils/tinycrypt/lib/source/ecc.o
                0x080f69a0                uECC_vli_isZero
 .text.uECC_vli_testBit
                0x080f69f4       0x36 ./services/fw-utils/tinycrypt/lib/source/ecc.o
                0x080f69f4                uECC_vli_testBit
 .text.vli_numDigits
                0x080f6a2a       0x4a ./services/fw-utils/tinycrypt/lib/source/ecc.o
 .text.uECC_vli_numBits
                0x080f6a74       0x74 ./services/fw-utils/tinycrypt/lib/source/ecc.o
                0x080f6a74                uECC_vli_numBits
 .text.uECC_vli_set
                0x080f6ae8       0x4e ./services/fw-utils/tinycrypt/lib/source/ecc.o
                0x080f6ae8                uECC_vli_set
 .text.uECC_vli_cmp_unsafe
                0x080f6b36       0x78 ./services/fw-utils/tinycrypt/lib/source/ecc.o
                0x080f6b36                uECC_vli_cmp_unsafe
 .text.uECC_vli_equal
                0x080f6bae       0x64 ./services/fw-utils/tinycrypt/lib/source/ecc.o
                0x080f6bae                uECC_vli_equal
 .text.cond_set
                0x080f6c12       0x36 ./services/fw-utils/tinycrypt/lib/source/ecc.o
                0x080f6c12                cond_set
 .text.uECC_vli_sub
                0x080f6c48       0xa2 ./services/fw-utils/tinycrypt/lib/source/ecc.o
                0x080f6c48                uECC_vli_sub
 .text.uECC_vli_add
                0x080f6cea       0xa2 ./services/fw-utils/tinycrypt/lib/source/ecc.o
 .text.uECC_vli_rshift1
                0x080f6d8c       0x54 ./services/fw-utils/tinycrypt/lib/source/ecc.o
 .text.muladd   0x080f6de0       0xd4 ./services/fw-utils/tinycrypt/lib/source/ecc.o
 .text.uECC_vli_mult
                0x080f6eb4      0x140 ./services/fw-utils/tinycrypt/lib/source/ecc.o
 .text.uECC_vli_modAdd
                0x080f6ff4       0x4e ./services/fw-utils/tinycrypt/lib/source/ecc.o
                0x080f6ff4                uECC_vli_modAdd
 .text.uECC_vli_modSub
                0x080f7042       0x3a ./services/fw-utils/tinycrypt/lib/source/ecc.o
                0x080f7042                uECC_vli_modSub
 .text.uECC_vli_mmod
                0x080f707c      0x278 ./services/fw-utils/tinycrypt/lib/source/ecc.o
                0x080f707c                uECC_vli_mmod
 .text.uECC_vli_modMult
                0x080f72f4       0x36 ./services/fw-utils/tinycrypt/lib/source/ecc.o
                0x080f72f4                uECC_vli_modMult
 .text.uECC_vli_modMult_fast
                0x080f732a       0x38 ./services/fw-utils/tinycrypt/lib/source/ecc.o
                0x080f732a                uECC_vli_modMult_fast
 .text.uECC_vli_modSquare_fast
                0x080f7362       0x20 ./services/fw-utils/tinycrypt/lib/source/ecc.o
 .text.vli_modInv_update
                0x080f7382       0x70 ./services/fw-utils/tinycrypt/lib/source/ecc.o
 .text.uECC_vli_modInv
                0x080f73f2      0x1f2 ./services/fw-utils/tinycrypt/lib/source/ecc.o
                0x080f73f2                uECC_vli_modInv
 .text.double_jacobian_default
                0x080f75e4      0x1fe ./services/fw-utils/tinycrypt/lib/source/ecc.o
                0x080f75e4                double_jacobian_default
 .text.x_side_default
                0x080f77e2       0x76 ./services/fw-utils/tinycrypt/lib/source/ecc.o
                0x080f77e2                x_side_default
 .text.uECC_secp256r1
                0x080f7858       0x14 ./services/fw-utils/tinycrypt/lib/source/ecc.o
                0x080f7858                uECC_secp256r1
 .text.vli_mmod_fast_secp256r1
                0x080f786c      0x29c ./services/fw-utils/tinycrypt/lib/source/ecc.o
                0x080f786c                vli_mmod_fast_secp256r1
 .text.apply_z  0x080f7b08       0x50 ./services/fw-utils/tinycrypt/lib/source/ecc.o
                0x080f7b08                apply_z
 .text.XYcZ_add
                0x080f7b58      0x126 ./services/fw-utils/tinycrypt/lib/source/ecc.o
                0x080f7b58                XYcZ_add
 .text.uECC_vli_bytesToNative
                0x080f7c7e       0x80 ./services/fw-utils/tinycrypt/lib/source/ecc.o
                0x080f7c7e                uECC_vli_bytesToNative
 .text.bits2int
                0x080f7cfe       0xe2 ./services/fw-utils/tinycrypt/lib/source/ecc_dsa.o
 .text.smax     0x080f7de0       0x2c ./services/fw-utils/tinycrypt/lib/source/ecc_dsa.o
 .text.uECC_verify
                0x080f7e0c      0x5a2 ./services/fw-utils/tinycrypt/lib/source/ecc_dsa.o
                0x080f7e0c                uECC_verify
 *fill*         0x080f83ae        0x2 
 .text.tc_sha256_init
                0x080f83b0       0x78 ./services/fw-utils/tinycrypt/lib/source/sha256.o
                0x080f83b0                tc_sha256_init
 .text.tc_sha256_update
                0x080f8428       0x86 ./services/fw-utils/tinycrypt/lib/source/sha256.o
                0x080f8428                tc_sha256_update
 .text.tc_sha256_final
                0x080f84ae      0x1ea ./services/fw-utils/tinycrypt/lib/source/sha256.o
                0x080f84ae                tc_sha256_final
 .text.ROTR     0x080f8698       0x1e ./services/fw-utils/tinycrypt/lib/source/sha256.o
 .text.BigEndian
                0x080f86b6       0x66 ./services/fw-utils/tinycrypt/lib/source/sha256.o
 .text.compress
                0x080f871c      0x314 ./services/fw-utils/tinycrypt/lib/source/sha256.o
 .text._set     0x080f8a30       0x22 ./services/fw-utils/tinycrypt/lib/source/utils.o
                0x080f8a30                _set
 .text.buffer_append_uint24_little
                0x080f8a52       0x36 ./services/fw-utils/utils.o
                0x080f8a52                buffer_append_uint24_little
 .text.buffer_extract_uint24_little
                0x080f8a88       0x42 ./services/fw-utils/utils.o
                0x080f8a88                buffer_extract_uint24_little
 .text.calc_crc32
                0x080f8aca       0x6e ./services/fw-utils/utils.o
                0x080f8aca                calc_crc32
 .text.calc_crc16
                0x080f8b38       0x84 ./services/fw-utils/utils.o
                0x080f8b38                calc_crc16
 .text.mem_init
                0x080f8bbc       0x5c ./services/memory/mem.o
                0x080f8bbc                mem_init
 .text.mem_read
                0x080f8c18       0x3c ./services/memory/mem.o
                0x080f8c18                mem_read
 .text.mem_copy
                0x080f8c54       0x38 ./services/memory/mem.o
                0x080f8c54                mem_copy
 .text.mem_write
                0x080f8c8c       0x38 ./services/memory/mem.o
                0x080f8c8c                mem_write
 .text.sf_bootloader_hal_init
                0x080f8cc4       0x18 ./sf_hal_stm32h5/bootloader_hal/sf_bootloader_hal.o
                0x080f8cc4                sf_bootloader_hal_init
 .text.sf_bootloader_hal_jump_to_app
                0x080f8cdc       0x60 ./sf_hal_stm32h5/bootloader_hal/sf_bootloader_hal.o
                0x080f8cdc                sf_bootloader_hal_jump_to_app
 .text.sf_bootloader_hal_send_bootloader_message
                0x080f8d3c      0x12c ./sf_hal_stm32h5/bootloader_hal/sf_bootloader_hal.o
                0x080f8d3c                sf_bootloader_hal_send_bootloader_message
 .text.sf_bootloader_hal_log_func
                0x080f8e68       0x1a ./sf_hal_stm32h5/bootloader_hal/sf_bootloader_hal.o
                0x080f8e68                sf_bootloader_hal_log_func
 .text.sf_bootloader_hal_crc32_func
                0x080f8e82       0x1e ./sf_hal_stm32h5/bootloader_hal/sf_bootloader_hal.o
                0x080f8e82                sf_bootloader_hal_crc32_func
 .text.BYTE_TO_FDCAN_DLC
                0x080f8ea0      0x1a8 ./sf_hal_stm32h5/can_hal/sf_can_hal.o
 .text.sf_can_send_message
                0x080f9048      0x150 ./sf_hal_stm32h5/can_hal/sf_can_hal.o
                0x080f9048                sf_can_send_message
 .text.sf_can_configure_filters
                0x080f9198      0x128 ./sf_hal_stm32h5/can_hal/sf_can_hal.o
                0x080f9198                sf_can_configure_filters
 .text.sf_can_configure_general_filter
                0x080f92c0       0xc4 ./sf_hal_stm32h5/can_hal/sf_can_hal.o
                0x080f92c0                sf_can_configure_general_filter
 .text.sf_can_activate_notification
                0x080f9384       0x68 ./sf_hal_stm32h5/can_hal/sf_can_hal.o
                0x080f9384                sf_can_activate_notification
 .text.sf_can_start
                0x080f93ec       0x44 ./sf_hal_stm32h5/can_hal/sf_can_hal.o
                0x080f93ec                sf_can_start
 .text.HAL_FDCAN_RxFifo0Callback
                0x080f9430       0xc8 ./sf_hal_stm32h5/can_hal/sf_can_hal.o
                0x080f9430                HAL_FDCAN_RxFifo0Callback
 .text.sf_can_get_last_rx_filtered_message
                0x080f94f8       0xec ./sf_hal_stm32h5/can_hal/sf_can_hal.o
                0x080f94f8                sf_can_get_last_rx_filtered_message
 .text.sf_crc_init_crc32_deadbeef
                0x080f95e4       0x80 ./sf_hal_stm32h5/crc_hal/sf_crc_hal.o
                0x080f95e4                sf_crc_init_crc32_deadbeef
 .text.sf_crc_init_crc16_deadbeef
                0x080f9664       0x7c ./sf_hal_stm32h5/crc_hal/sf_crc_hal.o
                0x080f9664                sf_crc_init_crc16_deadbeef
 .text.sf_crc_compute
                0x080f96e0       0x24 ./sf_hal_stm32h5/crc_hal/sf_crc_hal.o
                0x080f96e0                sf_crc_compute
 .text.sf_crc_deinit
                0x080f9704       0x28 ./sf_hal_stm32h5/crc_hal/sf_crc_hal.o
                0x080f9704                sf_crc_deinit
 .text.sf_crc_compute_crc32_deadbeef
                0x080f972c       0x26 ./sf_hal_stm32h5/crc_hal/sf_crc_hal.o
                0x080f972c                sf_crc_compute_crc32_deadbeef
 .text.sf_crc_compute_crc16_deadbeef
                0x080f9752       0x28 ./sf_hal_stm32h5/crc_hal/sf_crc_hal.o
                0x080f9752                sf_crc_compute_crc16_deadbeef
 .text.sf_program_quad_aligned
                0x080f977a       0x3e ./sf_hal_stm32h5/flash_hal/sf_flash_hal.o
 .text.sf_update_span_no_erase
                0x080f97b8      0x114 ./sf_hal_stm32h5/flash_hal/sf_flash_hal.o
 .text.sf_flash_calc_bank
                0x080f98cc       0x16 ./sf_hal_stm32h5/flash_hal/sf_flash_hal.o
 .text.sf_flash_calc_sector_in_bank
                0x080f98e2       0x22 ./sf_hal_stm32h5/flash_hal/sf_flash_hal.o
 .text.sf_flash_get_page_index
                0x080f9904       0x90 ./sf_hal_stm32h5/flash_hal/sf_flash_hal.o
                0x080f9904                sf_flash_get_page_index
 .text.sf_flash_check
                0x080f9994       0x32 ./sf_hal_stm32h5/flash_hal/sf_flash_hal.o
                0x080f9994                sf_flash_check
 *fill*         0x080f99c6        0x2 
 .text.sf_flash_write
                0x080f99c8       0x94 ./sf_hal_stm32h5/flash_hal/sf_flash_hal.o
                0x080f99c8                sf_flash_write
 .text.sf_flash_read
                0x080f9a5c       0x78 ./sf_hal_stm32h5/flash_hal/sf_flash_hal.o
                0x080f9a5c                sf_flash_read
 .text.sf_flash_erase_page
                0x080f9ad4       0xd0 ./sf_hal_stm32h5/flash_hal/sf_flash_hal.o
                0x080f9ad4                sf_flash_erase_page
 .text.gpio_set
                0x080f9ba4       0x78 ./sf_hal_stm32h5/gpio_hal/sf_gpio_hal.o
                0x080f9ba4                gpio_set
 .text.gpio_clear
                0x080f9c1c       0x78 ./sf_hal_stm32h5/gpio_hal/sf_gpio_hal.o
                0x080f9c1c                gpio_clear
 .text.gpio_get
                0x080f9c94       0x84 ./sf_hal_stm32h5/gpio_hal/sf_gpio_hal.o
                0x080f9c94                gpio_get
 .text.get_1ms_counter
                0x080f9d18        0xe ./sf_hal_stm32h5/timer_hal/sf_timer_hal.o
                0x080f9d18                get_1ms_counter
 *fill*         0x080f9d26        0x2 
 .text.__assert_func
                0x080f9d28       0x3c C:/ST/STM32CubeIDE_1.14.1/STM32CubeIDE/plugins/com.st.stm32cube.ide.mcu.externaltools.gnu-tools-for-stm32.13.3.rel1.win32_1.0.0.202411081344/tools/bin/../lib/gcc/arm-none-eabi/13.3.1/../../../../arm-none-eabi/lib/thumb/v8-m.main+fp/hard\libc_nano.a(libc_a-assert.o)
                0x080f9d28                __assert_func
 .text.std      0x080f9d64       0x6c C:/ST/STM32CubeIDE_1.14.1/STM32CubeIDE/plugins/com.st.stm32cube.ide.mcu.externaltools.gnu-tools-for-stm32.13.3.rel1.win32_1.0.0.202411081344/tools/bin/../lib/gcc/arm-none-eabi/13.3.1/../../../../arm-none-eabi/lib/thumb/v8-m.main+fp/hard\libc_nano.a(libc_a-findfp.o)
 .text.stdio_exit_handler
                0x080f9dd0       0x18 C:/ST/STM32CubeIDE_1.14.1/STM32CubeIDE/plugins/com.st.stm32cube.ide.mcu.externaltools.gnu-tools-for-stm32.13.3.rel1.win32_1.0.0.202411081344/tools/bin/../lib/gcc/arm-none-eabi/13.3.1/../../../../arm-none-eabi/lib/thumb/v8-m.main+fp/hard\libc_nano.a(libc_a-findfp.o)
 .text.cleanup_stdio
                0x080f9de8       0x40 C:/ST/STM32CubeIDE_1.14.1/STM32CubeIDE/plugins/com.st.stm32cube.ide.mcu.externaltools.gnu-tools-for-stm32.13.3.rel1.win32_1.0.0.202411081344/tools/bin/../lib/gcc/arm-none-eabi/13.3.1/../../../../arm-none-eabi/lib/thumb/v8-m.main+fp/hard\libc_nano.a(libc_a-findfp.o)
 .text.global_stdio_init.part.0
                0x080f9e28       0x3c C:/ST/STM32CubeIDE_1.14.1/STM32CubeIDE/plugins/com.st.stm32cube.ide.mcu.externaltools.gnu-tools-for-stm32.13.3.rel1.win32_1.0.0.202411081344/tools/bin/../lib/gcc/arm-none-eabi/13.3.1/../../../../arm-none-eabi/lib/thumb/v8-m.main+fp/hard\libc_nano.a(libc_a-findfp.o)
 .text.__sfp_lock_acquire
                0x080f9e64        0xc C:/ST/STM32CubeIDE_1.14.1/STM32CubeIDE/plugins/com.st.stm32cube.ide.mcu.externaltools.gnu-tools-for-stm32.13.3.rel1.win32_1.0.0.202411081344/tools/bin/../lib/gcc/arm-none-eabi/13.3.1/../../../../arm-none-eabi/lib/thumb/v8-m.main+fp/hard\libc_nano.a(libc_a-findfp.o)
                0x080f9e64                __sfp_lock_acquire
 .text.__sfp_lock_release
                0x080f9e70        0xc C:/ST/STM32CubeIDE_1.14.1/STM32CubeIDE/plugins/com.st.stm32cube.ide.mcu.externaltools.gnu-tools-for-stm32.13.3.rel1.win32_1.0.0.202411081344/tools/bin/../lib/gcc/arm-none-eabi/13.3.1/../../../../arm-none-eabi/lib/thumb/v8-m.main+fp/hard\libc_nano.a(libc_a-findfp.o)
                0x080f9e70                __sfp_lock_release
 .text.__sinit  0x080f9e7c       0x30 C:/ST/STM32CubeIDE_1.14.1/STM32CubeIDE/plugins/com.st.stm32cube.ide.mcu.externaltools.gnu-tools-for-stm32.13.3.rel1.win32_1.0.0.202411081344/tools/bin/../lib/gcc/arm-none-eabi/13.3.1/../../../../arm-none-eabi/lib/thumb/v8-m.main+fp/hard\libc_nano.a(libc_a-findfp.o)
                0x080f9e7c                __sinit
 .text.fprintf  0x080f9eac       0x24 C:/ST/STM32CubeIDE_1.14.1/STM32CubeIDE/plugins/com.st.stm32cube.ide.mcu.externaltools.gnu-tools-for-stm32.13.3.rel1.win32_1.0.0.202411081344/tools/bin/../lib/gcc/arm-none-eabi/13.3.1/../../../../arm-none-eabi/lib/thumb/v8-m.main+fp/hard\libc_nano.a(libc_a-fprintf.o)
                0x080f9eac                fiprintf
                0x080f9eac                fprintf
 .text._fwalk_sglue
                0x080f9ed0       0x3c C:/ST/STM32CubeIDE_1.14.1/STM32CubeIDE/plugins/com.st.stm32cube.ide.mcu.externaltools.gnu-tools-for-stm32.13.3.rel1.win32_1.0.0.202411081344/tools/bin/../lib/gcc/arm-none-eabi/13.3.1/../../../../arm-none-eabi/lib/thumb/v8-m.main+fp/hard\libc_nano.a(libc_a-fwalk.o)
                0x080f9ed0                _fwalk_sglue
 .text.__sread  0x080f9f0c       0x22 C:/ST/STM32CubeIDE_1.14.1/STM32CubeIDE/plugins/com.st.stm32cube.ide.mcu.externaltools.gnu-tools-for-stm32.13.3.rel1.win32_1.0.0.202411081344/tools/bin/../lib/gcc/arm-none-eabi/13.3.1/../../../../arm-none-eabi/lib/thumb/v8-m.main+fp/hard\libc_nano.a(libc_a-stdio.o)
                0x080f9f0c                __sread
 .text.__swrite
                0x080f9f2e       0x38 C:/ST/STM32CubeIDE_1.14.1/STM32CubeIDE/plugins/com.st.stm32cube.ide.mcu.externaltools.gnu-tools-for-stm32.13.3.rel1.win32_1.0.0.202411081344/tools/bin/../lib/gcc/arm-none-eabi/13.3.1/../../../../arm-none-eabi/lib/thumb/v8-m.main+fp/hard\libc_nano.a(libc_a-stdio.o)
                0x080f9f2e                __swrite
 .text.__sseek  0x080f9f66       0x24 C:/ST/STM32CubeIDE_1.14.1/STM32CubeIDE/plugins/com.st.stm32cube.ide.mcu.externaltools.gnu-tools-for-stm32.13.3.rel1.win32_1.0.0.202411081344/tools/bin/../lib/gcc/arm-none-eabi/13.3.1/../../../../arm-none-eabi/lib/thumb/v8-m.main+fp/hard\libc_nano.a(libc_a-stdio.o)
                0x080f9f66                __sseek
 .text.__sclose
                0x080f9f8a        0x8 C:/ST/STM32CubeIDE_1.14.1/STM32CubeIDE/plugins/com.st.stm32cube.ide.mcu.externaltools.gnu-tools-for-stm32.13.3.rel1.win32_1.0.0.202411081344/tools/bin/../lib/gcc/arm-none-eabi/13.3.1/../../../../arm-none-eabi/lib/thumb/v8-m.main+fp/hard\libc_nano.a(libc_a-stdio.o)
                0x080f9f8a                __sclose
 .text.memcmp   0x080f9f92       0x20 C:/ST/STM32CubeIDE_1.14.1/STM32CubeIDE/plugins/com.st.stm32cube.ide.mcu.externaltools.gnu-tools-for-stm32.13.3.rel1.win32_1.0.0.202411081344/tools/bin/../lib/gcc/arm-none-eabi/13.3.1/../../../../arm-none-eabi/lib/thumb/v8-m.main+fp/hard\libc_nano.a(libc_a-memcmp.o)
                0x080f9f92                memcmp
 .text.memset   0x080f9fb2       0x10 C:/ST/STM32CubeIDE_1.14.1/STM32CubeIDE/plugins/com.st.stm32cube.ide.mcu.externaltools.gnu-tools-for-stm32.13.3.rel1.win32_1.0.0.202411081344/tools/bin/../lib/gcc/arm-none-eabi/13.3.1/../../../../arm-none-eabi/lib/thumb/v8-m.main+fp/hard\libc_nano.a(libc_a-memset.o)
                0x080f9fb2                memset
 *fill*         0x080f9fc2        0x2 
 .text._close_r
                0x080f9fc4       0x20 C:/ST/STM32CubeIDE_1.14.1/STM32CubeIDE/plugins/com.st.stm32cube.ide.mcu.externaltools.gnu-tools-for-stm32.13.3.rel1.win32_1.0.0.202411081344/tools/bin/../lib/gcc/arm-none-eabi/13.3.1/../../../../arm-none-eabi/lib/thumb/v8-m.main+fp/hard\libc_nano.a(libc_a-closer.o)
                0x080f9fc4                _close_r
 .text._lseek_r
                0x080f9fe4       0x24 C:/ST/STM32CubeIDE_1.14.1/STM32CubeIDE/plugins/com.st.stm32cube.ide.mcu.externaltools.gnu-tools-for-stm32.13.3.rel1.win32_1.0.0.202411081344/tools/bin/../lib/gcc/arm-none-eabi/13.3.1/../../../../arm-none-eabi/lib/thumb/v8-m.main+fp/hard\libc_nano.a(libc_a-lseekr.o)
                0x080f9fe4                _lseek_r
 .text._read_r  0x080fa008       0x24 C:/ST/STM32CubeIDE_1.14.1/STM32CubeIDE/plugins/com.st.stm32cube.ide.mcu.externaltools.gnu-tools-for-stm32.13.3.rel1.win32_1.0.0.202411081344/tools/bin/../lib/gcc/arm-none-eabi/13.3.1/../../../../arm-none-eabi/lib/thumb/v8-m.main+fp/hard\libc_nano.a(libc_a-readr.o)
                0x080fa008                _read_r
 .text._write_r
                0x080fa02c       0x24 C:/ST/STM32CubeIDE_1.14.1/STM32CubeIDE/plugins/com.st.stm32cube.ide.mcu.externaltools.gnu-tools-for-stm32.13.3.rel1.win32_1.0.0.202411081344/tools/bin/../lib/gcc/arm-none-eabi/13.3.1/../../../../arm-none-eabi/lib/thumb/v8-m.main+fp/hard\libc_nano.a(libc_a-writer.o)
                0x080fa02c                _write_r
 .text.__errno  0x080fa050        0xc C:/ST/STM32CubeIDE_1.14.1/STM32CubeIDE/plugins/com.st.stm32cube.ide.mcu.externaltools.gnu-tools-for-stm32.13.3.rel1.win32_1.0.0.202411081344/tools/bin/../lib/gcc/arm-none-eabi/13.3.1/../../../../arm-none-eabi/lib/thumb/v8-m.main+fp/hard\libc_nano.a(libc_a-errno.o)
                0x080fa050                __errno
 .text.__libc_init_array
                0x080fa05c       0x48 C:/ST/STM32CubeIDE_1.14.1/STM32CubeIDE/plugins/com.st.stm32cube.ide.mcu.externaltools.gnu-tools-for-stm32.13.3.rel1.win32_1.0.0.202411081344/tools/bin/../lib/gcc/arm-none-eabi/13.3.1/../../../../arm-none-eabi/lib/thumb/v8-m.main+fp/hard\libc_nano.a(libc_a-init.o)
                0x080fa05c                __libc_init_array
 .text.__retarget_lock_init_recursive
                0x080fa0a4        0x2 C:/ST/STM32CubeIDE_1.14.1/STM32CubeIDE/plugins/com.st.stm32cube.ide.mcu.externaltools.gnu-tools-for-stm32.13.3.rel1.win32_1.0.0.202411081344/tools/bin/../lib/gcc/arm-none-eabi/13.3.1/../../../../arm-none-eabi/lib/thumb/v8-m.main+fp/hard\libc_nano.a(libc_a-lock.o)
                0x080fa0a4                __retarget_lock_init_recursive
 .text.__retarget_lock_acquire_recursive
                0x080fa0a6        0x2 C:/ST/STM32CubeIDE_1.14.1/STM32CubeIDE/plugins/com.st.stm32cube.ide.mcu.externaltools.gnu-tools-for-stm32.13.3.rel1.win32_1.0.0.202411081344/tools/bin/../lib/gcc/arm-none-eabi/13.3.1/../../../../arm-none-eabi/lib/thumb/v8-m.main+fp/hard\libc_nano.a(libc_a-lock.o)
                0x080fa0a6                __retarget_lock_acquire_recursive
 .text.__retarget_lock_release_recursive
                0x080fa0a8        0x2 C:/ST/STM32CubeIDE_1.14.1/STM32CubeIDE/plugins/com.st.stm32cube.ide.mcu.externaltools.gnu-tools-for-stm32.13.3.rel1.win32_1.0.0.202411081344/tools/bin/../lib/gcc/arm-none-eabi/13.3.1/../../../../arm-none-eabi/lib/thumb/v8-m.main+fp/hard\libc_nano.a(libc_a-lock.o)
                0x080fa0a8                __retarget_lock_release_recursive
 .text.memcpy   0x080fa0aa       0x1a C:/ST/STM32CubeIDE_1.14.1/STM32CubeIDE/plugins/com.st.stm32cube.ide.mcu.externaltools.gnu-tools-for-stm32.13.3.rel1.win32_1.0.0.202411081344/tools/bin/../lib/gcc/arm-none-eabi/13.3.1/../../../../arm-none-eabi/lib/thumb/v8-m.main+fp/hard\libc_nano.a(libc_a-memcpy-stub.o)
                0x080fa0aa                memcpy
 .text.abort    0x080fa0c4        0xe C:/ST/STM32CubeIDE_1.14.1/STM32CubeIDE/plugins/com.st.stm32cube.ide.mcu.externaltools.gnu-tools-for-stm32.13.3.rel1.win32_1.0.0.202411081344/tools/bin/../lib/gcc/arm-none-eabi/13.3.1/../../../../arm-none-eabi/lib/thumb/v8-m.main+fp/hard\libc_nano.a(libc_a-abort.o)
                0x080fa0c4                abort
 *fill*         0x080fa0d2        0x2 
 .text._free_r  0x080fa0d4       0x94 C:/ST/STM32CubeIDE_1.14.1/STM32CubeIDE/plugins/com.st.stm32cube.ide.mcu.externaltools.gnu-tools-for-stm32.13.3.rel1.win32_1.0.0.202411081344/tools/bin/../lib/gcc/arm-none-eabi/13.3.1/../../../../arm-none-eabi/lib/thumb/v8-m.main+fp/hard\libc_nano.a(libc_a-freer.o)
                0x080fa0d4                _free_r
 .text.sbrk_aligned
                0x080fa168       0x44 C:/ST/STM32CubeIDE_1.14.1/STM32CubeIDE/plugins/com.st.stm32cube.ide.mcu.externaltools.gnu-tools-for-stm32.13.3.rel1.win32_1.0.0.202411081344/tools/bin/../lib/gcc/arm-none-eabi/13.3.1/../../../../arm-none-eabi/lib/thumb/v8-m.main+fp/hard\libc_nano.a(libc_a-mallocr.o)
 .text._malloc_r
                0x080fa1ac      0x100 C:/ST/STM32CubeIDE_1.14.1/STM32CubeIDE/plugins/com.st.stm32cube.ide.mcu.externaltools.gnu-tools-for-stm32.13.3.rel1.win32_1.0.0.202411081344/tools/bin/../lib/gcc/arm-none-eabi/13.3.1/../../../../arm-none-eabi/lib/thumb/v8-m.main+fp/hard\libc_nano.a(libc_a-mallocr.o)
                0x080fa1ac                _malloc_r
 .text.__malloc_lock
                0x080fa2ac        0xc C:/ST/STM32CubeIDE_1.14.1/STM32CubeIDE/plugins/com.st.stm32cube.ide.mcu.externaltools.gnu-tools-for-stm32.13.3.rel1.win32_1.0.0.202411081344/tools/bin/../lib/gcc/arm-none-eabi/13.3.1/../../../../arm-none-eabi/lib/thumb/v8-m.main+fp/hard\libc_nano.a(libc_a-mlock.o)
                0x080fa2ac                __malloc_lock
 .text.__malloc_unlock
                0x080fa2b8        0xc C:/ST/STM32CubeIDE_1.14.1/STM32CubeIDE/plugins/com.st.stm32cube.ide.mcu.externaltools.gnu-tools-for-stm32.13.3.rel1.win32_1.0.0.202411081344/tools/bin/../lib/gcc/arm-none-eabi/13.3.1/../../../../arm-none-eabi/lib/thumb/v8-m.main+fp/hard\libc_nano.a(libc_a-mlock.o)
                0x080fa2b8                __malloc_unlock
 .text.__sfputc_r
                0x080fa2c4       0x2e C:/ST/STM32CubeIDE_1.14.1/STM32CubeIDE/plugins/com.st.stm32cube.ide.mcu.externaltools.gnu-tools-for-stm32.13.3.rel1.win32_1.0.0.202411081344/tools/bin/../lib/gcc/arm-none-eabi/13.3.1/../../../../arm-none-eabi/lib/thumb/v8-m.main+fp/hard\libc_nano.a(libc_a-nano-vfprintf.o)
 .text.__sfputs_r
                0x080fa2f2       0x24 C:/ST/STM32CubeIDE_1.14.1/STM32CubeIDE/plugins/com.st.stm32cube.ide.mcu.externaltools.gnu-tools-for-stm32.13.3.rel1.win32_1.0.0.202411081344/tools/bin/../lib/gcc/arm-none-eabi/13.3.1/../../../../arm-none-eabi/lib/thumb/v8-m.main+fp/hard\libc_nano.a(libc_a-nano-vfprintf.o)
                0x080fa2f2                __sfputs_r
 *fill*         0x080fa316        0x2 
 .text._vfprintf_r
                0x080fa318      0x230 C:/ST/STM32CubeIDE_1.14.1/STM32CubeIDE/plugins/com.st.stm32cube.ide.mcu.externaltools.gnu-tools-for-stm32.13.3.rel1.win32_1.0.0.202411081344/tools/bin/../lib/gcc/arm-none-eabi/13.3.1/../../../../arm-none-eabi/lib/thumb/v8-m.main+fp/hard\libc_nano.a(libc_a-nano-vfprintf.o)
                0x080fa318                _vfprintf_r
                0x080fa318                _vfiprintf_r
 .text._printf_common
                0x080fa548       0xe4 C:/ST/STM32CubeIDE_1.14.1/STM32CubeIDE/plugins/com.st.stm32cube.ide.mcu.externaltools.gnu-tools-for-stm32.13.3.rel1.win32_1.0.0.202411081344/tools/bin/../lib/gcc/arm-none-eabi/13.3.1/../../../../arm-none-eabi/lib/thumb/v8-m.main+fp/hard\libc_nano.a(libc_a-nano-vfprintf_i.o)
                0x080fa548                _printf_common
 .text._printf_i
                0x080fa62c      0x23c C:/ST/STM32CubeIDE_1.14.1/STM32CubeIDE/plugins/com.st.stm32cube.ide.mcu.externaltools.gnu-tools-for-stm32.13.3.rel1.win32_1.0.0.202411081344/tools/bin/../lib/gcc/arm-none-eabi/13.3.1/../../../../arm-none-eabi/lib/thumb/v8-m.main+fp/hard\libc_nano.a(libc_a-nano-vfprintf_i.o)
                0x080fa62c                _printf_i
 .text.__sflush_r
                0x080fa868      0x108 C:/ST/STM32CubeIDE_1.14.1/STM32CubeIDE/plugins/com.st.stm32cube.ide.mcu.externaltools.gnu-tools-for-stm32.13.3.rel1.win32_1.0.0.202411081344/tools/bin/../lib/gcc/arm-none-eabi/13.3.1/../../../../arm-none-eabi/lib/thumb/v8-m.main+fp/hard\libc_nano.a(libc_a-fflush.o)
                0x080fa868                __sflush_r
 .text._fflush_r
                0x080fa970       0x50 C:/ST/STM32CubeIDE_1.14.1/STM32CubeIDE/plugins/com.st.stm32cube.ide.mcu.externaltools.gnu-tools-for-stm32.13.3.rel1.win32_1.0.0.202411081344/tools/bin/../lib/gcc/arm-none-eabi/13.3.1/../../../../arm-none-eabi/lib/thumb/v8-m.main+fp/hard\libc_nano.a(libc_a-fflush.o)
                0x080fa970                _fflush_r
 .text.__swbuf_r
                0x080fa9c0       0x7c C:/ST/STM32CubeIDE_1.14.1/STM32CubeIDE/plugins/com.st.stm32cube.ide.mcu.externaltools.gnu-tools-for-stm32.13.3.rel1.win32_1.0.0.202411081344/tools/bin/../lib/gcc/arm-none-eabi/13.3.1/../../../../arm-none-eabi/lib/thumb/v8-m.main+fp/hard\libc_nano.a(libc_a-wbuf.o)
                0x080fa9c0                __swbuf_r
 .text.__swsetup_r
                0x080faa3c       0xac C:/ST/STM32CubeIDE_1.14.1/STM32CubeIDE/plugins/com.st.stm32cube.ide.mcu.externaltools.gnu-tools-for-stm32.13.3.rel1.win32_1.0.0.202411081344/tools/bin/../lib/gcc/arm-none-eabi/13.3.1/../../../../arm-none-eabi/lib/thumb/v8-m.main+fp/hard\libc_nano.a(libc_a-wsetup.o)
                0x080faa3c                __swsetup_r
 .text._raise_r
                0x080faae8       0x50 C:/ST/STM32CubeIDE_1.14.1/STM32CubeIDE/plugins/com.st.stm32cube.ide.mcu.externaltools.gnu-tools-for-stm32.13.3.rel1.win32_1.0.0.202411081344/tools/bin/../lib/gcc/arm-none-eabi/13.3.1/../../../../arm-none-eabi/lib/thumb/v8-m.main+fp/hard\libc_nano.a(libc_a-signal.o)
                0x080faae8                _raise_r
 .text.raise    0x080fab38       0x10 C:/ST/STM32CubeIDE_1.14.1/STM32CubeIDE/plugins/com.st.stm32cube.ide.mcu.externaltools.gnu-tools-for-stm32.13.3.rel1.win32_1.0.0.202411081344/tools/bin/../lib/gcc/arm-none-eabi/13.3.1/../../../../arm-none-eabi/lib/thumb/v8-m.main+fp/hard\libc_nano.a(libc_a-signal.o)
                0x080fab38                raise
 .text._kill_r  0x080fab48       0x24 C:/ST/STM32CubeIDE_1.14.1/STM32CubeIDE/plugins/com.st.stm32cube.ide.mcu.externaltools.gnu-tools-for-stm32.13.3.rel1.win32_1.0.0.202411081344/tools/bin/../lib/gcc/arm-none-eabi/13.3.1/../../../../arm-none-eabi/lib/thumb/v8-m.main+fp/hard\libc_nano.a(libc_a-signalr.o)
                0x080fab48                _kill_r
 .text._getpid_r
                0x080fab6c        0x4 C:/ST/STM32CubeIDE_1.14.1/STM32CubeIDE/plugins/com.st.stm32cube.ide.mcu.externaltools.gnu-tools-for-stm32.13.3.rel1.win32_1.0.0.202411081344/tools/bin/../lib/gcc/arm-none-eabi/13.3.1/../../../../arm-none-eabi/lib/thumb/v8-m.main+fp/hard\libc_nano.a(libc_a-signalr.o)
                0x080fab6c                _getpid_r
 .text._sbrk_r  0x080fab70       0x20 C:/ST/STM32CubeIDE_1.14.1/STM32CubeIDE/plugins/com.st.stm32cube.ide.mcu.externaltools.gnu-tools-for-stm32.13.3.rel1.win32_1.0.0.202411081344/tools/bin/../lib/gcc/arm-none-eabi/13.3.1/../../../../arm-none-eabi/lib/thumb/v8-m.main+fp/hard\libc_nano.a(libc_a-sbrkr.o)
                0x080fab70                _sbrk_r
 .text.memchr   0x080fab90       0x1c C:/ST/STM32CubeIDE_1.14.1/STM32CubeIDE/plugins/com.st.stm32cube.ide.mcu.externaltools.gnu-tools-for-stm32.13.3.rel1.win32_1.0.0.202411081344/tools/bin/../lib/gcc/arm-none-eabi/13.3.1/../../../../arm-none-eabi/lib/thumb/v8-m.main+fp/hard\libc_nano.a(libc_a-memchr-stub.o)
                0x080fab90                memchr
 .text.__swhatbuf_r
                0x080fabac       0x4a C:/ST/STM32CubeIDE_1.14.1/STM32CubeIDE/plugins/com.st.stm32cube.ide.mcu.externaltools.gnu-tools-for-stm32.13.3.rel1.win32_1.0.0.202411081344/tools/bin/../lib/gcc/arm-none-eabi/13.3.1/../../../../arm-none-eabi/lib/thumb/v8-m.main+fp/hard\libc_nano.a(libc_a-makebuf.o)
                0x080fabac                __swhatbuf_r
 .text.__smakebuf_r
                0x080fabf6       0x78 C:/ST/STM32CubeIDE_1.14.1/STM32CubeIDE/plugins/com.st.stm32cube.ide.mcu.externaltools.gnu-tools-for-stm32.13.3.rel1.win32_1.0.0.202411081344/tools/bin/../lib/gcc/arm-none-eabi/13.3.1/../../../../arm-none-eabi/lib/thumb/v8-m.main+fp/hard\libc_nano.a(libc_a-makebuf.o)
                0x080fabf6                __smakebuf_r
 *fill*         0x080fac6e        0x2 
 .text._fstat_r
                0x080fac70       0x24 C:/ST/STM32CubeIDE_1.14.1/STM32CubeIDE/plugins/com.st.stm32cube.ide.mcu.externaltools.gnu-tools-for-stm32.13.3.rel1.win32_1.0.0.202411081344/tools/bin/../lib/gcc/arm-none-eabi/13.3.1/../../../../arm-none-eabi/lib/thumb/v8-m.main+fp/hard\libc_nano.a(libc_a-fstatr.o)
                0x080fac70                _fstat_r
 .text._isatty_r
                0x080fac94       0x20 C:/ST/STM32CubeIDE_1.14.1/STM32CubeIDE/plugins/com.st.stm32cube.ide.mcu.externaltools.gnu-tools-for-stm32.13.3.rel1.win32_1.0.0.202411081344/tools/bin/../lib/gcc/arm-none-eabi/13.3.1/../../../../arm-none-eabi/lib/thumb/v8-m.main+fp/hard\libc_nano.a(libc_a-isattyr.o)
                0x080fac94                _isatty_r
 *(.glue_7)
 .glue_7        0x080facb4        0x0 linker stubs
 *(.glue_7t)
 .glue_7t       0x080facb4        0x0 linker stubs
 *(.eh_frame)
 .eh_frame      0x080facb4        0x0 C:/ST/STM32CubeIDE_1.14.1/STM32CubeIDE/plugins/com.st.stm32cube.ide.mcu.externaltools.gnu-tools-for-stm32.13.3.rel1.win32_1.0.0.202411081344/tools/bin/../lib/gcc/arm-none-eabi/13.3.1/thumb/v8-m.main+fp/hard/crtbegin.o
 *(.init)
 .init          0x080facb4        0x4 C:/ST/STM32CubeIDE_1.14.1/STM32CubeIDE/plugins/com.st.stm32cube.ide.mcu.externaltools.gnu-tools-for-stm32.13.3.rel1.win32_1.0.0.202411081344/tools/bin/../lib/gcc/arm-none-eabi/13.3.1/thumb/v8-m.main+fp/hard/crti.o
                0x080facb4                _init
 .init          0x080facb8        0x8 C:/ST/STM32CubeIDE_1.14.1/STM32CubeIDE/plugins/com.st.stm32cube.ide.mcu.externaltools.gnu-tools-for-stm32.13.3.rel1.win32_1.0.0.202411081344/tools/bin/../lib/gcc/arm-none-eabi/13.3.1/thumb/v8-m.main+fp/hard/crtn.o
 *(.fini)
 .fini          0x080facc0        0x4 C:/ST/STM32CubeIDE_1.14.1/STM32CubeIDE/plugins/com.st.stm32cube.ide.mcu.externaltools.gnu-tools-for-stm32.13.3.rel1.win32_1.0.0.202411081344/tools/bin/../lib/gcc/arm-none-eabi/13.3.1/thumb/v8-m.main+fp/hard/crti.o
                0x080facc0                _fini
 .fini          0x080facc4        0x8 C:/ST/STM32CubeIDE_1.14.1/STM32CubeIDE/plugins/com.st.stm32cube.ide.mcu.externaltools.gnu-tools-for-stm32.13.3.rel1.win32_1.0.0.202411081344/tools/bin/../lib/gcc/arm-none-eabi/13.3.1/thumb/v8-m.main+fp/hard/crtn.o
                0x080faccc                        . = ALIGN (0x4)
                0x080faccc                        _etext = .

.vfp11_veneer   0x080faccc        0x0
 .vfp11_veneer  0x080faccc        0x0 linker stubs

.v4_bx          0x080faccc        0x0
 .v4_bx         0x080faccc        0x0 linker stubs

.iplt           0x080faccc        0x0
 .iplt          0x080faccc        0x0 C:/ST/STM32CubeIDE_1.14.1/STM32CubeIDE/plugins/com.st.stm32cube.ide.mcu.externaltools.gnu-tools-for-stm32.13.3.rel1.win32_1.0.0.202411081344/tools/bin/../lib/gcc/arm-none-eabi/13.3.1/thumb/v8-m.main+fp/hard/crtbegin.o

.rodata         0x080faccc      0x618
                0x080faccc                        . = ALIGN (0x4)
 *(.rodata)
 .rodata        0x080faccc       0x20 ./Core/Src/main.o
 .rodata        0x080facec       0x28 ./services/can/can_message_handler.o
 .rodata        0x080fad14      0x16a ./services/fw-utils/bootloader/bootloader.o
 *fill*         0x080fae7e        0x2 
 .rodata        0x080fae80       0xbe ./services/fw-utils/data_comm/data_comm_rx.o
 *(.rodata*)
 *fill*         0x080faf3e        0x2 
 .rodata.public_key
                0x080faf40       0x40 ./Core/Src/main.o
                0x080faf40                public_key
 .rodata.btea_key
                0x080faf80       0x10 ./Core/Src/main.o
                0x080faf80                btea_key
 .rodata.bootloader_config
                0x080faf90       0x44 ./Core/Src/main.o
                0x080faf90                bootloader_config
 .rodata.AHBPrescTable
                0x080fafd4       0x10 ./Core/Src/system_stm32h5xx.o
                0x080fafd4                AHBPrescTable
 .rodata.DLCtoBytes
                0x080fafe4       0x10 ./Drivers/STM32H5xx_HAL_Driver/Src/stm32h5xx_hal_fdcan.o
 .rodata.data_comm_config
                0x080faff4       0x30 ./services/fw-utils/bootloader/bootloader.o
                0x080faff4                data_comm_config
 .rodata.__func__.0
                0x080fb024       0x10 ./services/fw-utils/bootloader/bootloader.o
 .rodata.__func__.3
                0x080fb034        0xa ./services/fw-utils/data_comm/data_comm_rx.o
 *fill*         0x080fb03e        0x2 
 .rodata.__func__.2
                0x080fb040       0x12 ./services/fw-utils/data_comm/data_comm_rx.o
 *fill*         0x080fb052        0x2 
 .rodata.__func__.1
                0x080fb054       0x1d ./services/fw-utils/data_comm/data_comm_rx.o
 *fill*         0x080fb071        0x3 
 .rodata.__func__.0
                0x080fb074       0x13 ./services/fw-utils/data_comm/data_comm_rx.o
 *fill*         0x080fb087        0x1 
 .rodata.curve_secp256r1
                0x080fb088       0xb0 ./services/fw-utils/tinycrypt/lib/source/ecc.o
 .rodata.k256   0x080fb138      0x100 ./services/fw-utils/tinycrypt/lib/source/sha256.o
 .rodata.gpio_port_list
                0x080fb238       0x1c ./sf_hal_stm32h5/gpio_hal/sf_gpio_hal.o
                0x080fb238                gpio_port_list
 .rodata.gpio_pin_list
                0x080fb254       0x20 ./sf_hal_stm32h5/gpio_hal/sf_gpio_hal.o
                0x080fb254                gpio_pin_list
 .rodata.__assert_func.str1.1
                0x080fb274       0x6f C:/ST/STM32CubeIDE_1.14.1/STM32CubeIDE/plugins/com.st.stm32cube.ide.mcu.externaltools.gnu-tools-for-stm32.13.3.rel1.win32_1.0.0.202411081344/tools/bin/../lib/gcc/arm-none-eabi/13.3.1/../../../../arm-none-eabi/lib/thumb/v8-m.main+fp/hard\libc_nano.a(libc_a-assert.o)
                                 0x3d (size before relaxing)
 .rodata._vfprintf_r.str1.1
                0x080fb2e3       0x11 C:/ST/STM32CubeIDE_1.14.1/STM32CubeIDE/plugins/com.st.stm32cube.ide.mcu.externaltools.gnu-tools-for-stm32.13.3.rel1.win32_1.0.0.202411081344/tools/bin/../lib/gcc/arm-none-eabi/13.3.1/../../../../arm-none-eabi/lib/thumb/v8-m.main+fp/hard\libc_nano.a(libc_a-nano-vfprintf.o)
 .rodata._printf_i.str1.1
                0x080fb2e3       0x22 C:/ST/STM32CubeIDE_1.14.1/STM32CubeIDE/plugins/com.st.stm32cube.ide.mcu.externaltools.gnu-tools-for-stm32.13.3.rel1.win32_1.0.0.202411081344/tools/bin/../lib/gcc/arm-none-eabi/13.3.1/../../../../arm-none-eabi/lib/thumb/v8-m.main+fp/hard\libc_nano.a(libc_a-nano-vfprintf_i.o)
                0x080fb308                        . = ALIGN (0x4)
 *fill*         0x080fb2e3        0x1 

.ARM.extab      0x080fb2e4        0x0
                0x080fb2e4                        . = ALIGN (0x4)
 *(.ARM.extab* .gnu.linkonce.armextab.*)
                0x080fb2e4                        . = ALIGN (0x4)

.ARM            0x080fb2e4        0x0
                0x080fb2e4                        . = ALIGN (0x4)
                0x080fb2e4                        __exidx_start = .
 *(.ARM.exidx*)
                0x080fb2e4                        __exidx_end = .
                0x080fb2e4                        . = ALIGN (0x4)

.preinit_array  0x080fb2e4        0x0
                0x080fb2e4                        . = ALIGN (0x4)