../Core/Src/tim.c:38:6:MX_TIM1_Init	120	static
../Core/Src/tim.c:126:6:MX_TIM3_Init	88	static
../Core/Src/tim.c:188:6:MX_TIM4_Init	88	static
../Core/Src/tim.c:250:6:MX_TIM8_Init	136	static
../Core/Src/tim.c:345:6:MX_TIM13_Init	8	static
../Core/Src/tim.c:371:6:MX_TIM14_Init	8	static
../Core/Src/tim.c:397:6:MX_TIM15_Init	40	static
../Core/Src/tim.c:441:6:MX_TIM16_Init	88	static
../Core/Src/tim.c:499:6:MX_TIM17_Init	8	static
../Core/Src/tim.c:526:6:HAL_TIM_Base_MspInit	48	static
../Core/Src/tim.c:627:6:HAL_TIM_IC_MspInit	48	static
../Core/Src/tim.c:655:6:HAL_TIM_MspPostInit	56	static
../Core/Src/tim.c:766:6:HAL_TIM_Base_MspDeInit	16	static
../Core/Src/tim.c:865:6:HAL_TIM_IC_MspDeInit	16	static
